Archive member included because of file (symbol)

/usr/lib/gcc/avr/4.8.1/avr5/libgcc.a(_udivmodqi4.o)
                              obj/Release/lockers.o (__udivmodqi4)
/usr/lib/gcc/avr/4.8.1/avr5/libgcc.a(_udivmodhi4.o)
                              obj/Release/i2c.o (__udivmodhi4)
/usr/lib/gcc/avr/4.8.1/avr5/libgcc.a(_divmodhi4.o)
                              obj/Release/main.o (__divmodhi4)
/usr/lib/gcc/avr/4.8.1/avr5/libgcc.a(_udivmodsi4.o)
                              obj/Release/uart.o (__udivmodsi4)
/usr/lib/gcc/avr/4.8.1/avr5/libgcc.a(_exit.o)
                              /usr/lib/gcc/avr/4.8.1/../../../avr/lib/avr5/crtm32.o (exit)
/usr/lib/gcc/avr/4.8.1/avr5/libgcc.a(_copy_data.o)
                              obj/Release/lockers.o (__do_copy_data)
/usr/lib/gcc/avr/4.8.1/avr5/libgcc.a(_clear_bss.o)
                              obj/Release/HD44780.o (__do_clear_bss)
/usr/lib/gcc/avr/4.8.1/avr5/libgcc.a(_muluhisi3.o)
                              obj/Release/main.o (__muluhisi3)
/usr/lib/gcc/avr/4.8.1/avr5/libgcc.a(_umulhisi3.o)
                              /usr/lib/gcc/avr/4.8.1/avr5/libgcc.a(_muluhisi3.o) (__umulhisi3)
/usr/lib/gcc/avr/4.8.1/../../../avr/lib/avr5/libm.a(addsf3.o)
                              obj/Release/main.o (__subsf3)
/usr/lib/gcc/avr/4.8.1/../../../avr/lib/avr5/libm.a(addsf3x.o)
                              /usr/lib/gcc/avr/4.8.1/../../../avr/lib/avr5/libm.a(addsf3.o) (__addsf3x)
/usr/lib/gcc/avr/4.8.1/../../../avr/lib/avr5/libm.a(cmpsf2.o)
                              obj/Release/delay_lib.o (__ltsf2)
/usr/lib/gcc/avr/4.8.1/../../../avr/lib/avr5/libm.a(divsf3.o)
                              obj/Release/delay_lib.o (__divsf3)
/usr/lib/gcc/avr/4.8.1/../../../avr/lib/avr5/libm.a(divsf3x.o)
                              /usr/lib/gcc/avr/4.8.1/../../../avr/lib/avr5/libm.a(divsf3.o) (__divsf3x)
/usr/lib/gcc/avr/4.8.1/../../../avr/lib/avr5/libm.a(fixsfsi.o)
                              obj/Release/main.o (__fixsfsi)
/usr/lib/gcc/avr/4.8.1/../../../avr/lib/avr5/libm.a(fixunssfsi.o)
                              obj/Release/delay_lib.o (__fixunssfsi)
/usr/lib/gcc/avr/4.8.1/../../../avr/lib/avr5/libm.a(floatsisf.o)
                              obj/Release/main.o (__floatunsisf)
/usr/lib/gcc/avr/4.8.1/../../../avr/lib/avr5/libm.a(fp_cmp.o)
                              /usr/lib/gcc/avr/4.8.1/../../../avr/lib/avr5/libm.a(cmpsf2.o) (__fp_cmp)
/usr/lib/gcc/avr/4.8.1/../../../avr/lib/avr5/libm.a(fp_inf.o)
                              /usr/lib/gcc/avr/4.8.1/../../../avr/lib/avr5/libm.a(addsf3x.o) (__fp_inf)
/usr/lib/gcc/avr/4.8.1/../../../avr/lib/avr5/libm.a(fp_nan.o)
                              /usr/lib/gcc/avr/4.8.1/../../../avr/lib/avr5/libm.a(addsf3x.o) (__fp_nan)
/usr/lib/gcc/avr/4.8.1/../../../avr/lib/avr5/libm.a(fp_pscA.o)
                              /usr/lib/gcc/avr/4.8.1/../../../avr/lib/avr5/libm.a(addsf3x.o) (__fp_pscA)
/usr/lib/gcc/avr/4.8.1/../../../avr/lib/avr5/libm.a(fp_pscB.o)
                              /usr/lib/gcc/avr/4.8.1/../../../avr/lib/avr5/libm.a(addsf3x.o) (__fp_pscB)
/usr/lib/gcc/avr/4.8.1/../../../avr/lib/avr5/libm.a(fp_round.o)
                              /usr/lib/gcc/avr/4.8.1/../../../avr/lib/avr5/libm.a(addsf3.o) (__fp_round)
/usr/lib/gcc/avr/4.8.1/../../../avr/lib/avr5/libm.a(fp_split3.o)
                              /usr/lib/gcc/avr/4.8.1/../../../avr/lib/avr5/libm.a(addsf3x.o) (__fp_split3)
/usr/lib/gcc/avr/4.8.1/../../../avr/lib/avr5/libm.a(fp_zero.o)
                              /usr/lib/gcc/avr/4.8.1/../../../avr/lib/avr5/libm.a(addsf3x.o) (__fp_zero)
/usr/lib/gcc/avr/4.8.1/../../../avr/lib/avr5/libm.a(gesf2.o)
                              obj/Release/delay_lib.o (__gtsf2)
/usr/lib/gcc/avr/4.8.1/../../../avr/lib/avr5/libm.a(mulsf3.o)
                              obj/Release/delay_lib.o (__mulsf3)
/usr/lib/gcc/avr/4.8.1/../../../avr/lib/avr5/libm.a(mulsf3x.o)
                              /usr/lib/gcc/avr/4.8.1/../../../avr/lib/avr5/libm.a(mulsf3.o) (__mulsf3x)
/usr/lib/gcc/avr/4.8.1/../../../avr/lib/avr5/libc.a(malloc.o)
                              obj/Release/main.o (malloc)
/usr/lib/gcc/avr/4.8.1/../../../avr/lib/avr5/libc.a(itoa.o)
                              obj/Release/uart.o (__itoa)
/usr/lib/gcc/avr/4.8.1/../../../avr/lib/avr5/libc.a(itoa_ncheck.o)
                              obj/Release/HD44780.o (__itoa_ncheck)
/usr/lib/gcc/avr/4.8.1/../../../avr/lib/avr5/libc.a(utoa_ncheck.o)
                              /usr/lib/gcc/avr/4.8.1/../../../avr/lib/avr5/libc.a(itoa_ncheck.o) (__utoa_common)
/usr/lib/gcc/avr/4.8.1/../../../avr/lib/avr5/libc.a(iob.o)
                              obj/Release/uart.o (__iob)
/usr/lib/gcc/avr/4.8.1/../../../avr/lib/avr5/libc.a(printf.o)
                              obj/Release/lockers.o (printf)
/usr/lib/gcc/avr/4.8.1/../../../avr/lib/avr5/libc.a(putchar.o)
                              obj/Release/lockers.o (putchar)
/usr/lib/gcc/avr/4.8.1/../../../avr/lib/avr5/libc.a(puts.o)
[...]
Memory Configuration

Name             Origin             Length             Attributes
text             0x0000000000000000 0x0000000000020000 xr
data             0x0000000000800060 0x000000000000ffa0 rw !x
eeprom           0x0000000000810000 0x0000000000010000 rw !x
fuse             0x0000000000820000 0x0000000000000400 rw !x
lock             0x0000000000830000 0x0000000000000400 rw !x
signature        0x0000000000840000 0x0000000000000400 rw !x
user_signatures  0x0000000000850000 0x0000000000000400 rw !x
*default*        0x0000000000000000 0xffffffffffffffff

Linker script and memory map

LOAD /usr/lib/gcc/avr/4.8.1/../../../avr/lib/avr5/crtm32.o
LOAD obj/Release/delay_lib.o
LOAD obj/Release/HD44780.o
LOAD obj/Release/i2c.o
LOAD obj/Release/ir_decode.o
LOAD obj/Release/lockers.o
LOAD obj/Release/main.o
LOAD obj/Release/PCF8583.o
LOAD obj/Release/termometer.o
LOAD obj/Release/timer_2.o
LOAD obj/Release/uart.o
LOAD /usr/lib/gcc/avr/4.8.1/avr5/libgcc.a
LOAD /usr/lib/gcc/avr/4.8.1/../../../avr/lib/avr5/libm.a
START GROUP
LOAD /usr/lib/gcc/avr/4.8.1/avr5/libgcc.a
LOAD /usr/lib/gcc/avr/4.8.1/../../../avr/lib/avr5/libm.a
LOAD /usr/lib/gcc/avr/4.8.1/../../../avr/lib/avr5/libc.a
END GROUP

.hash
 *(.hash)

.dynsym
 *(.dynsym)

.dynstr
 *(.dynstr)

.gnu.version
 *(.gnu.version)

.gnu.version_d
 *(.gnu.version_d)

.gnu.version_r
 *(.gnu.version_r)

.rel.init
 *(.rel.init)

.rela.init
 *(.rela.init)

.rel.text
 *(.rel.text)
 *(.rel.text.*)
 *(.rel.gnu.linkonce.t*)

.rela.text
 *(.rela.text)
 *(.rela.text.*)
 *(.rela.gnu.linkonce.t*)

.rel.fini
 *(.rel.fini)

.rela.fini
 *(.rela.fini)

.rel.rodata
 *(.rel.rodata)
 *(.rel.rodata.*)
 *(.rel.gnu.linkonce.r*)

.rela.rodata
 *(.rela.rodata)
 *(.rela.rodata.*)
 *(.rela.gnu.linkonce.r*)

.rel.data
 *(.rel.data)
 *(.rel.data.*)
 *(.rel.gnu.linkonce.d*)

.rela.data
 *(.rela.data)
 *(.rela.data.*)
 *(.rela.gnu.linkonce.d*)

.rel.ctors
 *(.rel.ctors)

.rela.ctors
 *(.rela.ctors)

.rel.dtors
 *(.rel.dtors)

.rela.dtors
 *(.rela.dtors)

.rel.got
 *(.rel.got)

.rela.got
 *(.rela.got)

.rel.bss
 *(.rel.bss)

.rela.bss
 *(.rela.bss)

.rel.plt
 *(.rel.plt)

.rela.plt
 *(.rela.plt)

.text           0x0000000000000000     0x5636
 *(.vectors)
 .vectors       0x0000000000000000       0x54 /usr/lib/gcc/avr/4.8.1/../../../avr/lib/avr5/crtm32.o
                0x0000000000000000                __vectors
                0x0000000000000000                __vector_default
 *(.vectors)
 *(.progmem.gcc*)
                0x0000000000000054                . = ALIGN (0x2)
                0x0000000000000054                __trampolines_start = .
 *(.trampolines)
 .trampolines   0x0000000000000054        0x0 linker stubs
 *(.trampolines*)
                0x0000000000000054                __trampolines_end = .
 *(.progmem*)
                0x0000000000000054                . = ALIGN (0x2)
 *(.jumptables)
 *(.jumptables*)
 *(.lowtext)
 *(.lowtext*)
                0x0000000000000054                __ctors_start = .
 *(.ctors)
                0x0000000000000054                __ctors_end = .
                0x0000000000000054                __dtors_start = .
 *(.dtors)
                0x0000000000000054                __dtors_end = .
 SORT(*)(.ctors)
 SORT(*)(.dtors)
 *(.init0)
 .init0         0x0000000000000054        0x0 /usr/lib/gcc/avr/4.8.1/../../../avr/lib/avr5/crtm32.o
                0x0000000000000054                __init
 *(.init0)
 *(.init1)
 *(.init1)
 *(.init2)
 .init2         0x0000000000000054        0xc /usr/lib/gcc/avr/4.8.1/../../../avr/lib/avr5/crtm32.o
 *(.init2)
 *(.init3)
 *(.init3)
 *(.init4)
 .init4         0x0000000000000060       0x16 /usr/lib/gcc/avr/4.8.1/avr5/libgcc.a(_copy_data.o)
                0x0000000000000060                __do_copy_data
 .init4         0x0000000000000076       0x10 /usr/lib/gcc/avr/4.8.1/avr5/libgcc.a(_clear_bss.o)
                0x0000000000000076                __do_clear_bss
 *(.init4)
 *(.init5)
 *(.init5)
 *(.init6)
 *(.init6)
 *(.init7)
 *(.init7)
 *(.init8)
 *(.init8)
 *(.init9)
 .init9         0x0000000000000086        0x8 /usr/lib/gcc/avr/4.8.1/../../../avr/lib/avr5/crtm32.o
 *(.init9)
 *(.text)
 .text          0x000000000000008e        0x4 /usr/lib/gcc/avr/4.8.1/../../../avr/lib/avr5/crtm32.o
                0x000000000000008e                __vector_1
                0x000000000000008e                __vector_12
                0x000000000000008e                __bad_interrupt
                0x000000000000008e                __vector_3
                0x000000000000008e                __vector_11
                0x000000000000008e                __vector_17
                0x000000000000008e                __vector_19
                0x000000000000008e                __vector_7
                0x000000000000008e                __vector_5
                0x000000000000008e                __vector_9
                0x000000000000008e                __vector_2
                0x000000000000008e                __vector_15
                0x000000000000008e                __vector_8
                0x000000000000008e                __vector_10
                0x000000000000008e                __vector_16
                0x000000000000008e                __vector_18
                0x000000000000008e                __vector_20
 .text          0x0000000000000092      0x14e obj/Release/delay_lib.o
                0x0000000000000092                delay_ms_var
                0x00000000000000a8                delay_us_var
                0x00000000000000ba                delay_ms_var_double
                0x0000000000000152                delay_us_var_double
 .text          0x00000000000001e0      0x364 obj/Release/HD44780.o
                0x00000000000001e0                LCD_position_decrease
                0x00000000000001f4                LCD_position_increase
                0x000000000000020a                _LCD_OutNibble
                0x0000000000000234                _LCD_InNibble
                0x0000000000000248                _LCD_Read
                0x0000000000000282                LCD_ReadStatus
                0x0000000000000288                _LCD_Write
                0x00000000000002b8                LCD_WriteCommand
                0x00000000000002be                LCD_WriteData
                0x00000000000002c4                LCD_ReadData
                0x00000000000002ca                LCD_WriteText
                0x00000000000002e2                LCD_GoTo
                0x00000000000002f0                LCD_Clear
                0x0000000000000308                LCD_Home
                0x0000000000000320                LCD_BacklightOn
                0x0000000000000324                LCD_Initalize
                0x00000000000003a4                LCD_BacklightOff
                0x00000000000003a8                LCD_Int
                0x00000000000003de                LCD_Hex
                0x0000000000000414                LCD_MoveRight
                0x000000000000046e                LCD_MoveLeft
                0x00000000000004c8                LCD_Erase
                0x000000000000050e                LCD_Displaying
 .text          0x0000000000000544      0x12e obj/Release/i2c.o
                0x0000000000000544                i2cSetBitrate
                0x0000000000000566                i2cStart
                0x0000000000000572                i2cStop
                0x000000000000057e                i2cWrite
                0x000000000000058c                i2cRead
                0x00000000000005a2                i2c_write_buf
                0x0000000000000600                i2c_read_buf
 .text          0x0000000000000672      0x1a4 obj/Release/ir_decode.o
                0x0000000000000672                pilot_off
                0x000000000000067a                pilot_on
                0x0000000000000682                ir_init
                0x00000000000006a0                __vector_6
                0x00000000000007fa                pilot_reset
                0x0000000000000806                stop_button
 .text          0x0000000000000816      0x6f8 obj/Release/lockers.o
                0x0000000000000816                lockers_flag_bit_on
                0x0000000000000836                lockers_flag_bit_off
                0x0000000000000858                lockers_is_flag_bit
                0x0000000000000886                lockers_number_of_frames
                0x000000000000088a                lockers_convert_address_to_index_of_frame
                0x0000000000000896                lockers_convert_index_of_frame_to_address
                0x00000000000008a0                lockers_read_frame
                0x00000000000008b8                lockers_print_entire_frame
                0x0000000000000972                lockers_print_date_of_report
                0x00000000000009f4                lockers_print_temperature
                0x0000000000000a48                lockers_tail
                0x0000000000000a5a                lockers_head
                0x0000000000000a6c                lockers_queue_read
                0x0000000000000a8a                lockers_print_amount_of_first_frames
                0x0000000000000af0                lockers_print_all_memory
                0x0000000000000b0a                lockers_queue_empty
                0x0000000000000b18                lockers_init
                0x0000000000000b8a                lockers_is_queue_empty
                0x0000000000000ba2                lockers_queue_number_of_records
                0x0000000000000bd6                lockers_print_latest_data
                0x0000000000000c0a                lockers_save_frame
                0x0000000000000ca6                lockers_is_queue_full
                0x0000000000000ce2                lockers_queue_dequeue
                0x0000000000000d0e                lockers_queue_enque
                0x0000000000000d66                locker_1_button
                0x0000000000000d70                locker_2_button
                0x0000000000000d7a                locker_3_button
                0x0000000000000d84                locker_4_button
                0x0000000000000d8c                locker_5_button
                0x0000000000000d96                locker_6_button
                0x0000000000000da0                locker_7_button
                0x0000000000000da8                locker_8_button
                0x0000000000000db2                locker_9_button
                0x0000000000000dbc                lockers_state_of_single_button
                0x0000000000000e16                lockers_beginning_actions
                0x0000000000000e38                lockers_check_events
                0x0000000000000ede                locker_10_button
                0x0000000000000ee8                lockers_clear_all_memory
 .text          0x0000000000000f0e     0x2bc8 obj/Release/main.o
                0x0000000000000f66                send_all_screen
                0x000000000000110a                round_double
                0x00000000000011be                number_of_digits
                0x000000000000121e                show_double
                0x00000000000012b4                get_double_form_double_format
                0x0000000000001304                set_double_format
                0x000000000000140a                change_color_RGB
                0x00000000000014a0                red_colors_RGB
                0x00000000000014b0                green_colors_RGB
                0x00000000000014c0                blue_colors_RGB
                0x00000000000014d0                alert_colors_RGB
                0x00000000000014da                all_colors_RGB
                0x00000000000014ea                no_colors_RGB
                0x00000000000014f8                buzzer
                0x000000000000150a                buzzer_time
                0x0000000000001528                backlight
                0x000000000000156c                wysw_skok
                0x0000000000001614                step_increase
                0x0000000000001648                step_decrease
                0x0000000000001680                wybor
                0x0000000000001780                show_day_of_week
                0x00000000000017ca                show_time_only_format
                0x0000000000001864                show_time_format
                0x000000000000195c                show_timer_alarm_format
                0x0000000000001984                show_alarm_format
                0x0000000000001a5a                set_appropriate_values_of_time
                0x0000000000001cb0                check_step_value
                0x0000000000001da8                end_of_settings
                0x0000000000001e30                setting_information
                0x0000000000002018                show_setting_alarm_case
                0x0000000000002030                show_alarm_flag_options
                0x0000000000002048                show_timer_flag_options
                0x0000000000002060                show_clock_options
                0x0000000000002078                show_timer_mode_options
                0x00000000000020c2                show_alarm_interrupt_options
                0x00000000000020da                show_timer_interrupt_options
                0x00000000000020f2                show_setting_flags_case
                0x0000000000002132                show_timer_options
                0x000000000000214a                show_alarm_options
                0x0000000000002176                correction_of_temperature
                0x00000000000021e2                correction_of_time
                0x0000000000002244                correction_of_date
                0x0000000000002338                show_frame
                0x00000000000024ca                show_list_case
                0x00000000000025a4                show_list
                0x000000000000262c                wysw0
                0x0000000000002696                wysw1
                0x00000000000026d4                wysw2
                0x00000000000027ba                wysw3
                0x0000000000002826                wysw4
                0x00000000000028e4                wysw5
                0x0000000000002b32                wysw6
                0x0000000000002d74                wysw7
                0x0000000000002e00                wysw
                0x0000000000002e96                czynnosc0
                0x0000000000002f6e                czynnosc1
                0x0000000000003260                czynnosc2
                0x0000000000003268                czynnosc3
                0x00000000000032d6                czynnosc4
                0x0000000000003328                czynnosc5
                0x000000000000337a                czynnosc6
                0x00000000000033cc                czynnosc7
                0x000000000000341e                czynnosc
                0x0000000000003618                pilot
                0x0000000000003670                toggle_action
                0x00000000000036a8                sczytaj_komende
 .text          0x0000000000003ad6      0x7a6 obj/Release/PCF8583.o
                0x0000000000003ad6                bcd2bin
                0x0000000000003ae8                bin2bcd
                0x0000000000003afc                PCF8583_write
                0x0000000000003b20                PCF8583_read
                0x0000000000003b44                PCF8583_init
                0x0000000000003b64                PCF8583_address
                0x0000000000003b68                PCF8583_stop
                0x0000000000003b78                PCF8583_start
                0x0000000000003b88                PCF8583_is_clock_counting
                0x0000000000003b98                PCF8583_timer_mode
                0x0000000000003ba8                PCF8583_set_timer_mode
                0x0000000000003bc8                PCF8583_hold_off
                0x0000000000003bd8                PCF8583_hold_on
                0x0000000000003be8                PCF8583_mask_off
                0x0000000000003bf8                PCF8583_mask_on
                0x0000000000003c08                PCF8583_timer_flag_off
                0x0000000000003c18                PCF8583_timer_flag_on
                0x0000000000003c28                PCF8583_alarm_flag_off
                0x0000000000003c38                PCF8583_alarm_flag_on
                0x0000000000003c48                PCF8583_write_word
                0x0000000000003c70                PCF8583_read_word
                0x0000000000003c9c                PCF8583_get_time
                0x0000000000003dde                PCF8583_set_time
                0x0000000000003ed4                PCF8583_timer_alarm_off
                0x0000000000003ee4                PCF8583_timer_alarm_on
                0x0000000000003ef4                PCF8583_alarm_interrupt_off
                0x0000000000003f04                PCF8583_alarm_interrupt_on
                0x0000000000003f14                PCF8583_is_alarm_interrupt
                0x0000000000003f22                PCF8583_timer_interrupt_off
                0x0000000000003f32                PCF8583_timer_interrupt_on
                0x0000000000003f42                PCF8583_is_timer_interrupt
                0x0000000000003f50                PCF8583_24h_format
                0x0000000000003f70                PCF8583_12h_format
                0x0000000000003f90                PCF8583_is_12h_24h_format
                0x0000000000003fc2                PCF8583_set_type_of_alarm
                0x0000000000003fe4                PCF8583_recognise_type_of_alarm
                0x0000000000003ff2                PCF8583_get_alarm_time
                0x00000000000040d2                PCF8583_set_alarm_time
                0x0000000000004198                PCF8583_recognise_type_of_timer_alarm
                0x00000000000041a6                PCF8583_is_timer_flag_set
                0x00000000000041b0                PCF8583_is_alarm_flag_set
                0x00000000000041bc                PCF8583_get_wall_alarm
                0x000000000000420e                PCF8583_get_wall_time
 .text          0x000000000000427c      0x160 obj/Release/termometer.o
                0x000000000000427c                OneWireStrong
                0x000000000000428a                OneWireReset
                0x00000000000042c2                OneWireWriteByte
                0x0000000000004300                ds18b20_ConvertT
                0x0000000000004318                OneWireReadByte
                0x0000000000004350                ds18b20_Read
                0x0000000000004380                ds18b20_temperature
 .text          0x00000000000043dc       0xbc obj/Release/timer_2.o
                0x00000000000043dc                timer_2_init
                0x00000000000043ee                RGB_init
                0x0000000000004402                refreshing_interrupt_on
                0x000000000000440a                refreshing_interrupt_off
                0x0000000000004412                __vector_4
 .text          0x0000000000004498      0x29e obj/Release/uart.o
                0x0000000000004498                uart_putc
                0x00000000000044da                uart_init
                0x0000000000004514                USART_Transmit
                0x0000000000004518                uart_puts
                0x0000000000004530                uart_putint
                0x000000000000456c                uart_getc
                0x00000000000045ac                uart_gets
                0x000000000000461c                uart_getint
                0x0000000000004666                __vector_13
                0x00000000000046ca                __vector_14
 .text          0x0000000000004736        0x0 /usr/lib/gcc/avr/4.8.1/avr5/libgcc.a(_udivmodqi4.o)
 .text          0x0000000000004736        0x0 /usr/lib/gcc/avr/4.8.1/avr5/libgcc.a(_udivmodhi4.o)
 .text          0x0000000000004736        0x0 /usr/lib/gcc/avr/4.8.1/avr5/libgcc.a(_divmodhi4.o)
 .text          0x0000000000004736        0x0 /usr/lib/gcc/avr/4.8.1/avr5/libgcc.a(_udivmodsi4.o)
 .text          0x0000000000004736        0x0 /usr/lib/gcc/avr/4.8.1/avr5/libgcc.a(_exit.o)
 .text          0x0000000000004736        0x0 /usr/lib/gcc/avr/4.8.1/avr5/libgcc.a(_copy_data.o)
 .text          0x0000000000004736        0x0 /usr/lib/gcc/avr/4.8.1/avr5/libgcc.a(_clear_bss.o)
 .text          0x0000000000004736        0x0 /usr/lib/gcc/avr/4.8.1/avr5/libgcc.a(_muluhisi3.o)
 .text          0x0000000000004736        0x0 /usr/lib/gcc/avr/4.8.1/avr5/libgcc.a(_umulhisi3.o)
 .text          0x0000000000004736        0x0 /usr/lib/gcc/avr/4.8.1/../../../avr/lib/avr5/libm.a(addsf3.o)
 .text          0x0000000000004736        0x0 /usr/lib/gcc/avr/4.8.1/../../../avr/lib/avr5/libm.a(addsf3x.o)
 .text          0x0000000000004736        0x0 /usr/lib/gcc/avr/4.8.1/../../../avr/lib/avr5/libm.a(cmpsf2.o)
 .text          0x0000000000004736        0x0 /usr/lib/gcc/avr/4.8.1/../../../avr/lib/avr5/libm.a(divsf3.o)
 .text          0x0000000000004736        0x0 /usr/lib/gcc/avr/4.8.1/../../../avr/lib/avr5/libm.a(divsf3x.o)
 .text          0x0000000000004736        0x0 /usr/lib/gcc/avr/4.8.1/../../../avr/lib/avr5/libm.a(fixsfsi.o)
 .text          0x0000000000004736        0x0 /usr/lib/gcc/avr/4.8.1/../../../avr/lib/avr5/libm.a(fixunssfsi.o)
 .text          0x0000000000004736        0x0 /usr/lib/gcc/avr/4.8.1/../../../avr/lib/avr5/libm.a(floatsisf.o)
 .text          0x0000000000004736        0x0 /usr/lib/gcc/avr/4.8.1/../../../avr/lib/avr5/libm.a(fp_cmp.o)
 .text          0x0000000000004736        0x0 /usr/lib/gcc/avr/4.8.1/../../../avr/lib/avr5/libm.a(fp_inf.o)
 .text          0x0000000000004736        0x0 /usr/lib/gcc/avr/4.8.1/../../../avr/lib/avr5/libm.a(fp_nan.o)
 .text          0x0000000000004736        0x0 /usr/lib/gcc/avr/4.8.1/../../../avr/lib/avr5/libm.a(fp_pscA.o)
 .text          0x0000000000004736        0x0 /usr/lib/gcc/avr/4.8.1/../../../avr/lib/avr5/libm.a(fp_pscB.o)
 .text          0x0000000000004736        0x0 /usr/lib/gcc/avr/4.8.1/../../../avr/lib/avr5/libm.a(fp_round.o)
 .text          0x0000000000004736        0x0 /usr/lib/gcc/avr/4.8.1/../../../avr/lib/avr5/libm.a(fp_split3.o)
 .text          0x0000000000004736        0x0 /usr/lib/gcc/avr/4.8.1/../../../avr/lib/avr5/libm.a(fp_zero.o)
 .text          0x0000000000004736        0x0 /usr/lib/gcc/avr/4.8.1/../../../avr/lib/avr5/libm.a(gesf2.o)
 .text          0x0000000000004736        0x0 /usr/lib/gcc/avr/4.8.1/../../../avr/lib/avr5/libm.a(mulsf3.o)
 .text          0x0000000000004736        0x0 /usr/lib/gcc/avr/4.8.1/../../../avr/lib/avr5/libm.a(mulsf3x.o)
 .text          0x0000000000004736        0x0 /usr/lib/gcc/avr/4.8.1/../../../avr/lib/avr5/libc.a(malloc.o)
 .text          0x0000000000004736        0x0 /usr/lib/gcc/avr/4.8.1/../../../avr/lib/avr5/libc.a(itoa.o)
 .text          0x0000000000004736        0x0 /usr/lib/gcc/avr/4.8.1/../../../avr/lib/avr5/libc.a(itoa_ncheck.o)
 .text          0x0000000000004736        0x0 /usr/lib/gcc/avr/4.8.1/../../../avr/lib/avr5/libc.a(utoa_ncheck.o)
 .text          0x0000000000004736        0x0 /usr/lib/gcc/avr/4.8.1/../../../avr/lib/avr5/libc.a(iob.o)
 .text          0x0000000000004736        0x0 /usr/lib/gcc/avr/4.8.1/../../../avr/lib/avr5/libc.a(printf.o)
 .text          0x0000000000004736        0x0 /usr/lib/gcc/avr/4.8.1/../../../avr/lib/avr5/libc.a(putchar.o)
 .text          0x0000000000004736        0x0 /usr/lib/gcc/avr/4.8.1/../../../avr/lib/avr5/libc.a(puts.o)
 .text          0x0000000000004736        0x0 /usr/lib/gcc/avr/4.8.1/../../../avr/lib/avr5/libc.a(vfprintf_std.o)
 .text          0x0000000000004736        0x0 /usr/lib/gcc/avr/4.8.1/../../../avr/lib/avr5/libc.a(eerd_block_atmega32.o)
 .text          0x0000000000004736        0x0 /usr/lib/gcc/avr/4.8.1/../../../avr/lib/avr5/libc.a(eeupd_block_atmega32.o)
 .text          0x0000000000004736        0x0 /usr/lib/gcc/avr/4.8.1/../../../avr/lib/avr5/libc.a(eeupd_byte_atmega32.o)
 .text          0x0000000000004736        0x0 /usr/lib/gcc/avr/4.8.1/../../../avr/lib/avr5/libc.a(strnlen_P.o)
 .text          0x0000000000004736        0x0 /usr/lib/gcc/avr/4.8.1/../../../avr/lib/avr5/libc.a(strnlen.o)
 .text          0x0000000000004736        0x0 /usr/lib/gcc/avr/4.8.1/../../../avr/lib/avr5/libc.a(strrev.o)
 .text          0x0000000000004736        0x0 /usr/lib/gcc/avr/4.8.1/../../../avr/lib/avr5/libc.a(fputc.o)
 .text          0x0000000000004736        0x0 /usr/lib/gcc/avr/4.8.1/../../../avr/lib/avr5/libc.a(ultoa_invert.o)
 .text          0x0000000000004736        0x0 /usr/lib/gcc/avr/4.8.1/avr5/libgcc.a(_prologue.o)
 .text          0x0000000000004736        0x0 /usr/lib/gcc/avr/4.8.1/avr5/libgcc.a(_epilogue.o)
                0x0000000000004736                . = ALIGN (0x2)
 *(.text.*)
 .text.startup  0x0000000000004736       0xc8 obj/Release/main.o
                0x0000000000004736                main
 .text.libgcc.mul
                0x00000000000047fe        0x0 /usr/lib/gcc/avr/4.8.1/avr5/libgcc.a(_udivmodqi4.o)
 .text.libgcc.div
                0x00000000000047fe       0x18 /usr/lib/gcc/avr/4.8.1/avr5/libgcc.a(_udivmodqi4.o)
                0x00000000000047fe                __udivmodqi4
 .text.libgcc   0x0000000000004816        0x0 /usr/lib/gcc/avr/4.8.1/avr5/libgcc.a(_udivmodqi4.o)
 .text.libgcc.prologue
                0x0000000000004816        0x0 /usr/lib/gcc/avr/4.8.1/avr5/libgcc.a(_udivmodqi4.o)
 .text.libgcc.builtins
                0x0000000000004816        0x0 /usr/lib/gcc/avr/4.8.1/avr5/libgcc.a(_udivmodqi4.o)
 .text.libgcc.fmul
                0x0000000000004816        0x0 /usr/lib/gcc/avr/4.8.1/avr5/libgcc.a(_udivmodqi4.o)
 .text.libgcc.fixed
                0x0000000000004816        0x0 /usr/lib/gcc/avr/4.8.1/avr5/libgcc.a(_udivmodqi4.o)
 .text.libgcc.mul
                0x0000000000004816        0x0 /usr/lib/gcc/avr/4.8.1/avr5/libgcc.a(_udivmodhi4.o)
 .text.libgcc.div
                0x0000000000004816       0x28 /usr/lib/gcc/avr/4.8.1/avr5/libgcc.a(_udivmodhi4.o)
                0x0000000000004816                __udivmodhi4
 .text.libgcc   0x000000000000483e        0x0 /usr/lib/gcc/avr/4.8.1/avr5/libgcc.a(_udivmodhi4.o)
 .text.libgcc.prologue
                0x000000000000483e        0x0 /usr/lib/gcc/avr/4.8.1/avr5/libgcc.a(_udivmodhi4.o)
 .text.libgcc.builtins
                0x000000000000483e        0x0 /usr/lib/gcc/avr/4.8.1/avr5/libgcc.a(_udivmodhi4.o)
 .text.libgcc.fmul
                0x000000000000483e        0x0 /usr/lib/gcc/avr/4.8.1/avr5/libgcc.a(_udivmodhi4.o)
 .text.libgcc.fixed
                0x000000000000483e        0x0 /usr/lib/gcc/avr/4.8.1/avr5/libgcc.a(_udivmodhi4.o)
 .text.libgcc.mul
                0x000000000000483e        0x0 /usr/lib/gcc/avr/4.8.1/avr5/libgcc.a(_divmodhi4.o)
 .text.libgcc.div
                0x000000000000483e       0x28 /usr/lib/gcc/avr/4.8.1/avr5/libgcc.a(_divmodhi4.o)
                0x000000000000483e                __divmodhi4
                0x000000000000483e                _div
 .text.libgcc   0x0000000000004866        0x0 /usr/lib/gcc/avr/4.8.1/avr5/libgcc.a(_divmodhi4.o)
 .text.libgcc.prologue
                0x0000000000004866        0x0 /usr/lib/gcc/avr/4.8.1/avr5/libgcc.a(_divmodhi4.o)
 .text.libgcc.builtins
                0x0000000000004866        0x0 /usr/lib/gcc/avr/4.8.1/avr5/libgcc.a(_divmodhi4.o)
 .text.libgcc.fmul
                0x0000000000004866        0x0 /usr/lib/gcc/avr/4.8.1/avr5/libgcc.a(_divmodhi4.o)
 .text.libgcc.fixed
                0x0000000000004866        0x0 /usr/lib/gcc/avr/4.8.1/avr5/libgcc.a(_divmodhi4.o)
 .text.libgcc.mul
                0x0000000000004866        0x0 /usr/lib/gcc/avr/4.8.1/avr5/libgcc.a(_udivmodsi4.o)
 .text.libgcc.div
                0x0000000000004866       0x44 /usr/lib/gcc/avr/4.8.1/avr5/libgcc.a(_udivmodsi4.o)
                0x0000000000004866                __udivmodsi4
 .text.libgcc   0x00000000000048aa        0x0 /usr/lib/gcc/avr/4.8.1/avr5/libgcc.a(_udivmodsi4.o)
 .text.libgcc.prologue
                0x00000000000048aa        0x0 /usr/lib/gcc/avr/4.8.1/avr5/libgcc.a(_udivmodsi4.o)
 .text.libgcc.builtins
                0x00000000000048aa        0x0 /usr/lib/gcc/avr/4.8.1/avr5/libgcc.a(_udivmodsi4.o)
 .text.libgcc.fmul
                0x00000000000048aa        0x0 /usr/lib/gcc/avr/4.8.1/avr5/libgcc.a(_udivmodsi4.o)
 .text.libgcc.fixed
                0x00000000000048aa        0x0 /usr/lib/gcc/avr/4.8.1/avr5/libgcc.a(_udivmodsi4.o)
 .text.libgcc.mul
                0x00000000000048aa        0x0 /usr/lib/gcc/avr/4.8.1/avr5/libgcc.a(_exit.o)
 .text.libgcc.div
                0x00000000000048aa        0x0 /usr/lib/gcc/avr/4.8.1/avr5/libgcc.a(_exit.o)
 .text.libgcc   0x00000000000048aa        0x0 /usr/lib/gcc/avr/4.8.1/avr5/libgcc.a(_exit.o)
 .text.libgcc.prologue
                0x00000000000048aa        0x0 /usr/lib/gcc/avr/4.8.1/avr5/libgcc.a(_exit.o)
 .text.libgcc.builtins
                0x00000000000048aa        0x0 /usr/lib/gcc/avr/4.8.1/avr5/libgcc.a(_exit.o)
 .text.libgcc.fmul
                0x00000000000048aa        0x0 /usr/lib/gcc/avr/4.8.1/avr5/libgcc.a(_exit.o)
 .text.libgcc.fixed
                0x00000000000048aa        0x0 /usr/lib/gcc/avr/4.8.1/avr5/libgcc.a(_exit.o)
 .text.libgcc.mul
                0x00000000000048aa        0x0 /usr/lib/gcc/avr/4.8.1/avr5/libgcc.a(_copy_data.o)
 .text.libgcc.div
                0x00000000000048aa        0x0 /usr/lib/gcc/avr/4.8.1/avr5/libgcc.a(_copy_data.o)
 .text.libgcc   0x00000000000048aa        0x0 /usr/lib/gcc/avr/4.8.1/avr5/libgcc.a(_copy_data.o)
 .text.libgcc.prologue
                0x00000000000048aa        0x0 /usr/lib/gcc/avr/4.8.1/avr5/libgcc.a(_copy_data.o)
 .text.libgcc.builtins
                0x00000000000048aa        0x0 /usr/lib/gcc/avr/4.8.1/avr5/libgcc.a(_copy_data.o)
 .text.libgcc.fmul
                0x00000000000048aa        0x0 /usr/lib/gcc/avr/4.8.1/avr5/libgcc.a(_copy_data.o)
 .text.libgcc.fixed
                0x00000000000048aa        0x0 /usr/lib/gcc/avr/4.8.1/avr5/libgcc.a(_copy_data.o)
 .text.libgcc.mul
                0x00000000000048aa        0x0 /usr/lib/gcc/avr/4.8.1/avr5/libgcc.a(_clear_bss.o)
 .text.libgcc.div
                0x00000000000048aa        0x0 /usr/lib/gcc/avr/4.8.1/avr5/libgcc.a(_clear_bss.o)
 .text.libgcc   0x00000000000048aa        0x0 /usr/lib/gcc/avr/4.8.1/avr5/libgcc.a(_clear_bss.o)
 .text.libgcc.prologue
                0x00000000000048aa        0x0 /usr/lib/gcc/avr/4.8.1/avr5/libgcc.a(_clear_bss.o)
 .text.libgcc.builtins
                0x00000000000048aa        0x0 /usr/lib/gcc/avr/4.8.1/avr5/libgcc.a(_clear_bss.o)
 .text.libgcc.fmul
                0x00000000000048aa        0x0 /usr/lib/gcc/avr/4.8.1/avr5/libgcc.a(_clear_bss.o)
 .text.libgcc.fixed
                0x00000000000048aa        0x0 /usr/lib/gcc/avr/4.8.1/avr5/libgcc.a(_clear_bss.o)
 .text.libgcc.mul
                0x00000000000048aa       0x16 /usr/lib/gcc/avr/4.8.1/avr5/libgcc.a(_muluhisi3.o)
                0x00000000000048aa                __muluhisi3
 .text.libgcc.div
                0x00000000000048c0        0x0 /usr/lib/gcc/avr/4.8.1/avr5/libgcc.a(_muluhisi3.o)
 .text.libgcc   0x00000000000048c0        0x0 /usr/lib/gcc/avr/4.8.1/avr5/libgcc.a(_muluhisi3.o)
 .text.libgcc.prologue
                0x00000000000048c0        0x0 /usr/lib/gcc/avr/4.8.1/avr5/libgcc.a(_muluhisi3.o)
 .text.libgcc.builtins
                0x00000000000048c0        0x0 /usr/lib/gcc/avr/4.8.1/avr5/libgcc.a(_muluhisi3.o)
 .text.libgcc.fmul
                0x00000000000048c0        0x0 /usr/lib/gcc/avr/4.8.1/avr5/libgcc.a(_muluhisi3.o)
 .text.libgcc.fixed
                0x00000000000048c0        0x0 /usr/lib/gcc/avr/4.8.1/avr5/libgcc.a(_muluhisi3.o)
 .text.libgcc.mul
                0x00000000000048c0       0x1e /usr/lib/gcc/avr/4.8.1/avr5/libgcc.a(_umulhisi3.o)
                0x00000000000048c0                __umulhisi3
 .text.libgcc.div
                0x00000000000048de        0x0 /usr/lib/gcc/avr/4.8.1/avr5/libgcc.a(_umulhisi3.o)
 .text.libgcc   0x00000000000048de        0x0 /usr/lib/gcc/avr/4.8.1/avr5/libgcc.a(_umulhisi3.o)
 .text.libgcc.prologue
                0x00000000000048de        0x0 /usr/lib/gcc/avr/4.8.1/avr5/libgcc.a(_umulhisi3.o)
 .text.libgcc.builtins
                0x00000000000048de        0x0 /usr/lib/gcc/avr/4.8.1/avr5/libgcc.a(_umulhisi3.o)
 .text.libgcc.fmul
                0x00000000000048de        0x0 /usr/lib/gcc/avr/4.8.1/avr5/libgcc.a(_umulhisi3.o)
 .text.libgcc.fixed
                0x00000000000048de        0x0 /usr/lib/gcc/avr/4.8.1/avr5/libgcc.a(_umulhisi3.o)
 .text.avr-libc.fplib
                0x00000000000048de        0xa /usr/lib/gcc/avr/4.8.1/../../../avr/lib/avr5/libm.a(addsf3.o)
                0x00000000000048de                __subsf3
                0x00000000000048e0                __addsf3
 .text.avr-libc.fplib
                0x00000000000048e8       0xc0 /usr/lib/gcc/avr/4.8.1/../../../avr/lib/avr5/libm.a(addsf3x.o)
                0x0000000000004902                __addsf3x
 .text.avr-libc.fplib
                0x00000000000049a8        0x8 /usr/lib/gcc/avr/4.8.1/../../../avr/lib/avr5/libm.a(cmpsf2.o)
                0x00000000000049a8                __lesf2
                0x00000000000049a8                __nesf2
                0x00000000000049a8                __eqsf2
                0x00000000000049a8                __cmpsf2
                0x00000000000049a8                __ltsf2
 .text.avr-libc.fplib
                0x00000000000049b0        0x4 /usr/lib/gcc/avr/4.8.1/../../../avr/lib/avr5/libm.a(divsf3.o)
                0x00000000000049b0                __divsf3
 .text.avr-libc.fplib
                0x00000000000049b4       0xcc /usr/lib/gcc/avr/4.8.1/../../../avr/lib/avr5/libm.a(divsf3x.o)
                0x00000000000049ca                __divsf3x
                0x00000000000049ce                __divsf3_pse
 .text.avr-libc.fplib
                0x0000000000004a80        0xa /usr/lib/gcc/avr/4.8.1/../../../avr/lib/avr5/libm.a(fixsfsi.o)
                0x0000000000004a80                __fixsfsi
 .text.avr-libc.fplib
                0x0000000000004a8a       0x58 /usr/lib/gcc/avr/4.8.1/../../../avr/lib/avr5/libm.a(fixunssfsi.o)
                0x0000000000004a8a                __fixunssfsi
 .text.avr-libc.fplib
                0x0000000000004ae2       0x7a /usr/lib/gcc/avr/4.8.1/../../../avr/lib/avr5/libm.a(floatsisf.o)
                0x0000000000004ae2                __floatunsisf
                0x0000000000004ae6                __floatsisf
 .text.avr-libc.fplib
                0x0000000000004b5c       0x48 /usr/lib/gcc/avr/4.8.1/../../../avr/lib/avr5/libm.a(fp_cmp.o)
                0x0000000000004b5c                __fp_cmp
 .text.avr-libc.fplib
                0x0000000000004ba4        0xc /usr/lib/gcc/avr/4.8.1/../../../avr/lib/avr5/libm.a(fp_inf.o)
                0x0000000000004ba4                __fp_inf
 .text.avr-libc.fplib
                0x0000000000004bb0        0x6 /usr/lib/gcc/avr/4.8.1/../../../avr/lib/avr5/libm.a(fp_nan.o)
                0x0000000000004bb0                __fp_nan
 .text.avr-libc.fplib
                0x0000000000004bb6        0xe /usr/lib/gcc/avr/4.8.1/../../../avr/lib/avr5/libm.a(fp_pscA.o)
                0x0000000000004bb6                __fp_pscA
 .text.avr-libc.fplib
                0x0000000000004bc4        0xe /usr/lib/gcc/avr/4.8.1/../../../avr/lib/avr5/libm.a(fp_pscB.o)
                0x0000000000004bc4                __fp_pscB
 .text.avr-libc.fplib
                0x0000000000004bd2       0x22 /usr/lib/gcc/avr/4.8.1/../../../avr/lib/avr5/libm.a(fp_round.o)
                0x0000000000004bd2                __fp_round
 .text.avr-libc.fplib
                0x0000000000004bf4       0x44 /usr/lib/gcc/avr/4.8.1/../../../avr/lib/avr5/libm.a(fp_split3.o)
                0x0000000000004bf4                __fp_split3
                0x0000000000004c04                __fp_splitA
 .text.avr-libc.fplib
                0x0000000000004c38        0xe /usr/lib/gcc/avr/4.8.1/../../../avr/lib/avr5/libm.a(fp_zero.o)
                0x0000000000004c38                __fp_zero
                0x0000000000004c3a                __fp_szero
 .text.avr-libc.fplib
                0x0000000000004c46        0x8 /usr/lib/gcc/avr/4.8.1/../../../avr/lib/avr5/libm.a(gesf2.o)
                0x0000000000004c46                __gtsf2
                0x0000000000004c46                __gesf2
 .text.avr-libc.fplib
                0x0000000000004c4e        0x4 /usr/lib/gcc/avr/4.8.1/../../../avr/lib/avr5/libm.a(mulsf3.o)
                0x0000000000004c4e                __mulsf3
 .text.avr-libc.fplib
                0x0000000000004c52       0xc2 /usr/lib/gcc/avr/4.8.1/../../../avr/lib/avr5/libm.a(mulsf3x.o)
                0x0000000000004c66                __mulsf3x
                0x0000000000004c6a                __mulsf3_pse
 .text.avr-libc
                0x0000000000004d14      0x24e /usr/lib/gcc/avr/4.8.1/../../../avr/lib/avr5/libc.a(malloc.o)
                0x0000000000004d14                malloc
                0x0000000000004e44                free
 .text.avr-libc
                0x0000000000004f62       0x16 /usr/lib/gcc/avr/4.8.1/../../../avr/lib/avr5/libc.a(itoa.o)
                0x0000000000004f62                itoa
                0x0000000000004f62                __itoa
 .text.avr-libc
                0x0000000000004f78       0x16 /usr/lib/gcc/avr/4.8.1/../../../avr/lib/avr5/libc.a(itoa_ncheck.o)
                0x0000000000004f78                __itoa_ncheck
 .text.avr-libc
                0x0000000000004f8e       0x34 /usr/lib/gcc/avr/4.8.1/../../../avr/lib/avr5/libc.a(utoa_ncheck.o)
                0x0000000000004f8e                __utoa_ncheck
                0x0000000000004f90                __utoa_common
 .text.avr-libc
                0x0000000000004fc2       0x28 /usr/lib/gcc/avr/4.8.1/../../../avr/lib/avr5/libc.a(printf.o)
                0x0000000000004fc2                printf
 .text.avr-libc
                0x0000000000004fea        0xe /usr/lib/gcc/avr/4.8.1/../../../avr/lib/avr5/libc.a(putchar.o)
                0x0000000000004fea                putchar
 .text.avr-libc
                0x0000000000004ff8       0x5a /usr/lib/gcc/avr/4.8.1/../../../avr/lib/avr5/libc.a(puts.o)
                0x0000000000004ff8                puts
 .text.avr-libc
                0x0000000000005052      0x3a4 /usr/lib/gcc/avr/4.8.1/../../../avr/lib/avr5/libc.a(vfprintf_std.o)
                0x0000000000005052                vfprintf
 .text.avr-libc
                0x00000000000053f6       0x20 /usr/lib/gcc/avr/4.8.1/../../../avr/lib/avr5/libc.a(eerd_block_atmega32.o)
                0x00000000000053f6                __eerd_block_m32
                0x00000000000053fa                __eerd_blraw_m32
 .text.avr-libc
                0x0000000000005416       0x20 /usr/lib/gcc/avr/4.8.1/../../../avr/lib/avr5/libc.a(eeupd_block_atmega32.o)
                0x0000000000005416                __eeupd_block_m32
 .text.avr-libc
                0x0000000000005436       0x22 /usr/lib/gcc/avr/4.8.1/../../../avr/lib/avr5/libc.a(eeupd_byte_atmega32.o)
                0x0000000000005436                __eeupd_byte_m32
                0x0000000000005438                __eeupd_r18_m32
 .text.avr-libc
                0x0000000000005458       0x16 /usr/lib/gcc/avr/4.8.1/../../../avr/lib/avr5/libc.a(strnlen_P.o)
                0x0000000000005458                strnlen_P
 .text.avr-libc
                0x000000000000546e       0x16 /usr/lib/gcc/avr/4.8.1/../../../avr/lib/avr5/libc.a(strnlen.o)
                0x000000000000546e                strnlen
 .text.avr-libc
                0x0000000000005484       0x20 /usr/lib/gcc/avr/4.8.1/../../../avr/lib/avr5/libc.a(strrev.o)
                0x0000000000005484                strrev
 .text.avr-libc
                0x00000000000054a4       0x64 /usr/lib/gcc/avr/4.8.1/../../../avr/lib/avr5/libc.a(fputc.o)
                0x00000000000054a4                fputc
 .text.avr-libc
                0x0000000000005508       0xbc /usr/lib/gcc/avr/4.8.1/../../../avr/lib/avr5/libc.a(ultoa_invert.o)
                0x0000000000005508                __ultoa_invert
 .text.libgcc.mul
                0x00000000000055c4        0x0 /usr/lib/gcc/avr/4.8.1/avr5/libgcc.a(_prologue.o)
 .text.libgcc.div
                0x00000000000055c4        0x0 /usr/lib/gcc/avr/4.8.1/avr5/libgcc.a(_prologue.o)
 .text.libgcc   0x00000000000055c4        0x0 /usr/lib/gcc/avr/4.8.1/avr5/libgcc.a(_prologue.o)
 .text.libgcc.prologue
                0x00000000000055c4       0x38 /usr/lib/gcc/avr/4.8.1/avr5/libgcc.a(_prologue.o)
                0x00000000000055c4                __prologue_saves__
 .text.libgcc.builtins
                0x00000000000055fc        0x0 /usr/lib/gcc/avr/4.8.1/avr5/libgcc.a(_prologue.o)
 .text.libgcc.fmul
                0x00000000000055fc        0x0 /usr/lib/gcc/avr/4.8.1/avr5/libgcc.a(_prologue.o)
 .text.libgcc.fixed
                0x00000000000055fc        0x0 /usr/lib/gcc/avr/4.8.1/avr5/libgcc.a(_prologue.o)
 .text.libgcc.mul
                0x00000000000055fc        0x0 /usr/lib/gcc/avr/4.8.1/avr5/libgcc.a(_epilogue.o)
 .text.libgcc.div
                0x00000000000055fc        0x0 /usr/lib/gcc/avr/4.8.1/avr5/libgcc.a(_epilogue.o)
 .text.libgcc   0x00000000000055fc        0x0 /usr/lib/gcc/avr/4.8.1/avr5/libgcc.a(_epilogue.o)
 .text.libgcc.prologue
                0x00000000000055fc       0x36 /usr/lib/gcc/avr/4.8.1/avr5/libgcc.a(_epilogue.o)
                0x00000000000055fc                __epilogue_restores__
 .text.libgcc.builtins
                0x0000000000005632        0x0 /usr/lib/gcc/avr/4.8.1/avr5/libgcc.a(_epilogue.o)
 .text.libgcc.fmul
                0x0000000000005632        0x0 /usr/lib/gcc/avr/4.8.1/avr5/libgcc.a(_epilogue.o)
 .text.libgcc.fixed
                0x0000000000005632        0x0 /usr/lib/gcc/avr/4.8.1/avr5/libgcc.a(_epilogue.o)
                0x0000000000005632                . = ALIGN (0x2)
 *(.fini9)
 .fini9         0x0000000000005632        0x0 /usr/lib/gcc/avr/4.8.1/avr5/libgcc.a(_exit.o)
                0x0000000000005632                exit
                0x0000000000005632                _exit
 *(.fini9)
 *(.fini8)
 *(.fini8)
 *(.fini7)
 *(.fini7)
 *(.fini6)
 *(.fini6)
 *(.fini5)
 *(.fini5)
 *(.fini4)
 *(.fini4)
 *(.fini3)
 *(.fini3)
 *(.fini2)
 *(.fini2)
 *(.fini1)
 *(.fini1)
 *(.fini0)
 .fini0         0x0000000000005632        0x4 /usr/lib/gcc/avr/4.8.1/avr5/libgcc.a(_exit.o)
 *(.fini0)
                0x0000000000005636                _etext = .

.data           0x0000000000800060      0x5de load address 0x0000000000005636
                0x0000000000800060                PROVIDE (__data_start, .)
 *(.data)
 .data          0x0000000000800060        0x0 /usr/lib/gcc/avr/4.8.1/../../../avr/lib/avr5/crtm32.o
 .data          0x0000000000800060        0x0 obj/Release/delay_lib.o
 .data          0x0000000000800060        0x0 obj/Release/HD44780.o
 .data          0x0000000000800060        0x0 obj/Release/i2c.o
 .data          0x0000000000800060        0x0 obj/Release/ir_decode.o
 .data          0x0000000000800060        0x0 obj/Release/lockers.o
 .data          0x0000000000800060        0x2 obj/Release/main.o
                0x0000000000800060                toggle
                0x0000000000800061                start
 .data          0x0000000000800062        0x0 obj/Release/PCF8583.o
 .data          0x0000000000800062        0x0 obj/Release/termometer.o
 .data          0x0000000000800062        0x0 obj/Release/timer_2.o
 .data          0x0000000000800062        0xe obj/Release/uart.o
 .data          0x0000000000800070        0x0 /usr/lib/gcc/avr/4.8.1/avr5/libgcc.a(_udivmodqi4.o)
 .data          0x0000000000800070        0x0 /usr/lib/gcc/avr/4.8.1/avr5/libgcc.a(_udivmodhi4.o)
 .data          0x0000000000800070        0x0 /usr/lib/gcc/avr/4.8.1/avr5/libgcc.a(_divmodhi4.o)
 .data          0x0000000000800070        0x0 /usr/lib/gcc/avr/4.8.1/avr5/libgcc.a(_udivmodsi4.o)
 .data          0x0000000000800070        0x0 /usr/lib/gcc/avr/4.8.1/avr5/libgcc.a(_exit.o)
 .data          0x0000000000800070        0x0 /usr/lib/gcc/avr/4.8.1/avr5/libgcc.a(_copy_data.o)
 .data          0x0000000000800070        0x0 /usr/lib/gcc/avr/4.8.1/avr5/libgcc.a(_clear_bss.o)
 .data          0x0000000000800070        0x0 /usr/lib/gcc/avr/4.8.1/avr5/libgcc.a(_muluhisi3.o)
 .data          0x0000000000800070        0x0 /usr/lib/gcc/avr/4.8.1/avr5/libgcc.a(_umulhisi3.o)
 .data          0x0000000000800070        0x0 /usr/lib/gcc/avr/4.8.1/../../../avr/lib/avr5/libm.a(addsf3.o)
 .data          0x0000000000800070        0x0 /usr/lib/gcc/avr/4.8.1/../../../avr/lib/avr5/libm.a(addsf3x.o)
 .data          0x0000000000800070        0x0 /usr/lib/gcc/avr/4.8.1/../../../avr/lib/avr5/libm.a(cmpsf2.o)
 .data          0x0000000000800070        0x0 /usr/lib/gcc/avr/4.8.1/../../../avr/lib/avr5/libm.a(divsf3.o)
 .data          0x0000000000800070        0x0 /usr/lib/gcc/avr/4.8.1/../../../avr/lib/avr5/libm.a(divsf3x.o)
 .data          0x0000000000800070        0x0 /usr/lib/gcc/avr/4.8.1/../../../avr/lib/avr5/libm.a(fixsfsi.o)
 .data          0x0000000000800070        0x0 /usr/lib/gcc/avr/4.8.1/../../../avr/lib/avr5/libm.a(fixunssfsi.o)
 .data          0x0000000000800070        0x0 /usr/lib/gcc/avr/4.8.1/../../../avr/lib/avr5/libm.a(floatsisf.o)
 .data          0x0000000000800070        0x0 /usr/lib/gcc/avr/4.8.1/../../../avr/lib/avr5/libm.a(fp_cmp.o)
 .data          0x0000000000800070        0x0 /usr/lib/gcc/avr/4.8.1/../../../avr/lib/avr5/libm.a(fp_inf.o)
 .data          0x0000000000800070        0x0 /usr/lib/gcc/avr/4.8.1/../../../avr/lib/avr5/libm.a(fp_nan.o)
 .data          0x0000000000800070        0x0 /usr/lib/gcc/avr/4.8.1/../../../avr/lib/avr5/libm.a(fp_pscA.o)
 .data          0x0000000000800070        0x0 /usr/lib/gcc/avr/4.8.1/../../../avr/lib/avr5/libm.a(fp_pscB.o)
 .data          0x0000000000800070        0x0 /usr/lib/gcc/avr/4.8.1/../../../avr/lib/avr5/libm.a(fp_round.o)
 .data          0x0000000000800070        0x0 /usr/lib/gcc/avr/4.8.1/../../../avr/lib/avr5/libm.a(fp_split3.o)
 .data          0x0000000000800070        0x0 /usr/lib/gcc/avr/4.8.1/../../../avr/lib/avr5/libm.a(fp_zero.o)
 .data          0x0000000000800070        0x0 /usr/lib/gcc/avr/4.8.1/../../../avr/lib/avr5/libm.a(gesf2.o)
 .data          0x0000000000800070        0x0 /usr/lib/gcc/avr/4.8.1/../../../avr/lib/avr5/libm.a(mulsf3.o)
 .data          0x0000000000800070        0x0 /usr/lib/gcc/avr/4.8.1/../../../avr/lib/avr5/libm.a(mulsf3x.o)
 .data          0x0000000000800070        0x6 /usr/lib/gcc/avr/4.8.1/../../../avr/lib/avr5/libc.a(malloc.o)
                0x0000000000800070                __malloc_heap_end
                0x0000000000800072                __malloc_heap_start
                0x0000000000800074                __malloc_margin
 .data          0x0000000000800076        0x0 /usr/lib/gcc/avr/4.8.1/../../../avr/lib/avr5/libc.a(itoa.o)
 .data          0x0000000000800076        0x0 /usr/lib/gcc/avr/4.8.1/../../../avr/lib/avr5/libc.a(itoa_ncheck.o)
 .data          0x0000000000800076        0x0 /usr/lib/gcc/avr/4.8.1/../../../avr/lib/avr5/libc.a(utoa_ncheck.o)
 .data          0x0000000000800076        0x0 /usr/lib/gcc/avr/4.8.1/../../../avr/lib/avr5/libc.a(iob.o)
 .data          0x0000000000800076        0x0 /usr/lib/gcc/avr/4.8.1/../../../avr/lib/avr5/libc.a(printf.o)
 .data          0x0000000000800076        0x0 /usr/lib/gcc/avr/4.8.1/../../../avr/lib/avr5/libc.a(putchar.o)
 .data          0x0000000000800076        0x0 /usr/lib/gcc/avr/4.8.1/../../../avr/lib/avr5/libc.a(puts.o)
 .data          0x0000000000800076        0x0 /usr/lib/gcc/avr/4.8.1/../../../avr/lib/avr5/libc.a(vfprintf_std.o)
 .data          0x0000000000800076        0x0 /usr/lib/gcc/avr/4.8.1/../../../avr/lib/avr5/libc.a(eerd_block_atmega32.o)
 .data          0x0000000000800076        0x0 /usr/lib/gcc/avr/4.8.1/../../../avr/lib/avr5/libc.a(eeupd_block_atmega32.o)
 .data          0x0000000000800076        0x0 /usr/lib/gcc/avr/4.8.1/../../../avr/lib/avr5/libc.a(eeupd_byte_atmega32.o)
 .data          0x0000000000800076        0x0 /usr/lib/gcc/avr/4.8.1/../../../avr/lib/avr5/libc.a(strnlen_P.o)
 .data          0x0000000000800076        0x0 /usr/lib/gcc/avr/4.8.1/../../../avr/lib/avr5/libc.a(strnlen.o)
 .data          0x0000000000800076        0x0 /usr/lib/gcc/avr/4.8.1/../../../avr/lib/avr5/libc.a(strrev.o)
 .data          0x0000000000800076        0x0 /usr/lib/gcc/avr/4.8.1/../../../avr/lib/avr5/libc.a(fputc.o)
 .data          0x0000000000800076        0x0 /usr/lib/gcc/avr/4.8.1/../../../avr/lib/avr5/libc.a(ultoa_invert.o)
 .data          0x0000000000800076        0x0 /usr/lib/gcc/avr/4.8.1/avr5/libgcc.a(_prologue.o)
 .data          0x0000000000800076        0x0 /usr/lib/gcc/avr/4.8.1/avr5/libgcc.a(_epilogue.o)
 *(.data*)
 *(.rodata)
 .rodata        0x0000000000800076        0x2 obj/Release/main.o
                0x0000000000800076                liczbaPodprogramow
 *(.rodata*)
 .rodata.str1.1
                0x0000000000800078       0xdc obj/Release/lockers.o
 .rodata.str1.1
                0x0000000000800154      0x4ea obj/Release/main.o
                                        0x520 (size before relaxing)
 *(.gnu.linkonce.d*)
                0x000000000080063e                . = ALIGN (0x2)
                0x000000000080063e                _edata = .
                0x000000000080063e                PROVIDE (__data_end, .)

.bss            0x000000000080063e      0x103
                0x000000000080063e                PROVIDE (__bss_start, .)
 *(.bss)
 .bss           0x000000000080063e        0x0 /usr/lib/gcc/avr/4.8.1/../../../avr/lib/avr5/crtm32.o
 .bss           0x000000000080063e        0x0 obj/Release/delay_lib.o
 .bss           0x000000000080063e        0x0 obj/Release/HD44780.o
 .bss           0x000000000080063e        0x0 obj/Release/i2c.o
 .bss           0x000000000080063e        0x6 obj/Release/ir_decode.o
 .bss           0x0000000000800644        0x0 obj/Release/lockers.o
 .bss           0x0000000000800644        0xd obj/Release/main.o
                0x0000000000800644                cyfra
                0x0000000000800645                pozycja
                0x0000000000800646                switch_menu
                0x0000000000800647                refresh_screen
                0x0000000000800648                backlight_of_lcd
                0x0000000000800649                pilot_state
                0x000000000080064a                moveStep
                0x000000000080064b                menu
 .bss           0x0000000000800651        0x0 obj/Release/PCF8583.o
 .bss           0x0000000000800651        0x0 obj/Release/termometer.o
 .bss           0x0000000000800651        0x0 obj/Release/timer_2.o
 .bss           0x0000000000800651        0x8 obj/Release/uart.o
                0x0000000000800651                uart_tx_t
                0x0000000000800653                uart_tx_h
                0x0000000000800655                uart_rx_t
                0x0000000000800657                uart_rx_h
 .bss           0x0000000000800659        0x0 /usr/lib/gcc/avr/4.8.1/avr5/libgcc.a(_udivmodqi4.o)
 .bss           0x0000000000800659        0x0 /usr/lib/gcc/avr/4.8.1/avr5/libgcc.a(_udivmodhi4.o)
 .bss           0x0000000000800659        0x0 /usr/lib/gcc/avr/4.8.1/avr5/libgcc.a(_divmodhi4.o)
 .bss           0x0000000000800659        0x0 /usr/lib/gcc/avr/4.8.1/avr5/libgcc.a(_udivmodsi4.o)
 .bss           0x0000000000800659        0x0 /usr/lib/gcc/avr/4.8.1/avr5/libgcc.a(_exit.o)
 .bss           0x0000000000800659        0x0 /usr/lib/gcc/avr/4.8.1/avr5/libgcc.a(_copy_data.o)
 .bss           0x0000000000800659        0x0 /usr/lib/gcc/avr/4.8.1/avr5/libgcc.a(_clear_bss.o)
 .bss           0x0000000000800659        0x0 /usr/lib/gcc/avr/4.8.1/avr5/libgcc.a(_muluhisi3.o)
 .bss           0x0000000000800659        0x0 /usr/lib/gcc/avr/4.8.1/avr5/libgcc.a(_umulhisi3.o)
 .bss           0x0000000000800659        0x0 /usr/lib/gcc/avr/4.8.1/../../../avr/lib/avr5/libm.a(addsf3.o)
 .bss           0x0000000000800659        0x0 /usr/lib/gcc/avr/4.8.1/../../../avr/lib/avr5/libm.a(addsf3x.o)
 .bss           0x0000000000800659        0x0 /usr/lib/gcc/avr/4.8.1/../../../avr/lib/avr5/libm.a(cmpsf2.o)
 .bss           0x0000000000800659        0x0 /usr/lib/gcc/avr/4.8.1/../../../avr/lib/avr5/libm.a(divsf3.o)
 .bss           0x0000000000800659        0x0 /usr/lib/gcc/avr/4.8.1/../../../avr/lib/avr5/libm.a(divsf3x.o)
 .bss           0x0000000000800659        0x0 /usr/lib/gcc/avr/4.8.1/../../../avr/lib/avr5/libm.a(fixsfsi.o)
 .bss           0x0000000000800659        0x0 /usr/lib/gcc/avr/4.8.1/../../../avr/lib/avr5/libm.a(fixunssfsi.o)
 .bss           0x0000000000800659        0x0 /usr/lib/gcc/avr/4.8.1/../../../avr/lib/avr5/libm.a(floatsisf.o)
 .bss           0x0000000000800659        0x0 /usr/lib/gcc/avr/4.8.1/../../../avr/lib/avr5/libm.a(fp_cmp.o)
 .bss           0x0000000000800659        0x0 /usr/lib/gcc/avr/4.8.1/../../../avr/lib/avr5/libm.a(fp_inf.o)
 .bss           0x0000000000800659        0x0 /usr/lib/gcc/avr/4.8.1/../../../avr/lib/avr5/libm.a(fp_nan.o)
 .bss           0x0000000000800659        0x0 /usr/lib/gcc/avr/4.8.1/../../../avr/lib/avr5/libm.a(fp_pscA.o)
 .bss           0x0000000000800659        0x0 /usr/lib/gcc/avr/4.8.1/../../../avr/lib/avr5/libm.a(fp_pscB.o)
 .bss           0x0000000000800659        0x0 /usr/lib/gcc/avr/4.8.1/../../../avr/lib/avr5/libm.a(fp_round.o)
 .bss           0x0000000000800659        0x0 /usr/lib/gcc/avr/4.8.1/../../../avr/lib/avr5/libm.a(fp_split3.o)
 .bss           0x0000000000800659        0x0 /usr/lib/gcc/avr/4.8.1/../../../avr/lib/avr5/libm.a(fp_zero.o)
 .bss           0x0000000000800659        0x0 /usr/lib/gcc/avr/4.8.1/../../../avr/lib/avr5/libm.a(gesf2.o)
 .bss           0x0000000000800659        0x0 /usr/lib/gcc/avr/4.8.1/../../../avr/lib/avr5/libm.a(mulsf3.o)
 .bss           0x0000000000800659        0x0 /usr/lib/gcc/avr/4.8.1/../../../avr/lib/avr5/libm.a(mulsf3x.o)
 .bss           0x0000000000800659        0x0 /usr/lib/gcc/avr/4.8.1/../../../avr/lib/avr5/libc.a(malloc.o)
 .bss           0x0000000000800659        0x0 /usr/lib/gcc/avr/4.8.1/../../../avr/lib/avr5/libc.a(itoa.o)
 .bss           0x0000000000800659        0x0 /usr/lib/gcc/avr/4.8.1/../../../avr/lib/avr5/libc.a(itoa_ncheck.o)
 .bss           0x0000000000800659        0x0 /usr/lib/gcc/avr/4.8.1/../../../avr/lib/avr5/libc.a(utoa_ncheck.o)
 .bss           0x0000000000800659        0x0 /usr/lib/gcc/avr/4.8.1/../../../avr/lib/avr5/libc.a(iob.o)
 .bss           0x0000000000800659        0x0 /usr/lib/gcc/avr/4.8.1/../../../avr/lib/avr5/libc.a(printf.o)
 .bss           0x0000000000800659        0x0 /usr/lib/gcc/avr/4.8.1/../../../avr/lib/avr5/libc.a(putchar.o)
 .bss           0x0000000000800659        0x0 /usr/lib/gcc/avr/4.8.1/../../../avr/lib/avr5/libc.a(puts.o)
 .bss           0x0000000000800659        0x0 /usr/lib/gcc/avr/4.8.1/../../../avr/lib/avr5/libc.a(vfprintf_std.o)
 .bss           0x0000000000800659        0x0 /usr/lib/gcc/avr/4.8.1/../../../avr/lib/avr5/libc.a(eerd_block_atmega32.o)
 .bss           0x0000000000800659        0x0 /usr/lib/gcc/avr/4.8.1/../../../avr/lib/avr5/libc.a(eeupd_block_atmega32.o)
 .bss           0x0000000000800659        0x0 /usr/lib/gcc/avr/4.8.1/../../../avr/lib/avr5/libc.a(eeupd_byte_atmega32.o)
 .bss           0x0000000000800659        0x0 /usr/lib/gcc/avr/4.8.1/../../../avr/lib/avr5/libc.a(strnlen_P.o)
 .bss           0x0000000000800659        0x0 /usr/lib/gcc/avr/4.8.1/../../../avr/lib/avr5/libc.a(strnlen.o)
 .bss           0x0000000000800659        0x0 /usr/lib/gcc/avr/4.8.1/../../../avr/lib/avr5/libc.a(strrev.o)
 .bss           0x0000000000800659        0x0 /usr/lib/gcc/avr/4.8.1/../../../avr/lib/avr5/libc.a(fputc.o)
 .bss           0x0000000000800659        0x0 /usr/lib/gcc/avr/4.8.1/../../../avr/lib/avr5/libc.a(ultoa_invert.o)
 .bss           0x0000000000800659        0x0 /usr/lib/gcc/avr/4.8.1/avr5/libgcc.a(_prologue.o)
 .bss           0x0000000000800659        0x0 /usr/lib/gcc/avr/4.8.1/avr5/libgcc.a(_epilogue.o)
 *(.bss*)
 *(COMMON)
 COMMON         0x0000000000800659        0x1 obj/Release/HD44780.o
                0x0000000000800659                LCD_position
 COMMON         0x000000000080065a        0x5 obj/Release/ir_decode.o
                0x000000000080065a                toggle_bit
                0x000000000080065b                address
                0x000000000080065c                command
                0x000000000080065d                rc5cnt
                0x000000000080065e                Ir_key_press_flag
 COMMON         0x000000000080065f       0x46 obj/Release/lockers.o
                0x000000000080065f                termometer_temperature
                0x0000000000800663                t
                0x0000000000800665                timer
                0x0000000000800666                cnt
                0x0000000000800667                w
                0x0000000000800668                states_table
                0x0000000000800672                RGB_Green
                0x0000000000800673                save_info_table
                0x000000000080067d                interr
                0x000000000080067e                RGB_Red
                0x000000000080067f                checking_lockers_state
                0x0000000000800680                c
                0x0000000000800682                overflow_timer_2
                0x0000000000800684                hsek
                0x0000000000800685                godz
                0x0000000000800686                min
                0x0000000000800687                miesiac
                0x0000000000800688                rozmiar
                0x000000000080068a                frame
                0x0000000000800692                s
                0x0000000000800693                zwiekszanie
                0x0000000000800695                sek
                0x0000000000800696                rok
                0x0000000000800698                dzien_tygodnia
                0x0000000000800699                ds18b20_pad
                0x000000000080069b                state_temp
                0x000000000080069c                e
                0x000000000080069d                start_program
                0x000000000080069e                u
                0x000000000080069f                maximum_temperature
                0x00000000008006a2                RGB_Blue
                0x00000000008006a3                rano_wieczor
                0x00000000008006a4                dzien
 COMMON         0x00000000008006a5        0x2 obj/Release/timer_2.o
                0x00000000008006a5                pwm1
                0x00000000008006a6                pwm2
 COMMON         0x00000000008006a7       0x90 obj/Release/uart.o
                0x00000000008006a7                UART_TX_BUF
                0x0000000000800727                UART_RX_BUF
 COMMON         0x0000000000800737        0x4 /usr/lib/gcc/avr/4.8.1/../../../avr/lib/avr5/libc.a(malloc.o)
                0x0000000000800737                __brkval
                0x0000000000800739                __flp
 COMMON         0x000000000080073b        0x6 /usr/lib/gcc/avr/4.8.1/../../../avr/lib/avr5/libc.a(iob.o)
                0x000000000080073b                __iob
                0x0000000000800741                PROVIDE (__bss_end, .)
                0x0000000000005636                __data_load_start = LOADADDR (.data)
                0x0000000000005c14                __data_load_end = (__data_load_start + SIZEOF (.data))

.noinit         0x0000000000800741        0x0
                0x0000000000800741                PROVIDE (__noinit_start, .)
 *(.noinit*)
                0x0000000000800741                PROVIDE (__noinit_end, .)
                0x0000000000800741                _end = .
                0x0000000000800741                PROVIDE (__heap_start, .)

.eeprom         0x0000000000810000        0x0
 *(.eeprom*)
                0x0000000000810000                __eeprom_end = .

.fuse
 *(.fuse)
 *(.lfuse)
 *(.hfuse)
 *(.efuse)

.lock
 *(.lock*)

.signature
 *(.signature*)

.user_signatures
 *(.user_signatures*)

.stab
 *(.stab)

.stabstr
 *(.stabstr)

.stab.excl
 *(.stab.excl)

.stab.exclstr
 *(.stab.exclstr)

.stab.index
 *(.stab.index)

.stab.indexstr
 *(.stab.indexstr)

.comment        0x0000000000000000       0x11
 *(.comment)
 .comment       0x0000000000000000       0x11 obj/Release/delay_lib.o
                                         0x12 (size before relaxing)
 .comment       0x0000000000000000       0x12 obj/Release/HD44780.o
 .comment       0x0000000000000000       0x12 obj/Release/i2c.o
 .comment       0x0000000000000000       0x12 obj/Release/ir_decode.o
 .comment       0x0000000000000000       0x12 obj/Release/lockers.o
 .comment       0x0000000000000000       0x12 obj/Release/main.o
 .comment       0x0000000000000000       0x12 obj/Release/PCF8583.o
 .comment       0x0000000000000000       0x12 obj/Release/termometer.o
 .comment       0x0000000000000000       0x12 obj/Release/timer_2.o
 .comment       0x0000000000000000       0x12 obj/Release/uart.o
 .comment       0x0000000000000000       0x12 /usr/lib/gcc/avr/4.8.1/../../../avr/lib/avr5/libc.a(malloc.o)
 .comment       0x0000000000000000       0x12 /usr/lib/gcc/avr/4.8.1/../../../avr/lib/avr5/libc.a(iob.o)
 .comment       0x0000000000000000       0x12 /usr/lib/gcc/avr/4.8.1/../../../avr/lib/avr5/libc.a(printf.o)
 .comment       0x0000000000000000       0x12 /usr/lib/gcc/avr/4.8.1/../../../avr/lib/avr5/libc.a(putchar.o)
 .comment       0x0000000000000000       0x12 /usr/lib/gcc/avr/4.8.1/../../../avr/lib/avr5/libc.a(puts.o)
 .comment       0x0000000000000000       0x12 /usr/lib/gcc/avr/4.8.1/../../../avr/lib/avr5/libc.a(vfprintf_std.o)
 .comment       0x0000000000000000       0x12 /usr/lib/gcc/avr/4.8.1/../../../avr/lib/avr5/libc.a(fputc.o)

.note.gnu.build-id
 *(.note.gnu.build-id)

.debug
 *(.debug)

.line
 *(.line)

.debug_srcinfo
 *(.debug_srcinfo)

.debug_sfnames
 *(.debug_sfnames)

.debug_aranges
 *(.debug_aranges)

.debug_pubnames
 *(.debug_pubnames)

.debug_info
 *(.debug_info .gnu.linkonce.wi.*)

.debug_abbrev
 *(.debug_abbrev)

.debug_line
 *(.debug_line .debug_line.* .debug_line_end)

.debug_frame
 *(.debug_frame)

.debug_str
 *(.debug_str)

.debug_loc
 *(.debug_loc)

.debug_macinfo
 *(.debug_macinfo)

.debug_weaknames
 *(.debug_weaknames)

.debug_funcnames
 *(.debug_funcnames)

.debug_typenames
 *(.debug_typenames)

.debug_varnames
 *(.debug_varnames)

.debug_pubtypes
 *(.debug_pubtypes)

.debug_ranges
 *(.debug_ranges)

.debug_macro
 *(.debug_macro)
OUTPUT(bin/Release/ATmega32.elf elf32-avr)
LOAD linker stubs

Cross Reference Table

Symbol                                            File
Ir_key_press_flag                                 obj/Release/ir_decode.o
                                                  obj/Release/main.o
LCD_BacklightOff                                  obj/Release/HD44780.o
                                                  obj/Release/main.o
LCD_BacklightOn                                   obj/Release/HD44780.o
                                                  obj/Release/main.o
LCD_Clear                                         obj/Release/HD44780.o
                                                  obj/Release/main.o
LCD_Displaying                                    obj/Release/HD44780.o
                                                  obj/Release/main.o
LCD_Erase                                         obj/Release/HD44780.o
                                                  obj/Release/main.o
LCD_GoTo                                          obj/Release/HD44780.o
                                                  obj/Release/main.o
LCD_Hex                                           obj/Release/HD44780.o
LCD_Home                                          obj/Release/HD44780.o
                                                  obj/Release/main.o
LCD_Initalize                                     obj/Release/HD44780.o
                                                  obj/Release/main.o
LCD_Int                                           obj/Release/HD44780.o
                                                  obj/Release/main.o
LCD_MoveLeft                                      obj/Release/HD44780.o
                                                  obj/Release/main.o
LCD_MoveRight                                     obj/Release/HD44780.o
                                                  obj/Release/main.o
LCD_ReadData                                      obj/Release/HD44780.o
                                                  obj/Release/main.o
LCD_ReadStatus                                    obj/Release/HD44780.o
LCD_WriteCommand                                  obj/Release/HD44780.o
LCD_WriteData                                     obj/Release/HD44780.o
                                                  obj/Release/main.o
LCD_WriteText                                     obj/Release/HD44780.o
                                                  obj/Release/main.o
LCD_position                                      obj/Release/timer_2.o
                                                  obj/Release/main.o
                                                  obj/Release/lockers.o
                                                  obj/Release/HD44780.o
LCD_position_decrease                             obj/Release/HD44780.o
LCD_position_increase                             obj/Release/HD44780.o
OneWireReadByte                                   obj/Release/termometer.o
OneWireReset                                      obj/Release/termometer.o
OneWireStrong                                     obj/Release/termometer.o
OneWireWriteByte                                  obj/Release/termometer.o
PCF8583_12h_format                                obj/Release/PCF8583.o
PCF8583_24h_format                                obj/Release/PCF8583.o
                                                  obj/Release/main.o
PCF8583_address                                   obj/Release/PCF8583.o
                                                  obj/Release/main.o
PCF8583_alarm_flag_off                            obj/Release/PCF8583.o
                                                  obj/Release/main.o
PCF8583_alarm_flag_on                             obj/Release/PCF8583.o
                                                  obj/Release/main.o
PCF8583_alarm_interrupt_off                       obj/Release/PCF8583.o
                                                  obj/Release/main.o
PCF8583_alarm_interrupt_on                        obj/Release/PCF8583.o
                                                  obj/Release/main.o
PCF8583_get_alarm_time                            obj/Release/PCF8583.o
PCF8583_get_time                                  obj/Release/PCF8583.o
PCF8583_get_wall_alarm                            obj/Release/PCF8583.o
                                                  obj/Release/main.o
PCF8583_get_wall_time                             obj/Release/PCF8583.o
                                                  obj/Release/main.o
                                                  obj/Release/lockers.o
PCF8583_hold_off                                  obj/Release/PCF8583.o
PCF8583_hold_on                                   obj/Release/PCF8583.o
PCF8583_init                                      obj/Release/PCF8583.o
                                                  obj/Release/main.o
PCF8583_is_12h_24h_format                         obj/Release/PCF8583.o
PCF8583_is_alarm_flag_set                         obj/Release/PCF8583.o
                                                  obj/Release/main.o
PCF8583_is_alarm_interrupt                        obj/Release/PCF8583.o
                                                  obj/Release/main.o
PCF8583_is_clock_counting                         obj/Release/PCF8583.o
                                                  obj/Release/main.o
PCF8583_is_timer_flag_set                         obj/Release/PCF8583.o
                                                  obj/Release/main.o
PCF8583_is_timer_interrupt                        obj/Release/PCF8583.o
                                                  obj/Release/main.o
PCF8583_mask_off                                  obj/Release/PCF8583.o
PCF8583_mask_on                                   obj/Release/PCF8583.o
PCF8583_read                                      obj/Release/PCF8583.o
                                                  obj/Release/lockers.o
PCF8583_read_word                                 obj/Release/PCF8583.o
                                                  obj/Release/lockers.o
PCF8583_recognise_type_of_alarm                   obj/Release/PCF8583.o
                                                  obj/Release/main.o
PCF8583_recognise_type_of_timer_alarm             obj/Release/PCF8583.o
                                                  obj/Release/main.o
PCF8583_set_alarm_time                            obj/Release/PCF8583.o
                                                  obj/Release/main.o
PCF8583_set_time                                  obj/Release/PCF8583.o
                                                  obj/Release/main.o
PCF8583_set_timer_mode                            obj/Release/PCF8583.o
                                                  obj/Release/main.o
PCF8583_set_type_of_alarm                         obj/Release/PCF8583.o
                                                  obj/Release/main.o
PCF8583_start                                     obj/Release/PCF8583.o
                                                  obj/Release/main.o
PCF8583_stop                                      obj/Release/PCF8583.o
                                                  obj/Release/main.o
PCF8583_timer_alarm_off                           obj/Release/PCF8583.o
                                                  obj/Release/main.o
PCF8583_timer_alarm_on                            obj/Release/PCF8583.o
                                                  obj/Release/main.o
PCF8583_timer_flag_off                            obj/Release/PCF8583.o
                                                  obj/Release/main.o
PCF8583_timer_flag_on                             obj/Release/PCF8583.o
                                                  obj/Release/main.o
PCF8583_timer_interrupt_off                       obj/Release/PCF8583.o
                                                  obj/Release/main.o
PCF8583_timer_interrupt_on                        obj/Release/PCF8583.o
                                                  obj/Release/main.o
PCF8583_timer_mode                                obj/Release/PCF8583.o
                                                  obj/Release/main.o
PCF8583_write                                     obj/Release/PCF8583.o
                                                  obj/Release/lockers.o
PCF8583_write_word                                obj/Release/PCF8583.o
                                                  obj/Release/lockers.o
RGB_Blue                                          obj/Release/timer_2.o
                                                  obj/Release/main.o
                                                  obj/Release/lockers.o
RGB_Green                                         obj/Release/timer_2.o
                                                  obj/Release/main.o
                                                  obj/Release/lockers.o
RGB_Red                                           obj/Release/timer_2.o
                                                  obj/Release/main.o
                                                  obj/Release/lockers.o
RGB_init                                          obj/Release/timer_2.o
                                                  obj/Release/main.o
UART_RX_BUF                                       obj/Release/uart.o
UART_TX_BUF                                       obj/Release/uart.o
USART_Transmit                                    obj/Release/uart.o
_LCD_InNibble                                     obj/Release/HD44780.o
_LCD_OutNibble                                    obj/Release/HD44780.o
_LCD_Read                                         obj/Release/HD44780.o
_LCD_Write                                        obj/Release/HD44780.o
__addsf3                                          /usr/lib/gcc/avr/4.8.1/../../../avr/lib/avr5/libm.a(addsf3.o)
                                                  obj/Release/main.o
__addsf3x                                         /usr/lib/gcc/avr/4.8.1/../../../avr/lib/avr5/libm.a(addsf3x.o)
                                                  /usr/lib/gcc/avr/4.8.1/../../../avr/lib/avr5/libm.a(addsf3.o)
__bad_interrupt                                   /usr/lib/gcc/avr/4.8.1/../../../avr/lib/avr5/crtm32.o
__brkval                                          /usr/lib/gcc/avr/4.8.1/../../../avr/lib/avr5/libc.a(malloc.o)
__bss_end                                         /usr/lib/gcc/avr/4.8.1/avr5/libgcc.a(_clear_bss.o)
__bss_start                                       /usr/lib/gcc/avr/4.8.1/avr5/libgcc.a(_clear_bss.o)
__cmpsf2                                          /usr/lib/gcc/avr/4.8.1/../../../avr/lib/avr5/libm.a(cmpsf2.o)
__data_end                                        /usr/lib/gcc/avr/4.8.1/avr5/libgcc.a(_copy_data.o)
__data_load_start                                 /usr/lib/gcc/avr/4.8.1/avr5/libgcc.a(_copy_data.o)
__data_start                                      /usr/lib/gcc/avr/4.8.1/avr5/libgcc.a(_copy_data.o)
__divmodhi4                                       /usr/lib/gcc/avr/4.8.1/avr5/libgcc.a(_divmodhi4.o)
                                                  obj/Release/main.o
__divsf3                                          /usr/lib/gcc/avr/4.8.1/../../../avr/lib/avr5/libm.a(divsf3.o)
                                                  obj/Release/main.o
                                                  obj/Release/delay_lib.o
__divsf3_pse                                      /usr/lib/gcc/avr/4.8.1/../../../avr/lib/avr5/libm.a(divsf3x.o)
__divsf3x                                         /usr/lib/gcc/avr/4.8.1/../../../avr/lib/avr5/libm.a(divsf3x.o)
                                                  /usr/lib/gcc/avr/4.8.1/../../../avr/lib/avr5/libm.a(divsf3.o)
__do_clear_bss                                    /usr/lib/gcc/avr/4.8.1/avr5/libgcc.a(_clear_bss.o)
                                                  /usr/lib/gcc/avr/4.8.1/../../../avr/lib/avr5/libc.a(iob.o)
                                                  /usr/lib/gcc/avr/4.8.1/../../../avr/lib/avr5/libc.a(malloc.o)
                                                  obj/Release/uart.o
                                                  obj/Release/timer_2.o
                                                  obj/Release/termometer.o
                                                  obj/Release/PCF8583.o
                                                  obj/Release/main.o
                                                  obj/Release/lockers.o
                                                  obj/Release/ir_decode.o
                                                  obj/Release/HD44780.o
__do_copy_data                                    /usr/lib/gcc/avr/4.8.1/avr5/libgcc.a(_copy_data.o)
                                                  /usr/lib/gcc/avr/4.8.1/../../../avr/lib/avr5/libc.a(malloc.o)
                                                  obj/Release/uart.o
                                                  obj/Release/main.o
                                                  obj/Release/lockers.o
__eerd_block_m32                                  /usr/lib/gcc/avr/4.8.1/../../../avr/lib/avr5/libc.a(eerd_block_atmega32.o)
                                                  obj/Release/lockers.o
__eerd_blraw_m32                                  /usr/lib/gcc/avr/4.8.1/../../../avr/lib/avr5/libc.a(eerd_block_atmega32.o)
__eeupd_block_m32                                 /usr/lib/gcc/avr/4.8.1/../../../avr/lib/avr5/libc.a(eeupd_block_atmega32.o)
                                                  obj/Release/lockers.o
__eeupd_byte_m32                                  /usr/lib/gcc/avr/4.8.1/../../../avr/lib/avr5/libc.a(eeupd_byte_atmega32.o)
                                                  obj/Release/lockers.o
__eeupd_r18_m32                                   /usr/lib/gcc/avr/4.8.1/../../../avr/lib/avr5/libc.a(eeupd_byte_atmega32.o)
                                                  /usr/lib/gcc/avr/4.8.1/../../../avr/lib/avr5/libc.a(eeupd_block_atmega32.o)
__epilogue_restores__                             /usr/lib/gcc/avr/4.8.1/avr5/libgcc.a(_epilogue.o)
                                                  /usr/lib/gcc/avr/4.8.1/../../../avr/lib/avr5/libc.a(vfprintf_std.o)
                                                  /usr/lib/gcc/avr/4.8.1/../../../avr/lib/avr5/libc.a(printf.o)
__eqsf2                                           /usr/lib/gcc/avr/4.8.1/../../../avr/lib/avr5/libm.a(cmpsf2.o)
__fixsfsi                                         /usr/lib/gcc/avr/4.8.1/../../../avr/lib/avr5/libm.a(fixsfsi.o)
                                                  obj/Release/main.o
__fixunssfsi                                      /usr/lib/gcc/avr/4.8.1/../../../avr/lib/avr5/libm.a(fixunssfsi.o)
                                                  /usr/lib/gcc/avr/4.8.1/../../../avr/lib/avr5/libm.a(fixsfsi.o)
                                                  obj/Release/main.o
                                                  obj/Release/delay_lib.o
__floatsisf                                       /usr/lib/gcc/avr/4.8.1/../../../avr/lib/avr5/libm.a(floatsisf.o)
                                                  obj/Release/termometer.o
                                                  obj/Release/main.o
__floatunsisf                                     /usr/lib/gcc/avr/4.8.1/../../../avr/lib/avr5/libm.a(floatsisf.o)
                                                  obj/Release/main.o
__flp                                             /usr/lib/gcc/avr/4.8.1/../../../avr/lib/avr5/libc.a(malloc.o)
__fp_cmp                                          /usr/lib/gcc/avr/4.8.1/../../../avr/lib/avr5/libm.a(fp_cmp.o)
                                                  /usr/lib/gcc/avr/4.8.1/../../../avr/lib/avr5/libm.a(gesf2.o)
                                                  /usr/lib/gcc/avr/4.8.1/../../../avr/lib/avr5/libm.a(cmpsf2.o)
__fp_inf                                          /usr/lib/gcc/avr/4.8.1/../../../avr/lib/avr5/libm.a(fp_inf.o)
                                                  /usr/lib/gcc/avr/4.8.1/../../../avr/lib/avr5/libm.a(mulsf3x.o)
                                                  /usr/lib/gcc/avr/4.8.1/../../../avr/lib/avr5/libm.a(divsf3x.o)
                                                  /usr/lib/gcc/avr/4.8.1/../../../avr/lib/avr5/libm.a(addsf3x.o)
__fp_nan                                          /usr/lib/gcc/avr/4.8.1/../../../avr/lib/avr5/libm.a(fp_nan.o)
                                                  /usr/lib/gcc/avr/4.8.1/../../../avr/lib/avr5/libm.a(mulsf3x.o)
                                                  /usr/lib/gcc/avr/4.8.1/../../../avr/lib/avr5/libm.a(divsf3x.o)
                                                  /usr/lib/gcc/avr/4.8.1/../../../avr/lib/avr5/libm.a(addsf3x.o)
__fp_pscA                                         /usr/lib/gcc/avr/4.8.1/../../../avr/lib/avr5/libm.a(fp_pscA.o)
                                                  /usr/lib/gcc/avr/4.8.1/../../../avr/lib/avr5/libm.a(mulsf3x.o)
                                                  /usr/lib/gcc/avr/4.8.1/../../../avr/lib/avr5/libm.a(divsf3x.o)
                                                  /usr/lib/gcc/avr/4.8.1/../../../avr/lib/avr5/libm.a(addsf3x.o)
__fp_pscB                                         /usr/lib/gcc/avr/4.8.1/../../../avr/lib/avr5/libm.a(fp_pscB.o)
                                                  /usr/lib/gcc/avr/4.8.1/../../../avr/lib/avr5/libm.a(mulsf3x.o)
                                                  /usr/lib/gcc/avr/4.8.1/../../../avr/lib/avr5/libm.a(divsf3x.o)
                                                  /usr/lib/gcc/avr/4.8.1/../../../avr/lib/avr5/libm.a(addsf3x.o)
__fp_round                                        /usr/lib/gcc/avr/4.8.1/../../../avr/lib/avr5/libm.a(fp_round.o)
                                                  /usr/lib/gcc/avr/4.8.1/../../../avr/lib/avr5/libm.a(mulsf3.o)
                                                  /usr/lib/gcc/avr/4.8.1/../../../avr/lib/avr5/libm.a(divsf3.o)
                                                  /usr/lib/gcc/avr/4.8.1/../../../avr/lib/avr5/libm.a(addsf3.o)
__fp_split3                                       /usr/lib/gcc/avr/4.8.1/../../../avr/lib/avr5/libm.a(fp_split3.o)
                                                  /usr/lib/gcc/avr/4.8.1/../../../avr/lib/avr5/libm.a(mulsf3x.o)
                                                  /usr/lib/gcc/avr/4.8.1/../../../avr/lib/avr5/libm.a(divsf3x.o)
                                                  /usr/lib/gcc/avr/4.8.1/../../../avr/lib/avr5/libm.a(addsf3x.o)
__fp_splitA                                       /usr/lib/gcc/avr/4.8.1/../../../avr/lib/avr5/libm.a(fp_split3.o)
                                                  /usr/lib/gcc/avr/4.8.1/../../../avr/lib/avr5/libm.a(fixunssfsi.o)
__fp_szero                                        /usr/lib/gcc/avr/4.8.1/../../../avr/lib/avr5/libm.a(fp_zero.o)
                                                  /usr/lib/gcc/avr/4.8.1/../../../avr/lib/avr5/libm.a(mulsf3x.o)
                                                  /usr/lib/gcc/avr/4.8.1/../../../avr/lib/avr5/libm.a(fixsfsi.o)
                                                  /usr/lib/gcc/avr/4.8.1/../../../avr/lib/avr5/libm.a(divsf3x.o)
__fp_zero                                         /usr/lib/gcc/avr/4.8.1/../../../avr/lib/avr5/libm.a(fp_zero.o)
                                                  /usr/lib/gcc/avr/4.8.1/../../../avr/lib/avr5/libm.a(fixunssfsi.o)
                                                  /usr/lib/gcc/avr/4.8.1/../../../avr/lib/avr5/libm.a(addsf3x.o)
__gesf2                                           /usr/lib/gcc/avr/4.8.1/../../../avr/lib/avr5/libm.a(gesf2.o)
__gtsf2                                           /usr/lib/gcc/avr/4.8.1/../../../avr/lib/avr5/libm.a(gesf2.o)
                                                  obj/Release/main.o
                                                  obj/Release/delay_lib.o
__heap_end                                        /usr/lib/gcc/avr/4.8.1/../../../avr/lib/avr5/crtm32.o
                                                  /usr/lib/gcc/avr/4.8.1/../../../avr/lib/avr5/libc.a(malloc.o)
__heap_start                                      /usr/lib/gcc/avr/4.8.1/../../../avr/lib/avr5/libc.a(malloc.o)
__init                                            /usr/lib/gcc/avr/4.8.1/../../../avr/lib/avr5/crtm32.o
__iob                                             /usr/lib/gcc/avr/4.8.1/../../../avr/lib/avr5/libc.a(iob.o)
                                                  /usr/lib/gcc/avr/4.8.1/../../../avr/lib/avr5/libc.a(puts.o)
                                                  /usr/lib/gcc/avr/4.8.1/../../../avr/lib/avr5/libc.a(putchar.o)
                                                  /usr/lib/gcc/avr/4.8.1/../../../avr/lib/avr5/libc.a(printf.o)
                                                  obj/Release/uart.o
__itoa                                            /usr/lib/gcc/avr/4.8.1/../../../avr/lib/avr5/libc.a(itoa.o)
                                                  obj/Release/uart.o
__itoa_ncheck                                     /usr/lib/gcc/avr/4.8.1/../../../avr/lib/avr5/libc.a(itoa_ncheck.o)
                                                  /usr/lib/gcc/avr/4.8.1/../../../avr/lib/avr5/libc.a(itoa.o)
                                                  obj/Release/HD44780.o
__lesf2                                           /usr/lib/gcc/avr/4.8.1/../../../avr/lib/avr5/libm.a(cmpsf2.o)
__ltsf2                                           /usr/lib/gcc/avr/4.8.1/../../../avr/lib/avr5/libm.a(cmpsf2.o)
                                                  obj/Release/main.o
                                                  obj/Release/delay_lib.o
__malloc_heap_end                                 /usr/lib/gcc/avr/4.8.1/../../../avr/lib/avr5/libc.a(malloc.o)
__malloc_heap_start                               /usr/lib/gcc/avr/4.8.1/../../../avr/lib/avr5/libc.a(malloc.o)
__malloc_margin                                   /usr/lib/gcc/avr/4.8.1/../../../avr/lib/avr5/libc.a(malloc.o)
__mulsf3                                          /usr/lib/gcc/avr/4.8.1/../../../avr/lib/avr5/libm.a(mulsf3.o)
                                                  obj/Release/termometer.o
                                                  obj/Release/main.o
                                                  obj/Release/delay_lib.o
__mulsf3_pse                                      /usr/lib/gcc/avr/4.8.1/../../../avr/lib/avr5/libm.a(mulsf3x.o)
__mulsf3x                                         /usr/lib/gcc/avr/4.8.1/../../../avr/lib/avr5/libm.a(mulsf3x.o)
                                                  /usr/lib/gcc/avr/4.8.1/../../../avr/lib/avr5/libm.a(mulsf3.o)
__muluhisi3                                       /usr/lib/gcc/avr/4.8.1/avr5/libgcc.a(_muluhisi3.o)
                                                  obj/Release/main.o
__nesf2                                           /usr/lib/gcc/avr/4.8.1/../../../avr/lib/avr5/libm.a(cmpsf2.o)
__prologue_saves__                                /usr/lib/gcc/avr/4.8.1/avr5/libgcc.a(_prologue.o)
                                                  /usr/lib/gcc/avr/4.8.1/../../../avr/lib/avr5/libc.a(vfprintf_std.o)
                                                  /usr/lib/gcc/avr/4.8.1/../../../avr/lib/avr5/libc.a(printf.o)
__stack                                           /usr/lib/gcc/avr/4.8.1/../../../avr/lib/avr5/crtm32.o
__subsf3                                          /usr/lib/gcc/avr/4.8.1/../../../avr/lib/avr5/libm.a(addsf3.o)
                                                  obj/Release/main.o
__udivmodhi4                                      /usr/lib/gcc/avr/4.8.1/avr5/libgcc.a(_udivmodhi4.o)
                                                  /usr/lib/gcc/avr/4.8.1/avr5/libgcc.a(_divmodhi4.o)
                                                  obj/Release/main.o
                                                  obj/Release/i2c.o
__udivmodqi4                                      /usr/lib/gcc/avr/4.8.1/avr5/libgcc.a(_udivmodqi4.o)
                                                  obj/Release/PCF8583.o
                                                  obj/Release/main.o
                                                  obj/Release/lockers.o
__udivmodsi4                                      /usr/lib/gcc/avr/4.8.1/avr5/libgcc.a(_udivmodsi4.o)
                                                  obj/Release/uart.o
__ultoa_invert                                    /usr/lib/gcc/avr/4.8.1/../../../avr/lib/avr5/libc.a(ultoa_invert.o)
                                                  /usr/lib/gcc/avr/4.8.1/../../../avr/lib/avr5/libc.a(vfprintf_std.o)
__umulhisi3                                       /usr/lib/gcc/avr/4.8.1/avr5/libgcc.a(_umulhisi3.o)
                                                  /usr/lib/gcc/avr/4.8.1/avr5/libgcc.a(_muluhisi3.o)
__utoa_common                                     /usr/lib/gcc/avr/4.8.1/../../../avr/lib/avr5/libc.a(utoa_ncheck.o)
                                                  /usr/lib/gcc/avr/4.8.1/../../../avr/lib/avr5/libc.a(itoa_ncheck.o)
__utoa_ncheck                                     /usr/lib/gcc/avr/4.8.1/../../../avr/lib/avr5/libc.a(utoa_ncheck.o)
__vector_1                                        /usr/lib/gcc/avr/4.8.1/../../../avr/lib/avr5/crtm32.o
__vector_10                                       /usr/lib/gcc/avr/4.8.1/../../../avr/lib/avr5/crtm32.o
__vector_11                                       /usr/lib/gcc/avr/4.8.1/../../../avr/lib/avr5/crtm32.o
__vector_12                                       /usr/lib/gcc/avr/4.8.1/../../../avr/lib/avr5/crtm32.o
__vector_13                                       obj/Release/uart.o
                                                  /usr/lib/gcc/avr/4.8.1/../../../avr/lib/avr5/crtm32.o
__vector_14                                       obj/Release/uart.o
                                                  /usr/lib/gcc/avr/4.8.1/../../../avr/lib/avr5/crtm32.o
__vector_15                                       /usr/lib/gcc/avr/4.8.1/../../../avr/lib/avr5/crtm32.o
__vector_16                                       /usr/lib/gcc/avr/4.8.1/../../../avr/lib/avr5/crtm32.o
__vector_17                                       /usr/lib/gcc/avr/4.8.1/../../../avr/lib/avr5/crtm32.o
__vector_18                                       /usr/lib/gcc/avr/4.8.1/../../../avr/lib/avr5/crtm32.o
__vector_19                                       /usr/lib/gcc/avr/4.8.1/../../../avr/lib/avr5/crtm32.o
__vector_2                                        /usr/lib/gcc/avr/4.8.1/../../../avr/lib/avr5/crtm32.o
__vector_20                                       /usr/lib/gcc/avr/4.8.1/../../../avr/lib/avr5/crtm32.o
__vector_3                                        /usr/lib/gcc/avr/4.8.1/../../../avr/lib/avr5/crtm32.o
__vector_4                                        obj/Release/timer_2.o
                                                  /usr/lib/gcc/avr/4.8.1/../../../avr/lib/avr5/crtm32.o
__vector_5                                        /usr/lib/gcc/avr/4.8.1/../../../avr/lib/avr5/crtm32.o
__vector_6                                        obj/Release/ir_decode.o
                                                  /usr/lib/gcc/avr/4.8.1/../../../avr/lib/avr5/crtm32.o
__vector_7                                        /usr/lib/gcc/avr/4.8.1/../../../avr/lib/avr5/crtm32.o
__vector_8                                        /usr/lib/gcc/avr/4.8.1/../../../avr/lib/avr5/crtm32.o
__vector_9                                        /usr/lib/gcc/avr/4.8.1/../../../avr/lib/avr5/crtm32.o
__vector_default                                  /usr/lib/gcc/avr/4.8.1/../../../avr/lib/avr5/crtm32.o
__vectors                                         /usr/lib/gcc/avr/4.8.1/../../../avr/lib/avr5/crtm32.o
_div                                              /usr/lib/gcc/avr/4.8.1/avr5/libgcc.a(_divmodhi4.o)
_exit                                             /usr/lib/gcc/avr/4.8.1/avr5/libgcc.a(_exit.o)
address                                           obj/Release/ir_decode.o
                                                  obj/Release/main.o
alert_colors_RGB                                  obj/Release/main.o
all_colors_RGB                                    obj/Release/main.o
                                                  obj/Release/lockers.o
backlight                                         obj/Release/main.o
                                                  obj/Release/lockers.o
backlight_of_lcd                                  obj/Release/main.o
                                                  obj/Release/timer_2.o
                                                  obj/Release/lockers.o
bcd2bin                                           obj/Release/PCF8583.o
bin2bcd                                           obj/Release/PCF8583.o
blue_colors_RGB                                   obj/Release/main.o
                                                  obj/Release/lockers.o
buzzer                                            obj/Release/main.o
buzzer_time                                       obj/Release/main.o
                                                  obj/Release/lockers.o
c                                                 obj/Release/timer_2.o
                                                  obj/Release/main.o
                                                  obj/Release/lockers.o
change_color_RGB                                  obj/Release/main.o
check_step_value                                  obj/Release/main.o
checking_lockers_state                            obj/Release/timer_2.o
                                                  obj/Release/main.o
                                                  obj/Release/lockers.o
cnt                                               obj/Release/timer_2.o
                                                  obj/Release/main.o
                                                  obj/Release/lockers.o
command                                           obj/Release/ir_decode.o
                                                  obj/Release/main.o
correction_of_date                                obj/Release/main.o
correction_of_temperature                         obj/Release/main.o
correction_of_time                                obj/Release/main.o
cyfra                                             obj/Release/main.o
czynnosc                                          obj/Release/main.o
czynnosc0                                         obj/Release/main.o
czynnosc1                                         obj/Release/main.o
czynnosc2                                         obj/Release/main.o
czynnosc3                                         obj/Release/main.o
czynnosc4                                         obj/Release/main.o
czynnosc5                                         obj/Release/main.o
czynnosc6                                         obj/Release/main.o
czynnosc7                                         obj/Release/main.o
delay_ms_var                                      obj/Release/delay_lib.o
                                                  obj/Release/main.o
                                                  obj/Release/HD44780.o
delay_ms_var_double                               obj/Release/delay_lib.o
                                                  obj/Release/main.o
delay_us_var                                      obj/Release/delay_lib.o
                                                  obj/Release/termometer.o
delay_us_var_double                               obj/Release/delay_lib.o
ds18b20_ConvertT                                  obj/Release/termometer.o
ds18b20_Read                                      obj/Release/termometer.o
ds18b20_pad                                       obj/Release/timer_2.o