Archive member included because of file (symbol)

/usr/lib/gcc/avr/4.8.1/avr5/libgcc.a(_udivmodqi4.o)
                              obj/Release/lockers.o (__udivmodqi4)
/usr/lib/gcc/avr/4.8.1/avr5/libgcc.a(_udivmodhi4.o)
                              obj/Release/i2c.o (__udivmodhi4)
/usr/lib/gcc/avr/4.8.1/avr5/libgcc.a(_divmodhi4.o)
                              obj/Release/main.o (__divmodhi4)
/usr/lib/gcc/avr/4.8.1/avr5/libgcc.a(_exit.o)
                              /usr/lib/gcc/avr/4.8.1/../../../avr/lib/avr5/crtm32.o (exit)
/usr/lib/gcc/avr/4.8.1/avr5/libgcc.a(_copy_data.o)
                              obj/Release/HD44780.o (__do_copy_data)
/usr/lib/gcc/avr/4.8.1/avr5/libgcc.a(_clear_bss.o)
                              obj/Release/ir_decode.o (__do_clear_bss)
/usr/lib/gcc/avr/4.8.1/avr5/libgcc.a(_usmulhisi3.o)
                              obj/Release/HD44780.o (__usmulhisi3)
/usr/lib/gcc/avr/4.8.1/avr5/libgcc.a(_umulhisi3.o)
                              /usr/lib/gcc/avr/4.8.1/avr5/libgcc.a(_usmulhisi3.o) (__umulhisi3)
/usr/lib/gcc/avr/4.8.1/../../../avr/lib/avr5/libm.a(addsf3.o)
                              obj/Release/HD44780.o (__subsf3)
/usr/lib/gcc/avr/4.8.1/../../../avr/lib/avr5/libm.a(addsf3x.o)
                              /usr/lib/gcc/avr/4.8.1/../../../avr/lib/avr5/libm.a(addsf3.o) (__addsf3x)
/usr/lib/gcc/avr/4.8.1/../../../avr/lib/avr5/libm.a(cmpsf2.o)
                              obj/Release/delay_lib.o (__ltsf2)
/usr/lib/gcc/avr/4.8.1/../../../avr/lib/avr5/libm.a(divsf3.o)
                              obj/Release/delay_lib.o (__divsf3)
/usr/lib/gcc/avr/4.8.1/../../../avr/lib/avr5/libm.a(divsf3x.o)
                              /usr/lib/gcc/avr/4.8.1/../../../avr/lib/avr5/libm.a(divsf3.o) (__divsf3x)
/usr/lib/gcc/avr/4.8.1/../../../avr/lib/avr5/libm.a(fixsfsi.o)
                              obj/Release/HD44780.o (__fixsfsi)
/usr/lib/gcc/avr/4.8.1/../../../avr/lib/avr5/libm.a(fixunssfsi.o)
                              obj/Release/delay_lib.o (__fixunssfsi)
/usr/lib/gcc/avr/4.8.1/../../../avr/lib/avr5/libm.a(floatsisf.o)
                              obj/Release/HD44780.o (__floatunsisf)
/usr/lib/gcc/avr/4.8.1/../../../avr/lib/avr5/libm.a(fp_cmp.o)
                              /usr/lib/gcc/avr/4.8.1/../../../avr/lib/avr5/libm.a(cmpsf2.o) (__fp_cmp)
/usr/lib/gcc/avr/4.8.1/../../../avr/lib/avr5/libm.a(fp_inf.o)
                              /usr/lib/gcc/avr/4.8.1/../../../avr/lib/avr5/libm.a(addsf3x.o) (__fp_inf)
/usr/lib/gcc/avr/4.8.1/../../../avr/lib/avr5/libm.a(fp_nan.o)
                              /usr/lib/gcc/avr/4.8.1/../../../avr/lib/avr5/libm.a(addsf3x.o) (__fp_nan)
/usr/lib/gcc/avr/4.8.1/../../../avr/lib/avr5/libm.a(fp_pscA.o)
                              /usr/lib/gcc/avr/4.8.1/../../../avr/lib/avr5/libm.a(addsf3x.o) (__fp_pscA)
/usr/lib/gcc/avr/4.8.1/../../../avr/lib/avr5/libm.a(fp_pscB.o)
                              /usr/lib/gcc/avr/4.8.1/../../../avr/lib/avr5/libm.a(addsf3x.o) (__fp_pscB)
/usr/lib/gcc/avr/4.8.1/../../../avr/lib/avr5/libm.a(fp_round.o)
                              /usr/lib/gcc/avr/4.8.1/../../../avr/lib/avr5/libm.a(addsf3.o) (__fp_round)
/usr/lib/gcc/avr/4.8.1/../../../avr/lib/avr5/libm.a(fp_split3.o)
                              /usr/lib/gcc/avr/4.8.1/../../../avr/lib/avr5/libm.a(addsf3x.o) (__fp_split3)
/usr/lib/gcc/avr/4.8.1/../../../avr/lib/avr5/libm.a(fp_zero.o)
                              /usr/lib/gcc/avr/4.8.1/../../../avr/lib/avr5/libm.a(addsf3x.o) (__fp_zero)
/usr/lib/gcc/avr/4.8.1/../../../avr/lib/avr5/libm.a(gesf2.o)
                              obj/Release/delay_lib.o (__gtsf2)
/usr/lib/gcc/avr/4.8.1/../../../avr/lib/avr5/libm.a(mulsf3.o)
                              obj/Release/delay_lib.o (__mulsf3)
/usr/lib/gcc/avr/4.8.1/../../../avr/lib/avr5/libm.a(mulsf3x.o)
                              /usr/lib/gcc/avr/4.8.1/../../../avr/lib/avr5/libm.a(mulsf3.o) (__mulsf3x)
/usr/lib/gcc/avr/4.8.1/../../../avr/lib/avr5/libc.a(malloc.o)
                              obj/Release/main.o (malloc)
/usr/lib/gcc/avr/4.8.1/../../../avr/lib/avr5/libc.a(rand.o)
                              obj/Release/main.o (rand)
/usr/lib/gcc/avr/4.8.1/../../../avr/lib/avr5/libc.a(itoa_ncheck.o)
                              obj/Release/HD44780.o (__itoa_ncheck)
/usr/lib/gcc/avr/4.8.1/../../../avr/lib/avr5/libc.a(utoa_ncheck.o)
                              /usr/lib/gcc/avr/4.8.1/../../../avr/lib/avr5/libc.a(itoa_ncheck.o) (__utoa_common)
/usr/lib/gcc/avr/4.8.1/../../../avr/lib/avr5/libc.a(iob.o)
                              obj/Release/lockers.o (__iob)
/usr/lib/gcc/avr/4.8.1/../../../avr/lib/avr5/libc.a(printf.o)
                              obj/Release/lockers.o (printf)
/usr/lib/gcc/avr/4.8.1/../../../avr/lib/avr5/libc.a(putchar.o)
                              obj/Release/lockers.o (putchar)
/usr/lib/gcc/avr/4.8.1/../../../avr/lib/avr5/libc.a(puts.o)
                              obj/Release/lockers.o (puts)
[...]
Memory Configuration

Name             Origin             Length             Attributes
text             0x0000000000000000 0x0000000000020000 xr
data             0x0000000000800060 0x000000000000ffa0 rw !x
eeprom           0x0000000000810000 0x0000000000010000 rw !x
fuse             0x0000000000820000 0x0000000000000400 rw !x
lock             0x0000000000830000 0x0000000000000400 rw !x
signature        0x0000000000840000 0x0000000000000400 rw !x
user_signatures  0x0000000000850000 0x0000000000000400 rw !x
*default*        0x0000000000000000 0xffffffffffffffff

Linker script and memory map

LOAD /usr/lib/gcc/avr/4.8.1/../../../avr/lib/avr5/crtm32.o
LOAD obj/Release/delay_lib.o
LOAD obj/Release/HD44780.o
LOAD obj/Release/i2c.o
LOAD obj/Release/ir_decode.o
LOAD obj/Release/lockers.o
LOAD obj/Release/main.o
LOAD obj/Release/PCF8583.o
LOAD obj/Release/termometer.o
LOAD obj/Release/timer_2.o
LOAD /usr/lib/gcc/avr/4.8.1/avr5/libgcc.a
LOAD /usr/lib/gcc/avr/4.8.1/../../../avr/lib/avr5/libm.a
START GROUP
LOAD /usr/lib/gcc/avr/4.8.1/avr5/libgcc.a
LOAD /usr/lib/gcc/avr/4.8.1/../../../avr/lib/avr5/libm.a
LOAD /usr/lib/gcc/avr/4.8.1/../../../avr/lib/avr5/libc.a
END GROUP

.hash
 *(.hash)

.dynsym
 *(.dynsym)

.dynstr
 *(.dynstr)

.gnu.version
 *(.gnu.version)

.gnu.version_d
 *(.gnu.version_d)

.gnu.version_r
 *(.gnu.version_r)

.rel.init
 *(.rel.init)

.rela.init
 *(.rela.init)

.rel.text
 *(.rel.text)
 *(.rel.text.*)
 *(.rel.gnu.linkonce.t*)

.rela.text
 *(.rela.text)
 *(.rela.text.*)
 *(.rela.gnu.linkonce.t*)

.rel.fini
 *(.rel.fini)

.rela.fini
 *(.rela.fini)

.rel.rodata
 *(.rel.rodata)
 *(.rel.rodata.*)
 *(.rel.gnu.linkonce.r*)

.rela.rodata
 *(.rela.rodata)
 *(.rela.rodata.*)
 *(.rela.gnu.linkonce.r*)

.rel.data
 *(.rel.data)
 *(.rel.data.*)
 *(.rel.gnu.linkonce.d*)

.rela.data
 *(.rela.data)
 *(.rela.data.*)
 *(.rela.gnu.linkonce.d*)

.rel.ctors
 *(.rel.ctors)

.rela.ctors
 *(.rela.ctors)

.rel.dtors
 *(.rel.dtors)

.rela.dtors
 *(.rela.dtors)

.rel.got
 *(.rel.got)

.rela.got
 *(.rela.got)

.rel.bss
 *(.rel.bss)

.rela.bss
 *(.rela.bss)

.rel.plt
 *(.rel.plt)

.rela.plt
 *(.rela.plt)

.text           0x0000000000000000     0x4e18
 *(.vectors)
 .vectors       0x0000000000000000       0x54 /usr/lib/gcc/avr/4.8.1/../../../avr/lib/avr5/crtm32.o
                0x0000000000000000                __vectors
                0x0000000000000000                __vector_default
 *(.vectors)
 *(.progmem.gcc*)
                0x0000000000000054                . = ALIGN (0x2)
                0x0000000000000054                __trampolines_start = .
 *(.trampolines)
 .trampolines   0x0000000000000054        0x0 linker stubs
 *(.trampolines*)
                0x0000000000000054                __trampolines_end = .
 *(.progmem*)
                0x0000000000000054                . = ALIGN (0x2)
 *(.jumptables)
 *(.jumptables*)
 *(.lowtext)
 *(.lowtext*)
                0x0000000000000054                __ctors_start = .
 *(.ctors)
                0x0000000000000054                __ctors_end = .
                0x0000000000000054                __dtors_start = .
 *(.dtors)
                0x0000000000000054                __dtors_end = .
 SORT(*)(.ctors)
 SORT(*)(.dtors)
 *(.init0)
 .init0         0x0000000000000054        0x0 /usr/lib/gcc/avr/4.8.1/../../../avr/lib/avr5/crtm32.o
                0x0000000000000054                __init
 *(.init0)
 *(.init1)
 *(.init1)
 *(.init2)
 .init2         0x0000000000000054        0xc /usr/lib/gcc/avr/4.8.1/../../../avr/lib/avr5/crtm32.o
 *(.init2)
 *(.init3)
 *(.init3)
 *(.init4)
 .init4         0x0000000000000060       0x16 /usr/lib/gcc/avr/4.8.1/avr5/libgcc.a(_copy_data.o)
                0x0000000000000060                __do_copy_data
 .init4         0x0000000000000076       0x10 /usr/lib/gcc/avr/4.8.1/avr5/libgcc.a(_clear_bss.o)
                0x0000000000000076                __do_clear_bss
 *(.init4)
 *(.init5)
 *(.init5)
 *(.init6)
 *(.init6)
 *(.init7)
 *(.init7)
 *(.init8)
 *(.init8)
 *(.init9)
 .init9         0x0000000000000086        0x8 /usr/lib/gcc/avr/4.8.1/../../../avr/lib/avr5/crtm32.o
 *(.init9)
 *(.text)
 .text          0x000000000000008e        0x4 /usr/lib/gcc/avr/4.8.1/../../../avr/lib/avr5/crtm32.o
                0x000000000000008e                __vector_1
                0x000000000000008e                __vector_12
                0x000000000000008e                __bad_interrupt
                0x000000000000008e                __vector_3
                0x000000000000008e                __vector_11
                0x000000000000008e                __vector_13
                0x000000000000008e                __vector_17
                0x000000000000008e                __vector_19
                0x000000000000008e                __vector_7
                0x000000000000008e                __vector_5
                0x000000000000008e                __vector_9
                0x000000000000008e                __vector_2
                0x000000000000008e                __vector_15
                0x000000000000008e                __vector_8
                0x000000000000008e                __vector_14
                0x000000000000008e                __vector_10
                0x000000000000008e                __vector_16
                0x000000000000008e                __vector_18
                0x000000000000008e                __vector_20
 .text          0x0000000000000092      0x14e obj/Release/delay_lib.o
                0x0000000000000092                delay_ms_var
                0x00000000000000a8                delay_us_var
                0x00000000000000ba                delay_ms_var_double
                0x0000000000000152                delay_us_var_double
 .text          0x00000000000001e0      0x4d2 obj/Release/HD44780.o
                0x00000000000001e0                _LCD_OutNibble
                0x000000000000020a                _LCD_InNibble
                0x000000000000021e                _LCD_Read
                0x0000000000000258                LCD_ReadStatus
                0x000000000000025e                _LCD_Write
                0x000000000000028e                LCD_WriteCommand
                0x0000000000000294                LCD_WriteData
                0x000000000000029a                LCD_ReadData
                0x00000000000002a0                LCD_WriteText
                0x00000000000002b8                LCD_GoTo
                0x00000000000002c6                LCD_Clear
                0x00000000000002da                LCD_Home
                0x00000000000002ee                LCD_BacklightOn
                0x00000000000002f2                LCD_Initalize
                0x000000000000036c                LCD_BacklightOff
                0x0000000000000370                LCD_Int
                0x00000000000003a6                LCD_Double
                0x000000000000054c                LCD_Hex
                0x0000000000000582                LCD_MoveRight
                0x00000000000005d4                LCD_MoveLeft
                0x0000000000000626                LCD_Erase
                0x000000000000067c                LCD_Displaying
 .text          0x00000000000006b2       0x5e obj/Release/i2c.o
                0x00000000000006b2                i2cSetBitrate
                0x00000000000006d4                i2cStart
                0x00000000000006e0                i2cStop
                0x00000000000006ec                i2cWrite
                0x00000000000006fa                i2cRead
 .text          0x0000000000000710      0x1a8 obj/Release/ir_decode.o
                0x0000000000000710                pilot_off
                0x0000000000000718                pilot_on
                0x0000000000000720                ir_init
                0x000000000000073e                __vector_6
                0x0000000000000898                pilot_reset
                0x00000000000008a8                stop_button
 .text          0x00000000000008b8      0x6b0 obj/Release/lockers.o
                0x00000000000008b8                USART_Transmit
                0x00000000000008d0                USART_Recieve
                0x00000000000008d8                lockers_safety_bit_on
                0x00000000000008e0                lockers_safety_bit_off
                0x00000000000008e8                lockers_is_safety_bit
                0x00000000000008fa                USART_init
                0x0000000000000908                USART_Recieve_without_waiting
                0x0000000000000914                lockers_number_of_frames
                0x0000000000000918                lockers_convert_address_to_index_of_frame
                0x0000000000000924                lockers_convert_index_of_frame_to_address
                0x000000000000092e                lockers_read_frame
                0x0000000000000946                lockers_print_entire_frame
                0x0000000000000a00                lockers_print_date_of_report
                0x0000000000000a7e                lockers_tail
                0x0000000000000a90                lockers_head
                0x0000000000000aa2                lockers_queue_read
                0x0000000000000ac0                lockers_print_amount_of_first_frames
                0x0000000000000b26                lockers_print_all_memory
                0x0000000000000b40                lockers_queue_empty
                0x0000000000000b4e                lockers_init
                0x0000000000000bd8                lockers_is_queue_empty
                0x0000000000000bf0                lockers_queue_number_of_records
                0x0000000000000c24                lockers_print_latest_data
                0x0000000000000c58                lockers_save_frame
                0x0000000000000cf4                lockers_queue_enque
                0x0000000000000d80                locker_1_button
                0x0000000000000d94                locker_2_button
                0x0000000000000da8                locker_3_button
                0x0000000000000dbc                locker_4_button
                0x0000000000000dd0                locker_5_button
                0x0000000000000de4                locker_6_button
                0x0000000000000df8                locker_7_button
                0x0000000000000e0c                locker_8_button
                0x0000000000000e20                locker_9_button
                0x0000000000000e34                locker_10_button
                0x0000000000000e48                lockers_state_of_single_button
                0x0000000000000e9c                lockers_beginning_actions
                0x0000000000000ebe                lockers_check_events
                0x0000000000000f42                lockers_clear_all_memory
 .text          0x0000000000000f68     0x2486 obj/Release/main.o
                0x0000000000000fc0                buzzer
                0x0000000000000fd2                buzzer_time
                0x0000000000000fdc                backlight
                0x0000000000001026                wysw_skok
                0x00000000000010ea                step_increase
                0x000000000000111e                step_decrease
                0x0000000000001156                wybor
                0x0000000000001246                show_day_of_week
                0x0000000000001290                show_time_only_format
                0x000000000000132a                show_time_format
                0x00000000000013c6                show_timer_alarm_format
                0x00000000000013ee                show_alarm_format
                0x00000000000014c4                set_appropriate_values_of_time
                0x00000000000016d6                check_step_value
                0x00000000000017a2                end_of_settings
                0x0000000000001800                setting_information
                0x00000000000019c2                show_setting_alarm_case
                0x00000000000019da                show_alarm_flag_options
                0x00000000000019f2                show_timer_flag_options
                0x0000000000001a0a                show_clock_options
                0x0000000000001a22                show_timer_mode_options
                0x0000000000001a6c                show_alarm_interrupt_options
                0x0000000000001a84                show_timer_interrupt_options
                0x0000000000001a9c                show_setting_flags_case
                0x0000000000001adc                show_timer_options
                0x0000000000001af4                show_alarm_options
                0x0000000000001b20                correction_of_time
                0x0000000000001b82                correction_of_date
                0x0000000000001c76                show_frame
                0x0000000000001daa                show_list_case
                0x0000000000001e84                show_list
                0x0000000000001eee                wysw0
                0x0000000000001f58                wysw1
                0x0000000000001f96                wysw2
                0x000000000000206c                wysw3
                0x00000000000020d8                wysw4
                0x0000000000002196                wysw5
                0x00000000000023e4                wysw6
                0x0000000000002626                wysw
                0x000000000000268c                czynnosc0
                0x0000000000002734                czynnosc1
                0x0000000000002e3c                czynnosc2
                0x0000000000002e44                czynnosc3
                0x0000000000002eb2                czynnosc4
                0x0000000000002f04                czynnosc5
                0x0000000000002f56                czynnosc6
                0x0000000000002fa8                czynnosc
                0x00000000000031a4                pilot
                0x00000000000031dc                toggle_action
                0x0000000000003214                sczytaj_komende
 .text          0x00000000000033ee      0x842 obj/Release/PCF8583.o
                0x00000000000033ee                bcd2bin
                0x0000000000003400                bin2bcd
                0x0000000000003414                PCF8583_write_buf
                0x0000000000003468                PCF8583_write
                0x0000000000003488                PCF8583_read_buf
                0x00000000000034f0                PCF8583_read
                0x0000000000003510                PCF8583_init
                0x0000000000003530                PCF8583_stop
                0x0000000000003540                PCF8583_start
                0x0000000000003550                PCF8583_is_clock_counting
                0x0000000000003560                PCF8583_timer_mode
                0x0000000000003570                PCF8583_set_timer_mode
                0x0000000000003590                PCF8583_hold_off
                0x00000000000035a0                PCF8583_hold_on
                0x00000000000035b0                PCF8583_mask_off
                0x00000000000035c0                PCF8583_mask_on
                0x00000000000035d0                PCF8583_timer_flag_off
                0x00000000000035e0                PCF8583_timer_flag_on
                0x00000000000035f0                PCF8583_alarm_flag_off
                0x0000000000003600                PCF8583_alarm_flag_on
                0x0000000000003610                PCF8583_write_word
                0x0000000000003634                PCF8583_read_word
                0x000000000000365c                PCF8583_get_time
                0x000000000000379a                PCF8583_set_time
                0x000000000000388c                PCF8583_timer_alarm_off
                0x000000000000389c                PCF8583_timer_alarm_on
                0x00000000000038ac                PCF8583_alarm_interrupt_off
                0x00000000000038bc                PCF8583_alarm_interrupt_on
                0x00000000000038cc                PCF8583_is_alarm_interrupt
                0x00000000000038da                PCF8583_timer_interrupt_off
                0x00000000000038ea                PCF8583_timer_interrupt_on
                0x00000000000038fa                PCF8583_is_timer_interrupt
                0x0000000000003908                PCF8583_24h_format
                0x0000000000003928                PCF8583_12h_format
                0x0000000000003948                PCF8583_is_12h_24h_format
                0x000000000000397a                PCF8583_set_type_of_alarm
                0x000000000000399c                PCF8583_recognise_type_of_alarm
                0x00000000000039aa                PCF8583_get_alarm_time
                0x0000000000003a88                PCF8583_set_alarm_time
                0x0000000000003b4c                PCF8583_recognise_type_of_timer_alarm
                0x0000000000003b5a                PCF8583_is_timer_flag_set
                0x0000000000003b64                PCF8583_is_alarm_flag_set
                0x0000000000003b70                PCF8583_get_wall_alarm
                0x0000000000003bc2                PCF8583_get_wall_time
 .text          0x0000000000003c30      0x150 obj/Release/termometer.o
                0x0000000000003c30                OneWireStrong
                0x0000000000003c3e                OneWireReset
                0x0000000000003c76                OneWireWriteByte
                0x0000000000003cb4                ds18b20_ConvertT
                0x0000000000003ccc                OneWireReadByte
                0x0000000000003d04                ds18b20_Read
                0x0000000000003d34                ds18b20_temperature
 .text          0x0000000000003d80       0xae obj/Release/timer_2.o
                0x0000000000003d80                timer_2_init
                0x0000000000003d90                RGB_init
                0x0000000000003d98                refreshing_interrupt_on
                0x0000000000003da0                refreshing_interrupt_off
                0x0000000000003da8                __vector_4
 .text          0x0000000000003e2e        0x0 /usr/lib/gcc/avr/4.8.1/avr5/libgcc.a(_udivmodqi4.o)
 .text          0x0000000000003e2e        0x0 /usr/lib/gcc/avr/4.8.1/avr5/libgcc.a(_udivmodhi4.o)
 .text          0x0000000000003e2e        0x0 /usr/lib/gcc/avr/4.8.1/avr5/libgcc.a(_divmodhi4.o)
 .text          0x0000000000003e2e        0x0 /usr/lib/gcc/avr/4.8.1/avr5/libgcc.a(_exit.o)
 .text          0x0000000000003e2e        0x0 /usr/lib/gcc/avr/4.8.1/avr5/libgcc.a(_copy_data.o)
 .text          0x0000000000003e2e        0x0 /usr/lib/gcc/avr/4.8.1/avr5/libgcc.a(_clear_bss.o)
 .text          0x0000000000003e2e        0x0 /usr/lib/gcc/avr/4.8.1/avr5/libgcc.a(_usmulhisi3.o)
 .text          0x0000000000003e2e        0x0 /usr/lib/gcc/avr/4.8.1/avr5/libgcc.a(_umulhisi3.o)
 .text          0x0000000000003e2e        0x0 /usr/lib/gcc/avr/4.8.1/../../../avr/lib/avr5/libm.a(addsf3.o)
 .text          0x0000000000003e2e        0x0 /usr/lib/gcc/avr/4.8.1/../../../avr/lib/avr5/libm.a(addsf3x.o)
 .text          0x0000000000003e2e        0x0 /usr/lib/gcc/avr/4.8.1/../../../avr/lib/avr5/libm.a(cmpsf2.o)
 .text          0x0000000000003e2e        0x0 /usr/lib/gcc/avr/4.8.1/../../../avr/lib/avr5/libm.a(divsf3.o)
 .text          0x0000000000003e2e        0x0 /usr/lib/gcc/avr/4.8.1/../../../avr/lib/avr5/libm.a(divsf3x.o)
 .text          0x0000000000003e2e        0x0 /usr/lib/gcc/avr/4.8.1/../../../avr/lib/avr5/libm.a(fixsfsi.o)
 .text          0x0000000000003e2e        0x0 /usr/lib/gcc/avr/4.8.1/../../../avr/lib/avr5/libm.a(fixunssfsi.o)
 .text          0x0000000000003e2e        0x0 /usr/lib/gcc/avr/4.8.1/../../../avr/lib/avr5/libm.a(floatsisf.o)
 .text          0x0000000000003e2e        0x0 /usr/lib/gcc/avr/4.8.1/../../../avr/lib/avr5/libm.a(fp_cmp.o)
 .text          0x0000000000003e2e        0x0 /usr/lib/gcc/avr/4.8.1/../../../avr/lib/avr5/libm.a(fp_inf.o)
 .text          0x0000000000003e2e        0x0 /usr/lib/gcc/avr/4.8.1/../../../avr/lib/avr5/libm.a(fp_nan.o)
 .text          0x0000000000003e2e        0x0 /usr/lib/gcc/avr/4.8.1/../../../avr/lib/avr5/libm.a(fp_pscA.o)
 .text          0x0000000000003e2e        0x0 /usr/lib/gcc/avr/4.8.1/../../../avr/lib/avr5/libm.a(fp_pscB.o)
 .text          0x0000000000003e2e        0x0 /usr/lib/gcc/avr/4.8.1/../../../avr/lib/avr5/libm.a(fp_round.o)
 .text          0x0000000000003e2e        0x0 /usr/lib/gcc/avr/4.8.1/../../../avr/lib/avr5/libm.a(fp_split3.o)
 .text          0x0000000000003e2e        0x0 /usr/lib/gcc/avr/4.8.1/../../../avr/lib/avr5/libm.a(fp_zero.o)
 .text          0x0000000000003e2e        0x0 /usr/lib/gcc/avr/4.8.1/../../../avr/lib/avr5/libm.a(gesf2.o)
 .text          0x0000000000003e2e        0x0 /usr/lib/gcc/avr/4.8.1/../../../avr/lib/avr5/libm.a(mulsf3.o)
 .text          0x0000000000003e2e        0x0 /usr/lib/gcc/avr/4.8.1/../../../avr/lib/avr5/libm.a(mulsf3x.o)
 .text          0x0000000000003e2e        0x0 /usr/lib/gcc/avr/4.8.1/../../../avr/lib/avr5/libc.a(malloc.o)
 .text          0x0000000000003e2e        0x0 /usr/lib/gcc/avr/4.8.1/../../../avr/lib/avr5/libc.a(rand.o)
 .text          0x0000000000003e2e        0x0 /usr/lib/gcc/avr/4.8.1/../../../avr/lib/avr5/libc.a(itoa_ncheck.o)
 .text          0x0000000000003e2e        0x0 /usr/lib/gcc/avr/4.8.1/../../../avr/lib/avr5/libc.a(utoa_ncheck.o)
 .text          0x0000000000003e2e        0x0 /usr/lib/gcc/avr/4.8.1/../../../avr/lib/avr5/libc.a(iob.o)
 .text          0x0000000000003e2e        0x0 /usr/lib/gcc/avr/4.8.1/../../../avr/lib/avr5/libc.a(printf.o)
 .text          0x0000000000003e2e        0x0 /usr/lib/gcc/avr/4.8.1/../../../avr/lib/avr5/libc.a(putchar.o)
 .text          0x0000000000003e2e        0x0 /usr/lib/gcc/avr/4.8.1/../../../avr/lib/avr5/libc.a(puts.o)
 .text          0x0000000000003e2e        0x0 /usr/lib/gcc/avr/4.8.1/../../../avr/lib/avr5/libc.a(vfprintf_std.o)
 .text          0x0000000000003e2e        0x0 /usr/lib/gcc/avr/4.8.1/../../../avr/lib/avr5/libc.a(eerd_block_atmega32.o)
 .text          0x0000000000003e2e        0x0 /usr/lib/gcc/avr/4.8.1/../../../avr/lib/avr5/libc.a(eeupd_block_atmega32.o)
 .text          0x0000000000003e2e        0x0 /usr/lib/gcc/avr/4.8.1/../../../avr/lib/avr5/libc.a(eeupd_byte_atmega32.o)
 .text          0x0000000000003e2e        0x0 /usr/lib/gcc/avr/4.8.1/../../../avr/lib/avr5/libc.a(strnlen_P.o)
 .text          0x0000000000003e2e        0x0 /usr/lib/gcc/avr/4.8.1/../../../avr/lib/avr5/libc.a(strnlen.o)
 .text          0x0000000000003e2e        0x0 /usr/lib/gcc/avr/4.8.1/../../../avr/lib/avr5/libc.a(strrev.o)
 .text          0x0000000000003e2e        0x0 /usr/lib/gcc/avr/4.8.1/../../../avr/lib/avr5/libc.a(fputc.o)
 .text          0x0000000000003e2e        0x0 /usr/lib/gcc/avr/4.8.1/../../../avr/lib/avr5/libc.a(ultoa_invert.o)
 .text          0x0000000000003e2e        0x0 /usr/lib/gcc/avr/4.8.1/avr5/libgcc.a(_divmodsi4.o)
 .text          0x0000000000003e2e        0x0 /usr/lib/gcc/avr/4.8.1/avr5/libgcc.a(_negsi2.o)
 .text          0x0000000000003e2e        0x0 /usr/lib/gcc/avr/4.8.1/avr5/libgcc.a(_muluhisi3.o)
 .text          0x0000000000003e2e        0x0 /usr/lib/gcc/avr/4.8.1/avr5/libgcc.a(_mulshisi3.o)
 .text          0x0000000000003e2e        0x0 /usr/lib/gcc/avr/4.8.1/avr5/libgcc.a(_prologue.o)
 .text          0x0000000000003e2e        0x0 /usr/lib/gcc/avr/4.8.1/avr5/libgcc.a(_epilogue.o)
 .text          0x0000000000003e2e        0x0 /usr/lib/gcc/avr/4.8.1/avr5/libgcc.a(_udivmodsi4.o)
                0x0000000000003e2e                . = ALIGN (0x2)
 *(.text.*)
 .text.startup  0x0000000000003e2e       0xb0 obj/Release/main.o
                0x0000000000003e2e                main
 .text.libgcc.mul
                0x0000000000003ede        0x0 /usr/lib/gcc/avr/4.8.1/avr5/libgcc.a(_udivmodqi4.o)
 .text.libgcc.div
                0x0000000000003ede       0x18 /usr/lib/gcc/avr/4.8.1/avr5/libgcc.a(_udivmodqi4.o)
                0x0000000000003ede                __udivmodqi4
 .text.libgcc   0x0000000000003ef6        0x0 /usr/lib/gcc/avr/4.8.1/avr5/libgcc.a(_udivmodqi4.o)
 .text.libgcc.prologue
                0x0000000000003ef6        0x0 /usr/lib/gcc/avr/4.8.1/avr5/libgcc.a(_udivmodqi4.o)
 .text.libgcc.builtins
                0x0000000000003ef6        0x0 /usr/lib/gcc/avr/4.8.1/avr5/libgcc.a(_udivmodqi4.o)
 .text.libgcc.fmul
                0x0000000000003ef6        0x0 /usr/lib/gcc/avr/4.8.1/avr5/libgcc.a(_udivmodqi4.o)
 .text.libgcc.fixed
                0x0000000000003ef6        0x0 /usr/lib/gcc/avr/4.8.1/avr5/libgcc.a(_udivmodqi4.o)
 .text.libgcc.mul
                0x0000000000003ef6        0x0 /usr/lib/gcc/avr/4.8.1/avr5/libgcc.a(_udivmodhi4.o)
 .text.libgcc.div
                0x0000000000003ef6       0x28 /usr/lib/gcc/avr/4.8.1/avr5/libgcc.a(_udivmodhi4.o)
                0x0000000000003ef6                __udivmodhi4
 .text.libgcc   0x0000000000003f1e        0x0 /usr/lib/gcc/avr/4.8.1/avr5/libgcc.a(_udivmodhi4.o)
 .text.libgcc.prologue
                0x0000000000003f1e        0x0 /usr/lib/gcc/avr/4.8.1/avr5/libgcc.a(_udivmodhi4.o)
 .text.libgcc.builtins
                0x0000000000003f1e        0x0 /usr/lib/gcc/avr/4.8.1/avr5/libgcc.a(_udivmodhi4.o)
 .text.libgcc.fmul
                0x0000000000003f1e        0x0 /usr/lib/gcc/avr/4.8.1/avr5/libgcc.a(_udivmodhi4.o)
 .text.libgcc.fixed
                0x0000000000003f1e        0x0 /usr/lib/gcc/avr/4.8.1/avr5/libgcc.a(_udivmodhi4.o)
 .text.libgcc.mul
                0x0000000000003f1e        0x0 /usr/lib/gcc/avr/4.8.1/avr5/libgcc.a(_divmodhi4.o)
 .text.libgcc.div
                0x0000000000003f1e       0x28 /usr/lib/gcc/avr/4.8.1/avr5/libgcc.a(_divmodhi4.o)
                0x0000000000003f1e                __divmodhi4
                0x0000000000003f1e                _div
 .text.libgcc   0x0000000000003f46        0x0 /usr/lib/gcc/avr/4.8.1/avr5/libgcc.a(_divmodhi4.o)
 .text.libgcc.prologue
                0x0000000000003f46        0x0 /usr/lib/gcc/avr/4.8.1/avr5/libgcc.a(_divmodhi4.o)
 .text.libgcc.builtins
                0x0000000000003f46        0x0 /usr/lib/gcc/avr/4.8.1/avr5/libgcc.a(_divmodhi4.o)
 .text.libgcc.fmul
                0x0000000000003f46        0x0 /usr/lib/gcc/avr/4.8.1/avr5/libgcc.a(_divmodhi4.o)
 .text.libgcc.fixed
                0x0000000000003f46        0x0 /usr/lib/gcc/avr/4.8.1/avr5/libgcc.a(_divmodhi4.o)
 .text.libgcc.mul
                0x0000000000003f46        0x0 /usr/lib/gcc/avr/4.8.1/avr5/libgcc.a(_exit.o)
 .text.libgcc.div
                0x0000000000003f46        0x0 /usr/lib/gcc/avr/4.8.1/avr5/libgcc.a(_exit.o)
 .text.libgcc   0x0000000000003f46        0x0 /usr/lib/gcc/avr/4.8.1/avr5/libgcc.a(_exit.o)
 .text.libgcc.prologue
                0x0000000000003f46        0x0 /usr/lib/gcc/avr/4.8.1/avr5/libgcc.a(_exit.o)
 .text.libgcc.builtins
                0x0000000000003f46        0x0 /usr/lib/gcc/avr/4.8.1/avr5/libgcc.a(_exit.o)
 .text.libgcc.fmul
                0x0000000000003f46        0x0 /usr/lib/gcc/avr/4.8.1/avr5/libgcc.a(_exit.o)
 .text.libgcc.fixed
                0x0000000000003f46        0x0 /usr/lib/gcc/avr/4.8.1/avr5/libgcc.a(_exit.o)
 .text.libgcc.mul
                0x0000000000003f46        0x0 /usr/lib/gcc/avr/4.8.1/avr5/libgcc.a(_copy_data.o)
 .text.libgcc.div
                0x0000000000003f46        0x0 /usr/lib/gcc/avr/4.8.1/avr5/libgcc.a(_copy_data.o)
 .text.libgcc   0x0000000000003f46        0x0 /usr/lib/gcc/avr/4.8.1/avr5/libgcc.a(_copy_data.o)
 .text.libgcc.prologue
                0x0000000000003f46        0x0 /usr/lib/gcc/avr/4.8.1/avr5/libgcc.a(_copy_data.o)
 .text.libgcc.builtins
                0x0000000000003f46        0x0 /usr/lib/gcc/avr/4.8.1/avr5/libgcc.a(_copy_data.o)
 .text.libgcc.fmul
                0x0000000000003f46        0x0 /usr/lib/gcc/avr/4.8.1/avr5/libgcc.a(_copy_data.o)
 .text.libgcc.fixed
                0x0000000000003f46        0x0 /usr/lib/gcc/avr/4.8.1/avr5/libgcc.a(_copy_data.o)
 .text.libgcc.mul
                0x0000000000003f46        0x0 /usr/lib/gcc/avr/4.8.1/avr5/libgcc.a(_clear_bss.o)
 .text.libgcc.div
                0x0000000000003f46        0x0 /usr/lib/gcc/avr/4.8.1/avr5/libgcc.a(_clear_bss.o)
 .text.libgcc   0x0000000000003f46        0x0 /usr/lib/gcc/avr/4.8.1/avr5/libgcc.a(_clear_bss.o)
 .text.libgcc.prologue
                0x0000000000003f46        0x0 /usr/lib/gcc/avr/4.8.1/avr5/libgcc.a(_clear_bss.o)
 .text.libgcc.builtins
                0x0000000000003f46        0x0 /usr/lib/gcc/avr/4.8.1/avr5/libgcc.a(_clear_bss.o)
 .text.libgcc.fmul
                0x0000000000003f46        0x0 /usr/lib/gcc/avr/4.8.1/avr5/libgcc.a(_clear_bss.o)
 .text.libgcc.fixed
                0x0000000000003f46        0x0 /usr/lib/gcc/avr/4.8.1/avr5/libgcc.a(_clear_bss.o)
 .text.libgcc.mul
                0x0000000000003f46        0xe /usr/lib/gcc/avr/4.8.1/avr5/libgcc.a(_usmulhisi3.o)
                0x0000000000003f46                __usmulhisi3
                0x0000000000003f4a                __usmulhisi3_tail
 .text.libgcc.div
                0x0000000000003f54        0x0 /usr/lib/gcc/avr/4.8.1/avr5/libgcc.a(_usmulhisi3.o)
 .text.libgcc   0x0000000000003f54        0x0 /usr/lib/gcc/avr/4.8.1/avr5/libgcc.a(_usmulhisi3.o)
 .text.libgcc.prologue
                0x0000000000003f54        0x0 /usr/lib/gcc/avr/4.8.1/avr5/libgcc.a(_usmulhisi3.o)
 .text.libgcc.builtins
                0x0000000000003f54        0x0 /usr/lib/gcc/avr/4.8.1/avr5/libgcc.a(_usmulhisi3.o)
 .text.libgcc.fmul
                0x0000000000003f54        0x0 /usr/lib/gcc/avr/4.8.1/avr5/libgcc.a(_usmulhisi3.o)
 .text.libgcc.fixed
                0x0000000000003f54        0x0 /usr/lib/gcc/avr/4.8.1/avr5/libgcc.a(_usmulhisi3.o)
 .text.libgcc.mul
                0x0000000000003f54       0x1e /usr/lib/gcc/avr/4.8.1/avr5/libgcc.a(_umulhisi3.o)
                0x0000000000003f54                __umulhisi3
 .text.libgcc.div
                0x0000000000003f72        0x0 /usr/lib/gcc/avr/4.8.1/avr5/libgcc.a(_umulhisi3.o)
 .text.libgcc   0x0000000000003f72        0x0 /usr/lib/gcc/avr/4.8.1/avr5/libgcc.a(_umulhisi3.o)
 .text.libgcc.prologue
                0x0000000000003f72        0x0 /usr/lib/gcc/avr/4.8.1/avr5/libgcc.a(_umulhisi3.o)
 .text.libgcc.builtins
                0x0000000000003f72        0x0 /usr/lib/gcc/avr/4.8.1/avr5/libgcc.a(_umulhisi3.o)
 .text.libgcc.fmul
                0x0000000000003f72        0x0 /usr/lib/gcc/avr/4.8.1/avr5/libgcc.a(_umulhisi3.o)
 .text.libgcc.fixed
                0x0000000000003f72        0x0 /usr/lib/gcc/avr/4.8.1/avr5/libgcc.a(_umulhisi3.o)
 .text.avr-libc.fplib
                0x0000000000003f72        0xa /usr/lib/gcc/avr/4.8.1/../../../avr/lib/avr5/libm.a(addsf3.o)
                0x0000000000003f72                __subsf3
                0x0000000000003f74                __addsf3
 .text.avr-libc.fplib
                0x0000000000003f7c       0xc0 /usr/lib/gcc/avr/4.8.1/../../../avr/lib/avr5/libm.a(addsf3x.o)
                0x0000000000003f96                __addsf3x
 .text.avr-libc.fplib
                0x000000000000403c        0x8 /usr/lib/gcc/avr/4.8.1/../../../avr/lib/avr5/libm.a(cmpsf2.o)
                0x000000000000403c                __lesf2
                0x000000000000403c                __nesf2
                0x000000000000403c                __eqsf2
                0x000000000000403c                __cmpsf2
                0x000000000000403c                __ltsf2
 .text.avr-libc.fplib
                0x0000000000004044        0x4 /usr/lib/gcc/avr/4.8.1/../../../avr/lib/avr5/libm.a(divsf3.o)
                0x0000000000004044                __divsf3
 .text.avr-libc.fplib
                0x0000000000004048       0xcc /usr/lib/gcc/avr/4.8.1/../../../avr/lib/avr5/libm.a(divsf3x.o)
                0x000000000000405e                __divsf3x
                0x0000000000004062                __divsf3_pse
 .text.avr-libc.fplib
                0x0000000000004114        0xa /usr/lib/gcc/avr/4.8.1/../../../avr/lib/avr5/libm.a(fixsfsi.o)
                0x0000000000004114                __fixsfsi
 .text.avr-libc.fplib
                0x000000000000411e       0x58 /usr/lib/gcc/avr/4.8.1/../../../avr/lib/avr5/libm.a(fixunssfsi.o)
                0x000000000000411e                __fixunssfsi
 .text.avr-libc.fplib
                0x0000000000004176       0x7a /usr/lib/gcc/avr/4.8.1/../../../avr/lib/avr5/libm.a(floatsisf.o)
                0x0000000000004176                __floatunsisf
                0x000000000000417a                __floatsisf
 .text.avr-libc.fplib
                0x00000000000041f0       0x48 /usr/lib/gcc/avr/4.8.1/../../../avr/lib/avr5/libm.a(fp_cmp.o)
                0x00000000000041f0                __fp_cmp
 .text.avr-libc.fplib
                0x0000000000004238        0xc /usr/lib/gcc/avr/4.8.1/../../../avr/lib/avr5/libm.a(fp_inf.o)
                0x0000000000004238                __fp_inf
 .text.avr-libc.fplib
                0x0000000000004244        0x6 /usr/lib/gcc/avr/4.8.1/../../../avr/lib/avr5/libm.a(fp_nan.o)
                0x0000000000004244                __fp_nan
 .text.avr-libc.fplib
                0x000000000000424a        0xe /usr/lib/gcc/avr/4.8.1/../../../avr/lib/avr5/libm.a(fp_pscA.o)
                0x000000000000424a                __fp_pscA
 .text.avr-libc.fplib
                0x0000000000004258        0xe /usr/lib/gcc/avr/4.8.1/../../../avr/lib/avr5/libm.a(fp_pscB.o)
                0x0000000000004258                __fp_pscB
 .text.avr-libc.fplib
                0x0000000000004266       0x22 /usr/lib/gcc/avr/4.8.1/../../../avr/lib/avr5/libm.a(fp_round.o)
                0x0000000000004266                __fp_round
 .text.avr-libc.fplib
                0x0000000000004288       0x44 /usr/lib/gcc/avr/4.8.1/../../../avr/lib/avr5/libm.a(fp_split3.o)
                0x0000000000004288                __fp_split3
                0x0000000000004298                __fp_splitA
 .text.avr-libc.fplib
                0x00000000000042cc        0xe /usr/lib/gcc/avr/4.8.1/../../../avr/lib/avr5/libm.a(fp_zero.o)
                0x00000000000042cc                __fp_zero
                0x00000000000042ce                __fp_szero
 .text.avr-libc.fplib
                0x00000000000042da        0x8 /usr/lib/gcc/avr/4.8.1/../../../avr/lib/avr5/libm.a(gesf2.o)
                0x00000000000042da                __gtsf2
                0x00000000000042da                __gesf2
 .text.avr-libc.fplib
                0x00000000000042e2        0x4 /usr/lib/gcc/avr/4.8.1/../../../avr/lib/avr5/libm.a(mulsf3.o)
                0x00000000000042e2                __mulsf3
 .text.avr-libc.fplib
                0x00000000000042e6       0xc2 /usr/lib/gcc/avr/4.8.1/../../../avr/lib/avr5/libm.a(mulsf3x.o)
                0x00000000000042fa                __mulsf3x
                0x00000000000042fe                __mulsf3_pse
 .text.avr-libc
                0x00000000000043a8      0x24e /usr/lib/gcc/avr/4.8.1/../../../avr/lib/avr5/libc.a(malloc.o)
                0x00000000000043a8                malloc
                0x00000000000044d8                free
 .text.avr-libc
                0x00000000000045f6       0xbc /usr/lib/gcc/avr/4.8.1/../../../avr/lib/avr5/libc.a(rand.o)
                0x000000000000468c                rand_r
                0x0000000000004692                rand
                0x000000000000469c                srand
 .text.avr-libc
                0x00000000000046b2       0x16 /usr/lib/gcc/avr/4.8.1/../../../avr/lib/avr5/libc.a(itoa_ncheck.o)
                0x00000000000046b2                __itoa_ncheck
 .text.avr-libc
                0x00000000000046c8       0x34 /usr/lib/gcc/avr/4.8.1/../../../avr/lib/avr5/libc.a(utoa_ncheck.o)
                0x00000000000046c8                __utoa_ncheck
                0x00000000000046ca                __utoa_common
 .text.avr-libc
                0x00000000000046fc       0x28 /usr/lib/gcc/avr/4.8.1/../../../avr/lib/avr5/libc.a(printf.o)
                0x00000000000046fc                printf
 .text.avr-libc
                0x0000000000004724        0xe /usr/lib/gcc/avr/4.8.1/../../../avr/lib/avr5/libc.a(putchar.o)
                0x0000000000004724                putchar
 .text.avr-libc
                0x0000000000004732       0x5a /usr/lib/gcc/avr/4.8.1/../../../avr/lib/avr5/libc.a(puts.o)
                0x0000000000004732                puts
 .text.avr-libc
                0x000000000000478c      0x3a4 /usr/lib/gcc/avr/4.8.1/../../../avr/lib/avr5/libc.a(vfprintf_std.o)
                0x000000000000478c                vfprintf
 .text.avr-libc
                0x0000000000004b30       0x20 /usr/lib/gcc/avr/4.8.1/../../../avr/lib/avr5/libc.a(eerd_block_atmega32.o)
                0x0000000000004b30                __eerd_block_m32
                0x0000000000004b34                __eerd_blraw_m32
 .text.avr-libc
                0x0000000000004b50       0x20 /usr/lib/gcc/avr/4.8.1/../../../avr/lib/avr5/libc.a(eeupd_block_atmega32.o)
                0x0000000000004b50                __eeupd_block_m32
 .text.avr-libc
                0x0000000000004b70       0x22 /usr/lib/gcc/avr/4.8.1/../../../avr/lib/avr5/libc.a(eeupd_byte_atmega32.o)
                0x0000000000004b70                __eeupd_byte_m32
                0x0000000000004b72                __eeupd_r18_m32
 .text.avr-libc
                0x0000000000004b92       0x16 /usr/lib/gcc/avr/4.8.1/../../../avr/lib/avr5/libc.a(strnlen_P.o)
                0x0000000000004b92                strnlen_P
 .text.avr-libc
                0x0000000000004ba8       0x16 /usr/lib/gcc/avr/4.8.1/../../../avr/lib/avr5/libc.a(strnlen.o)
                0x0000000000004ba8                strnlen
 .text.avr-libc
                0x0000000000004bbe       0x20 /usr/lib/gcc/avr/4.8.1/../../../avr/lib/avr5/libc.a(strrev.o)
                0x0000000000004bbe                strrev
 .text.avr-libc
                0x0000000000004bde       0x64 /usr/lib/gcc/avr/4.8.1/../../../avr/lib/avr5/libc.a(fputc.o)
                0x0000000000004bde                fputc
 .text.avr-libc
                0x0000000000004c42       0xbc /usr/lib/gcc/avr/4.8.1/../../../avr/lib/avr5/libc.a(ultoa_invert.o)
                0x0000000000004c42                __ultoa_invert
 .text.libgcc.mul
                0x0000000000004cfe        0x0 /usr/lib/gcc/avr/4.8.1/avr5/libgcc.a(_divmodsi4.o)
 .text.libgcc.div
                0x0000000000004cfe       0x2e /usr/lib/gcc/avr/4.8.1/avr5/libgcc.a(_divmodsi4.o)
                0x0000000000004cfe                __divmodsi4
 .text.libgcc   0x0000000000004d2c        0x0 /usr/lib/gcc/avr/4.8.1/avr5/libgcc.a(_divmodsi4.o)
 .text.libgcc.prologue
                0x0000000000004d2c        0x0 /usr/lib/gcc/avr/4.8.1/avr5/libgcc.a(_divmodsi4.o)
 .text.libgcc.builtins
                0x0000000000004d2c        0x0 /usr/lib/gcc/avr/4.8.1/avr5/libgcc.a(_divmodsi4.o)
 .text.libgcc.fmul
                0x0000000000004d2c        0x0 /usr/lib/gcc/avr/4.8.1/avr5/libgcc.a(_divmodsi4.o)
 .text.libgcc.fixed
                0x0000000000004d2c        0x0 /usr/lib/gcc/avr/4.8.1/avr5/libgcc.a(_divmodsi4.o)
 .text.libgcc.mul
                0x0000000000004d2c        0x0 /usr/lib/gcc/avr/4.8.1/avr5/libgcc.a(_negsi2.o)
 .text.libgcc.div
                0x0000000000004d2c       0x10 /usr/lib/gcc/avr/4.8.1/avr5/libgcc.a(_negsi2.o)
                0x0000000000004d2c                __negsi2
 .text.libgcc   0x0000000000004d3c        0x0 /usr/lib/gcc/avr/4.8.1/avr5/libgcc.a(_negsi2.o)
 .text.libgcc.prologue
                0x0000000000004d3c        0x0 /usr/lib/gcc/avr/4.8.1/avr5/libgcc.a(_negsi2.o)
 .text.libgcc.builtins
                0x0000000000004d3c        0x0 /usr/lib/gcc/avr/4.8.1/avr5/libgcc.a(_negsi2.o)
 .text.libgcc.fmul
                0x0000000000004d3c        0x0 /usr/lib/gcc/avr/4.8.1/avr5/libgcc.a(_negsi2.o)
 .text.libgcc.fixed
                0x0000000000004d3c        0x0 /usr/lib/gcc/avr/4.8.1/avr5/libgcc.a(_negsi2.o)
 .text.libgcc.mul
                0x0000000000004d3c       0x16 /usr/lib/gcc/avr/4.8.1/avr5/libgcc.a(_muluhisi3.o)
                0x0000000000004d3c                __muluhisi3
 .text.libgcc.div
                0x0000000000004d52        0x0 /usr/lib/gcc/avr/4.8.1/avr5/libgcc.a(_muluhisi3.o)
 .text.libgcc   0x0000000000004d52        0x0 /usr/lib/gcc/avr/4.8.1/avr5/libgcc.a(_muluhisi3.o)
 .text.libgcc.prologue
                0x0000000000004d52        0x0 /usr/lib/gcc/avr/4.8.1/avr5/libgcc.a(_muluhisi3.o)
 .text.libgcc.builtins
                0x0000000000004d52        0x0 /usr/lib/gcc/avr/4.8.1/avr5/libgcc.a(_muluhisi3.o)
 .text.libgcc.fmul
                0x0000000000004d52        0x0 /usr/lib/gcc/avr/4.8.1/avr5/libgcc.a(_muluhisi3.o)
 .text.libgcc.fixed
                0x0000000000004d52        0x0 /usr/lib/gcc/avr/4.8.1/avr5/libgcc.a(_muluhisi3.o)
 .text.libgcc.mul
                0x0000000000004d52       0x10 /usr/lib/gcc/avr/4.8.1/avr5/libgcc.a(_mulshisi3.o)
                0x0000000000004d52                __mulshisi3
                0x0000000000004d58                __mulohisi3
 .text.libgcc.div
                0x0000000000004d62        0x0 /usr/lib/gcc/avr/4.8.1/avr5/libgcc.a(_mulshisi3.o)
 .text.libgcc   0x0000000000004d62        0x0 /usr/lib/gcc/avr/4.8.1/avr5/libgcc.a(_mulshisi3.o)
 .text.libgcc.prologue
                0x0000000000004d62        0x0 /usr/lib/gcc/avr/4.8.1/avr5/libgcc.a(_mulshisi3.o)
 .text.libgcc.builtins
                0x0000000000004d62        0x0 /usr/lib/gcc/avr/4.8.1/avr5/libgcc.a(_mulshisi3.o)
 .text.libgcc.fmul
                0x0000000000004d62        0x0 /usr/lib/gcc/avr/4.8.1/avr5/libgcc.a(_mulshisi3.o)
 .text.libgcc.fixed
                0x0000000000004d62        0x0 /usr/lib/gcc/avr/4.8.1/avr5/libgcc.a(_mulshisi3.o)
 .text.libgcc.mul
                0x0000000000004d62        0x0 /usr/lib/gcc/avr/4.8.1/avr5/libgcc.a(_prologue.o)
 .text.libgcc.div
                0x0000000000004d62        0x0 /usr/lib/gcc/avr/4.8.1/avr5/libgcc.a(_prologue.o)
 .text.libgcc   0x0000000000004d62        0x0 /usr/lib/gcc/avr/4.8.1/avr5/libgcc.a(_prologue.o)
 .text.libgcc.prologue
                0x0000000000004d62       0x38 /usr/lib/gcc/avr/4.8.1/avr5/libgcc.a(_prologue.o)
                0x0000000000004d62                __prologue_saves__
 .text.libgcc.builtins
                0x0000000000004d9a        0x0 /usr/lib/gcc/avr/4.8.1/avr5/libgcc.a(_prologue.o)
 .text.libgcc.fmul
                0x0000000000004d9a        0x0 /usr/lib/gcc/avr/4.8.1/avr5/libgcc.a(_prologue.o)
 .text.libgcc.fixed
                0x0000000000004d9a        0x0 /usr/lib/gcc/avr/4.8.1/avr5/libgcc.a(_prologue.o)
 .text.libgcc.mul
                0x0000000000004d9a        0x0 /usr/lib/gcc/avr/4.8.1/avr5/libgcc.a(_epilogue.o)
 .text.libgcc.div
                0x0000000000004d9a        0x0 /usr/lib/gcc/avr/4.8.1/avr5/libgcc.a(_epilogue.o)
 .text.libgcc   0x0000000000004d9a        0x0 /usr/lib/gcc/avr/4.8.1/avr5/libgcc.a(_epilogue.o)
 .text.libgcc.prologue
                0x0000000000004d9a       0x36 /usr/lib/gcc/avr/4.8.1/avr5/libgcc.a(_epilogue.o)
                0x0000000000004d9a                __epilogue_restores__
 .text.libgcc.builtins
                0x0000000000004dd0        0x0 /usr/lib/gcc/avr/4.8.1/avr5/libgcc.a(_epilogue.o)
 .text.libgcc.fmul
                0x0000000000004dd0        0x0 /usr/lib/gcc/avr/4.8.1/avr5/libgcc.a(_epilogue.o)
 .text.libgcc.fixed
                0x0000000000004dd0        0x0 /usr/lib/gcc/avr/4.8.1/avr5/libgcc.a(_epilogue.o)
 .text.libgcc.mul
                0x0000000000004dd0        0x0 /usr/lib/gcc/avr/4.8.1/avr5/libgcc.a(_udivmodsi4.o)
 .text.libgcc.div
                0x0000000000004dd0       0x44 /usr/lib/gcc/avr/4.8.1/avr5/libgcc.a(_udivmodsi4.o)
                0x0000000000004dd0                __udivmodsi4
 .text.libgcc   0x0000000000004e14        0x0 /usr/lib/gcc/avr/4.8.1/avr5/libgcc.a(_udivmodsi4.o)
 .text.libgcc.prologue
                0x0000000000004e14        0x0 /usr/lib/gcc/avr/4.8.1/avr5/libgcc.a(_udivmodsi4.o)
 .text.libgcc.builtins
                0x0000000000004e14        0x0 /usr/lib/gcc/avr/4.8.1/avr5/libgcc.a(_udivmodsi4.o)
 .text.libgcc.fmul
                0x0000000000004e14        0x0 /usr/lib/gcc/avr/4.8.1/avr5/libgcc.a(_udivmodsi4.o)
 .text.libgcc.fixed
                0x0000000000004e14        0x0 /usr/lib/gcc/avr/4.8.1/avr5/libgcc.a(_udivmodsi4.o)
                0x0000000000004e14                . = ALIGN (0x2)
 *(.fini9)
 .fini9         0x0000000000004e14        0x0 /usr/lib/gcc/avr/4.8.1/avr5/libgcc.a(_exit.o)
                0x0000000000004e14                exit
                0x0000000000004e14                _exit
 *(.fini9)
 *(.fini8)
 *(.fini8)
 *(.fini7)
 *(.fini7)
 *(.fini6)
 *(.fini6)
 *(.fini5)
 *(.fini5)
 *(.fini4)
 *(.fini4)
 *(.fini3)
 *(.fini3)
 *(.fini2)
 *(.fini2)
 *(.fini1)
 *(.fini1)
 *(.fini0)
 .fini0         0x0000000000004e14        0x4 /usr/lib/gcc/avr/4.8.1/avr5/libgcc.a(_exit.o)
 *(.fini0)
                0x0000000000004e18                _etext = .

.data           0x0000000000800060      0x4e8 load address 0x0000000000004e18
                0x0000000000800060                PROVIDE (__data_start, .)
 *(.data)
 .data          0x0000000000800060        0x0 /usr/lib/gcc/avr/4.8.1/../../../avr/lib/avr5/crtm32.o
 .data          0x0000000000800060        0x0 obj/Release/delay_lib.o
 .data          0x0000000000800060        0x0 obj/Release/HD44780.o
 .data          0x0000000000800060        0x0 obj/Release/i2c.o
 .data          0x0000000000800060        0x0 obj/Release/ir_decode.o
 .data          0x0000000000800060       0x1c obj/Release/lockers.o
 .data          0x000000000080007c        0x2 obj/Release/main.o
                0x000000000080007c                toggle
                0x000000000080007d                start
 .data          0x000000000080007e        0x0 obj/Release/PCF8583.o
 .data          0x000000000080007e        0x0 obj/Release/termometer.o
 .data          0x000000000080007e        0x0 obj/Release/timer_2.o
 .data          0x000000000080007e        0x0 /usr/lib/gcc/avr/4.8.1/avr5/libgcc.a(_udivmodqi4.o)
 .data          0x000000000080007e        0x0 /usr/lib/gcc/avr/4.8.1/avr5/libgcc.a(_udivmodhi4.o)
 .data          0x000000000080007e        0x0 /usr/lib/gcc/avr/4.8.1/avr5/libgcc.a(_divmodhi4.o)
 .data          0x000000000080007e        0x0 /usr/lib/gcc/avr/4.8.1/avr5/libgcc.a(_exit.o)
 .data          0x000000000080007e        0x0 /usr/lib/gcc/avr/4.8.1/avr5/libgcc.a(_copy_data.o)
 .data          0x000000000080007e        0x0 /usr/lib/gcc/avr/4.8.1/avr5/libgcc.a(_clear_bss.o)
 .data          0x000000000080007e        0x0 /usr/lib/gcc/avr/4.8.1/avr5/libgcc.a(_usmulhisi3.o)
 .data          0x000000000080007e        0x0 /usr/lib/gcc/avr/4.8.1/avr5/libgcc.a(_umulhisi3.o)
 .data          0x000000000080007e        0x0 /usr/lib/gcc/avr/4.8.1/../../../avr/lib/avr5/libm.a(addsf3.o)
 .data          0x000000000080007e        0x0 /usr/lib/gcc/avr/4.8.1/../../../avr/lib/avr5/libm.a(addsf3x.o)
 .data          0x000000000080007e        0x0 /usr/lib/gcc/avr/4.8.1/../../../avr/lib/avr5/libm.a(cmpsf2.o)
 .data          0x000000000080007e        0x0 /usr/lib/gcc/avr/4.8.1/../../../avr/lib/avr5/libm.a(divsf3.o)
 .data          0x000000000080007e        0x0 /usr/lib/gcc/avr/4.8.1/../../../avr/lib/avr5/libm.a(divsf3x.o)
 .data          0x000000000080007e        0x0 /usr/lib/gcc/avr/4.8.1/../../../avr/lib/avr5/libm.a(fixsfsi.o)
 .data          0x000000000080007e        0x0 /usr/lib/gcc/avr/4.8.1/../../../avr/lib/avr5/libm.a(fixunssfsi.o)
 .data          0x000000000080007e        0x0 /usr/lib/gcc/avr/4.8.1/../../../avr/lib/avr5/libm.a(floatsisf.o)
 .data          0x000000000080007e        0x0 /usr/lib/gcc/avr/4.8.1/../../../avr/lib/avr5/libm.a(fp_cmp.o)
 .data          0x000000000080007e        0x0 /usr/lib/gcc/avr/4.8.1/../../../avr/lib/avr5/libm.a(fp_inf.o)
 .data          0x000000000080007e        0x0 /usr/lib/gcc/avr/4.8.1/../../../avr/lib/avr5/libm.a(fp_nan.o)
 .data          0x000000000080007e        0x0 /usr/lib/gcc/avr/4.8.1/../../../avr/lib/avr5/libm.a(fp_pscA.o)
 .data          0x000000000080007e        0x0 /usr/lib/gcc/avr/4.8.1/../../../avr/lib/avr5/libm.a(fp_pscB.o)
 .data          0x000000000080007e        0x0 /usr/lib/gcc/avr/4.8.1/../../../avr/lib/avr5/libm.a(fp_round.o)
 .data          0x000000000080007e        0x0 /usr/lib/gcc/avr/4.8.1/../../../avr/lib/avr5/libm.a(fp_split3.o)
 .data          0x000000000080007e        0x0 /usr/lib/gcc/avr/4.8.1/../../../avr/lib/avr5/libm.a(fp_zero.o)
 .data          0x000000000080007e        0x0 /usr/lib/gcc/avr/4.8.1/../../../avr/lib/avr5/libm.a(gesf2.o)
 .data          0x000000000080007e        0x0 /usr/lib/gcc/avr/4.8.1/../../../avr/lib/avr5/libm.a(mulsf3.o)
 .data          0x000000000080007e        0x0 /usr/lib/gcc/avr/4.8.1/../../../avr/lib/avr5/libm.a(mulsf3x.o)
 .data          0x000000000080007e        0x6 /usr/lib/gcc/avr/4.8.1/../../../avr/lib/avr5/libc.a(malloc.o)
                0x000000000080007e                __malloc_heap_end
                0x0000000000800080                __malloc_heap_start
                0x0000000000800082                __malloc_margin
 .data          0x0000000000800084        0x4 /usr/lib/gcc/avr/4.8.1/../../../avr/lib/avr5/libc.a(rand.o)
 .data          0x0000000000800088        0x0 /usr/lib/gcc/avr/4.8.1/../../../avr/lib/avr5/libc.a(itoa_ncheck.o)
 .data          0x0000000000800088        0x0 /usr/lib/gcc/avr/4.8.1/../../../avr/lib/avr5/libc.a(utoa_ncheck.o)
 .data          0x0000000000800088        0x0 /usr/lib/gcc/avr/4.8.1/../../../avr/lib/avr5/libc.a(iob.o)
 .data          0x0000000000800088        0x0 /usr/lib/gcc/avr/4.8.1/../../../avr/lib/avr5/libc.a(printf.o)
 .data          0x0000000000800088        0x0 /usr/lib/gcc/avr/4.8.1/../../../avr/lib/avr5/libc.a(putchar.o)
 .data          0x0000000000800088        0x0 /usr/lib/gcc/avr/4.8.1/../../../avr/lib/avr5/libc.a(puts.o)
 .data          0x0000000000800088        0x0 /usr/lib/gcc/avr/4.8.1/../../../avr/lib/avr5/libc.a(vfprintf_std.o)
 .data          0x0000000000800088        0x0 /usr/lib/gcc/avr/4.8.1/../../../avr/lib/avr5/libc.a(eerd_block_atmega32.o)
 .data          0x0000000000800088        0x0 /usr/lib/gcc/avr/4.8.1/../../../avr/lib/avr5/libc.a(eeupd_block_atmega32.o)
 .data          0x0000000000800088        0x0 /usr/lib/gcc/avr/4.8.1/../../../avr/lib/avr5/libc.a(eeupd_byte_atmega32.o)
 .data          0x0000000000800088        0x0 /usr/lib/gcc/avr/4.8.1/../../../avr/lib/avr5/libc.a(strnlen_P.o)
 .data          0x0000000000800088        0x0 /usr/lib/gcc/avr/4.8.1/../../../avr/lib/avr5/libc.a(strnlen.o)
 .data          0x0000000000800088        0x0 /usr/lib/gcc/avr/4.8.1/../../../avr/lib/avr5/libc.a(strrev.o)
 .data          0x0000000000800088        0x0 /usr/lib/gcc/avr/4.8.1/../../../avr/lib/avr5/libc.a(fputc.o)
 .data          0x0000000000800088        0x0 /usr/lib/gcc/avr/4.8.1/../../../avr/lib/avr5/libc.a(ultoa_invert.o)
 .data          0x0000000000800088        0x0 /usr/lib/gcc/avr/4.8.1/avr5/libgcc.a(_divmodsi4.o)
 .data          0x0000000000800088        0x0 /usr/lib/gcc/avr/4.8.1/avr5/libgcc.a(_negsi2.o)
 .data          0x0000000000800088        0x0 /usr/lib/gcc/avr/4.8.1/avr5/libgcc.a(_muluhisi3.o)
 .data          0x0000000000800088        0x0 /usr/lib/gcc/avr/4.8.1/avr5/libgcc.a(_mulshisi3.o)
 .data          0x0000000000800088        0x0 /usr/lib/gcc/avr/4.8.1/avr5/libgcc.a(_prologue.o)
 .data          0x0000000000800088        0x0 /usr/lib/gcc/avr/4.8.1/avr5/libgcc.a(_epilogue.o)
 .data          0x0000000000800088        0x0 /usr/lib/gcc/avr/4.8.1/avr5/libgcc.a(_udivmodsi4.o)
 *(.data*)
 *(.rodata)
 .rodata        0x0000000000800088       0x52 obj/Release/main.o
                0x00000000008000d8                liczbaPodprogramow
 *(.rodata*)
 .rodata.str1.1
                0x0000000000000000        0x0 obj/Release/HD44780.o
                                          0x2 (size before relaxing)
 .rodata.str1.1
                0x00000000008000da       0x89 obj/Release/lockers.o
 .rodata.str1.1
                0x0000000000800163      0x3e4 obj/Release/main.o
                                        0x414 (size before relaxing)
 *(.gnu.linkonce.d*)
                0x0000000000800548                . = ALIGN (0x2)
 *fill*         0x0000000000800547        0x1 
                0x0000000000800548                _edata = .
                0x0000000000800548                PROVIDE (__data_end, .)

.bss            0x0000000000800548       0x5e
                0x0000000000800548                PROVIDE (__bss_start, .)
 *(.bss)
 .bss           0x0000000000800548        0x0 /usr/lib/gcc/avr/4.8.1/../../../avr/lib/avr5/crtm32.o
 .bss           0x0000000000800548        0x0 obj/Release/delay_lib.o
 .bss           0x0000000000800548        0x0 obj/Release/HD44780.o
 .bss           0x0000000000800548        0x0 obj/Release/i2c.o
 .bss           0x0000000000800548        0x6 obj/Release/ir_decode.o
 .bss           0x000000000080054e        0x0 obj/Release/lockers.o
 .bss           0x000000000080054e        0x8 obj/Release/main.o
                0x000000000080054e                cyfra
                0x000000000080054f                pozycja
                0x0000000000800550                switch_menu
                0x0000000000800551                refresh_screen
                0x0000000000800552                backlight_of_lcd
                0x0000000000800553                pilot_state
                0x0000000000800554                moveStep
                0x0000000000800555                menu
 .bss           0x0000000000800556        0x0 obj/Release/PCF8583.o
 .bss           0x0000000000800556        0x0 obj/Release/termometer.o
 .bss           0x0000000000800556        0x0 obj/Release/timer_2.o
 .bss           0x0000000000800556        0x0 /usr/lib/gcc/avr/4.8.1/avr5/libgcc.a(_udivmodqi4.o)
 .bss           0x0000000000800556        0x0 /usr/lib/gcc/avr/4.8.1/avr5/libgcc.a(_udivmodhi4.o)
 .bss           0x0000000000800556        0x0 /usr/lib/gcc/avr/4.8.1/avr5/libgcc.a(_divmodhi4.o)
 .bss           0x0000000000800556        0x0 /usr/lib/gcc/avr/4.8.1/avr5/libgcc.a(_exit.o)
 .bss           0x0000000000800556        0x0 /usr/lib/gcc/avr/4.8.1/avr5/libgcc.a(_copy_data.o)
 .bss           0x0000000000800556        0x0 /usr/lib/gcc/avr/4.8.1/avr5/libgcc.a(_clear_bss.o)
 .bss           0x0000000000800556        0x0 /usr/lib/gcc/avr/4.8.1/avr5/libgcc.a(_usmulhisi3.o)
 .bss           0x0000000000800556        0x0 /usr/lib/gcc/avr/4.8.1/avr5/libgcc.a(_umulhisi3.o)
 .bss           0x0000000000800556        0x0 /usr/lib/gcc/avr/4.8.1/../../../avr/lib/avr5/libm.a(addsf3.o)
 .bss           0x0000000000800556        0x0 /usr/lib/gcc/avr/4.8.1/../../../avr/lib/avr5/libm.a(addsf3x.o)
 .bss           0x0000000000800556        0x0 /usr/lib/gcc/avr/4.8.1/../../../avr/lib/avr5/libm.a(cmpsf2.o)
 .bss           0x0000000000800556        0x0 /usr/lib/gcc/avr/4.8.1/../../../avr/lib/avr5/libm.a(divsf3.o)
 .bss           0x0000000000800556        0x0 /usr/lib/gcc/avr/4.8.1/../../../avr/lib/avr5/libm.a(divsf3x.o)
 .bss           0x0000000000800556        0x0 /usr/lib/gcc/avr/4.8.1/../../../avr/lib/avr5/libm.a(fixsfsi.o)
 .bss           0x0000000000800556        0x0 /usr/lib/gcc/avr/4.8.1/../../../avr/lib/avr5/libm.a(fixunssfsi.o)
 .bss           0x0000000000800556        0x0 /usr/lib/gcc/avr/4.8.1/../../../avr/lib/avr5/libm.a(floatsisf.o)
 .bss           0x0000000000800556        0x0 /usr/lib/gcc/avr/4.8.1/../../../avr/lib/avr5/libm.a(fp_cmp.o)
 .bss           0x0000000000800556        0x0 /usr/lib/gcc/avr/4.8.1/../../../avr/lib/avr5/libm.a(fp_inf.o)
 .bss           0x0000000000800556        0x0 /usr/lib/gcc/avr/4.8.1/../../../avr/lib/avr5/libm.a(fp_nan.o)
 .bss           0x0000000000800556        0x0 /usr/lib/gcc/avr/4.8.1/../../../avr/lib/avr5/libm.a(fp_pscA.o)
 .bss           0x0000000000800556        0x0 /usr/lib/gcc/avr/4.8.1/../../../avr/lib/avr5/libm.a(fp_pscB.o)
 .bss           0x0000000000800556        0x0 /usr/lib/gcc/avr/4.8.1/../../../avr/lib/avr5/libm.a(fp_round.o)
 .bss           0x0000000000800556        0x0 /usr/lib/gcc/avr/4.8.1/../../../avr/lib/avr5/libm.a(fp_split3.o)
 .bss           0x0000000000800556        0x0 /usr/lib/gcc/avr/4.8.1/../../../avr/lib/avr5/libm.a(fp_zero.o)
 .bss           0x0000000000800556        0x0 /usr/lib/gcc/avr/4.8.1/../../../avr/lib/avr5/libm.a(gesf2.o)
 .bss           0x0000000000800556        0x0 /usr/lib/gcc/avr/4.8.1/../../../avr/lib/avr5/libm.a(mulsf3.o)
 .bss           0x0000000000800556        0x0 /usr/lib/gcc/avr/4.8.1/../../../avr/lib/avr5/libm.a(mulsf3x.o)
 .bss           0x0000000000800556        0x0 /usr/lib/gcc/avr/4.8.1/../../../avr/lib/avr5/libc.a(malloc.o)
 .bss           0x0000000000800556        0x0 /usr/lib/gcc/avr/4.8.1/../../../avr/lib/avr5/libc.a(rand.o)
 .bss           0x0000000000800556        0x0 /usr/lib/gcc/avr/4.8.1/../../../avr/lib/avr5/libc.a(itoa_ncheck.o)
 .bss           0x0000000000800556        0x0 /usr/lib/gcc/avr/4.8.1/../../../avr/lib/avr5/libc.a(utoa_ncheck.o)
 .bss           0x0000000000800556        0x0 /usr/lib/gcc/avr/4.8.1/../../../avr/lib/avr5/libc.a(iob.o)
 .bss           0x0000000000800556        0x0 /usr/lib/gcc/avr/4.8.1/../../../avr/lib/avr5/libc.a(printf.o)
 .bss           0x0000000000800556        0x0 /usr/lib/gcc/avr/4.8.1/../../../avr/lib/avr5/libc.a(putchar.o)
 .bss           0x0000000000800556        0x0 /usr/lib/gcc/avr/4.8.1/../../../avr/lib/avr5/libc.a(puts.o)
 .bss           0x0000000000800556        0x0 /usr/lib/gcc/avr/4.8.1/../../../avr/lib/avr5/libc.a(vfprintf_std.o)
 .bss           0x0000000000800556        0x0 /usr/lib/gcc/avr/4.8.1/../../../avr/lib/avr5/libc.a(eerd_block_atmega32.o)
 .bss           0x0000000000800556        0x0 /usr/lib/gcc/avr/4.8.1/../../../avr/lib/avr5/libc.a(eeupd_block_atmega32.o)
 .bss           0x0000000000800556        0x0 /usr/lib/gcc/avr/4.8.1/../../../avr/lib/avr5/libc.a(eeupd_byte_atmega32.o)
 .bss           0x0000000000800556        0x0 /usr/lib/gcc/avr/4.8.1/../../../avr/lib/avr5/libc.a(strnlen_P.o)
 .bss           0x0000000000800556        0x0 /usr/lib/gcc/avr/4.8.1/../../../avr/lib/avr5/libc.a(strnlen.o)
 .bss           0x0000000000800556        0x0 /usr/lib/gcc/avr/4.8.1/../../../avr/lib/avr5/libc.a(strrev.o)
 .bss           0x0000000000800556        0x0 /usr/lib/gcc/avr/4.8.1/../../../avr/lib/avr5/libc.a(fputc.o)
 .bss           0x0000000000800556        0x0 /usr/lib/gcc/avr/4.8.1/../../../avr/lib/avr5/libc.a(ultoa_invert.o)
 .bss           0x0000000000800556        0x0 /usr/lib/gcc/avr/4.8.1/avr5/libgcc.a(_divmodsi4.o)
 .bss           0x0000000000800556        0x0 /usr/lib/gcc/avr/4.8.1/avr5/libgcc.a(_negsi2.o)
 .bss           0x0000000000800556        0x0 /usr/lib/gcc/avr/4.8.1/avr5/libgcc.a(_muluhisi3.o)
 .bss           0x0000000000800556        0x0 /usr/lib/gcc/avr/4.8.1/avr5/libgcc.a(_mulshisi3.o)
 .bss           0x0000000000800556        0x0 /usr/lib/gcc/avr/4.8.1/avr5/libgcc.a(_prologue.o)
 .bss           0x0000000000800556        0x0 /usr/lib/gcc/avr/4.8.1/avr5/libgcc.a(_epilogue.o)
 .bss           0x0000000000800556        0x0 /usr/lib/gcc/avr/4.8.1/avr5/libgcc.a(_udivmodsi4.o)
 *(.bss*)
 *(COMMON)
 COMMON         0x0000000000800556        0x5 obj/Release/ir_decode.o
                0x0000000000800556                toggle_bit
                0x0000000000800557                address
                0x0000000000800558                command
                0x0000000000800559                rc5cnt
                0x000000000080055a                Ir_key_press_flag
 COMMON         0x000000000080055b       0x3f obj/Release/lockers.o
                0x000000000080055b                t
                0x000000000080055d                timer
                0x000000000080055e                cnt
                0x000000000080055f                w
                0x0000000000800560                states_table
                0x000000000080056a                RGB_Green
                0x000000000080056b                save_info_table
                0x0000000000800575                interr
                0x0000000000800576                RGB_Red
                0x0000000000800577                checking_lockers_state
                0x0000000000800578                c
                0x000000000080057a                overflow_timer_2
                0x000000000080057c                hsek
                0x000000000080057d                godz
                0x000000000080057e                min
                0x000000000080057f                miesiac
                0x0000000000800580                rozmiar
                0x0000000000800582                frame
                0x000000000080058a                s
                0x000000000080058b                zwiekszanie
                0x000000000080058d                sek
                0x000000000080058e                rok
                0x0000000000800590                dzien_tygodnia
                0x0000000000800591                ds18b20_pad
                0x0000000000800593                state_temp
                0x0000000000800594                e
                0x0000000000800595                start_program
                0x0000000000800596                u
                0x0000000000800597                RGB_Blue
                0x0000000000800598                rano_wieczor
                0x0000000000800599                dzien
 COMMON         0x000000000080059a        0x2 obj/Release/timer_2.o
                0x000000000080059a                pwm1
                0x000000000080059b                pwm2
 COMMON         0x000000000080059c        0x4 /usr/lib/gcc/avr/4.8.1/../../../avr/lib/avr5/libc.a(malloc.o)
                0x000000000080059c                __brkval
                0x000000000080059e                __flp
 COMMON         0x00000000008005a0        0x6 /usr/lib/gcc/avr/4.8.1/../../../avr/lib/avr5/libc.a(iob.o)
                0x00000000008005a0                __iob
                0x00000000008005a6                PROVIDE (__bss_end, .)
                0x0000000000004e18                __data_load_start = LOADADDR (.data)
                0x0000000000005300                __data_load_end = (__data_load_start + SIZEOF (.data))

.noinit         0x00000000008005a6        0x0
                0x00000000008005a6                PROVIDE (__noinit_start, .)
 *(.noinit*)
                0x00000000008005a6                PROVIDE (__noinit_end, .)
                0x00000000008005a6                _end = .
                0x00000000008005a6                PROVIDE (__heap_start, .)

.eeprom         0x0000000000810000        0x0
 *(.eeprom*)
                0x0000000000810000                __eeprom_end = .

.fuse
 *(.fuse)
 *(.lfuse)
 *(.hfuse)
 *(.efuse)

.lock
 *(.lock*)

.signature
 *(.signature*)

.user_signatures
 *(.user_signatures*)

.stab
 *(.stab)

.stabstr
 *(.stabstr)

.stab.excl
 *(.stab.excl)

.stab.exclstr
 *(.stab.exclstr)

.stab.index
 *(.stab.index)

.stab.indexstr
 *(.stab.indexstr)

.comment        0x0000000000000000       0x11
 *(.comment)
 .comment       0x0000000000000000       0x11 obj/Release/delay_lib.o
                                         0x12 (size before relaxing)
 .comment       0x0000000000000000       0x12 obj/Release/HD44780.o
 .comment       0x0000000000000000       0x12 obj/Release/i2c.o
 .comment       0x0000000000000000       0x12 obj/Release/ir_decode.o
 .comment       0x0000000000000000       0x12 obj/Release/lockers.o
 .comment       0x0000000000000000       0x12 obj/Release/main.o
 .comment       0x0000000000000000       0x12 obj/Release/PCF8583.o
 .comment       0x0000000000000000       0x12 obj/Release/termometer.o
 .comment       0x0000000000000000       0x12 obj/Release/timer_2.o
 .comment       0x0000000000000000       0x12 /usr/lib/gcc/avr/4.8.1/../../../avr/lib/avr5/libc.a(malloc.o)
 .comment       0x0000000000000000       0x12 /usr/lib/gcc/avr/4.8.1/../../../avr/lib/avr5/libc.a(rand.o)
 .comment       0x0000000000000000       0x12 /usr/lib/gcc/avr/4.8.1/../../../avr/lib/avr5/libc.a(iob.o)
 .comment       0x0000000000000000       0x12 /usr/lib/gcc/avr/4.8.1/../../../avr/lib/avr5/libc.a(printf.o)
 .comment       0x0000000000000000       0x12 /usr/lib/gcc/avr/4.8.1/../../../avr/lib/avr5/libc.a(putchar.o)
 .comment       0x0000000000000000       0x12 /usr/lib/gcc/avr/4.8.1/../../../avr/lib/avr5/libc.a(puts.o)
 .comment       0x0000000000000000       0x12 /usr/lib/gcc/avr/4.8.1/../../../avr/lib/avr5/libc.a(vfprintf_std.o)
 .comment       0x0000000000000000       0x12 /usr/lib/gcc/avr/4.8.1/../../../avr/lib/avr5/libc.a(fputc.o)

.note.gnu.build-id
 *(.note.gnu.build-id)

.debug
 *(.debug)

.line
 *(.line)

.debug_srcinfo
 *(.debug_srcinfo)

.debug_sfnames
 *(.debug_sfnames)

.debug_aranges
 *(.debug_aranges)

.debug_pubnames
 *(.debug_pubnames)

.debug_info
 *(.debug_info .gnu.linkonce.wi.*)

.debug_abbrev
 *(.debug_abbrev)

.debug_line
 *(.debug_line .debug_line.* .debug_line_end)

.debug_frame
 *(.debug_frame)

.debug_str
 *(.debug_str)

.debug_loc
 *(.debug_loc)

.debug_macinfo
 *(.debug_macinfo)

.debug_weaknames
 *(.debug_weaknames)

.debug_funcnames
 *(.debug_funcnames)

.debug_typenames
 *(.debug_typenames)

.debug_varnames
 *(.debug_varnames)

.debug_pubtypes
 *(.debug_pubtypes)

.debug_ranges
 *(.debug_ranges)

.debug_macro
 *(.debug_macro)
OUTPUT(bin/Release/ATmega32.elf elf32-avr)
LOAD linker stubs

Cross Reference Table

Symbol                                            File
Ir_key_press_flag                                 obj/Release/ir_decode.o
                                                  obj/Release/main.o
LCD_BacklightOff                                  obj/Release/HD44780.o
                                                  obj/Release/main.o
LCD_BacklightOn                                   obj/Release/HD44780.o
                                                  obj/Release/main.o
LCD_Clear                                         obj/Release/HD44780.o
                                                  obj/Release/main.o
LCD_Displaying                                    obj/Release/HD44780.o
                                                  obj/Release/main.o
LCD_Double                                        obj/Release/HD44780.o
                                                  obj/Release/main.o
LCD_Erase                                         obj/Release/HD44780.o
                                                  obj/Release/main.o
LCD_GoTo                                          obj/Release/HD44780.o
                                                  obj/Release/main.o
LCD_Hex                                           obj/Release/HD44780.o
LCD_Home                                          obj/Release/HD44780.o
                                                  obj/Release/main.o
LCD_Initalize                                     obj/Release/HD44780.o
                                                  obj/Release/main.o
LCD_Int                                           obj/Release/HD44780.o
                                                  obj/Release/main.o
LCD_MoveLeft                                      obj/Release/HD44780.o
                                                  obj/Release/main.o
LCD_MoveRight                                     obj/Release/HD44780.o
                                                  obj/Release/main.o
LCD_ReadData                                      obj/Release/HD44780.o
                                                  obj/Release/main.o
LCD_ReadStatus                                    obj/Release/HD44780.o
LCD_WriteCommand                                  obj/Release/HD44780.o
LCD_WriteData                                     obj/Release/HD44780.o
                                                  obj/Release/main.o
LCD_WriteText                                     obj/Release/HD44780.o
                                                  obj/Release/main.o
OneWireReadByte                                   obj/Release/termometer.o
OneWireReset                                      obj/Release/termometer.o
OneWireStrong                                     obj/Release/termometer.o
OneWireWriteByte                                  obj/Release/termometer.o
PCF8583_12h_format                                obj/Release/PCF8583.o
PCF8583_24h_format                                obj/Release/PCF8583.o
                                                  obj/Release/main.o
PCF8583_alarm_flag_off                            obj/Release/PCF8583.o
                                                  obj/Release/main.o
PCF8583_alarm_flag_on                             obj/Release/PCF8583.o
                                                  obj/Release/main.o
PCF8583_alarm_interrupt_off                       obj/Release/PCF8583.o
                                                  obj/Release/main.o
PCF8583_alarm_interrupt_on                        obj/Release/PCF8583.o
                                                  obj/Release/main.o
PCF8583_get_alarm_time                            obj/Release/PCF8583.o
PCF8583_get_time                                  obj/Release/PCF8583.o
PCF8583_get_wall_alarm                            obj/Release/PCF8583.o
                                                  obj/Release/main.o
PCF8583_get_wall_time                             obj/Release/PCF8583.o
                                                  obj/Release/main.o
                                                  obj/Release/lockers.o
PCF8583_hold_off                                  obj/Release/PCF8583.o
PCF8583_hold_on                                   obj/Release/PCF8583.o
PCF8583_init                                      obj/Release/PCF8583.o
                                                  obj/Release/main.o
PCF8583_is_12h_24h_format                         obj/Release/PCF8583.o
PCF8583_is_alarm_flag_set                         obj/Release/PCF8583.o
                                                  obj/Release/main.o
PCF8583_is_alarm_interrupt                        obj/Release/PCF8583.o
                                                  obj/Release/main.o
PCF8583_is_clock_counting                         obj/Release/PCF8583.o
                                                  obj/Release/main.o
PCF8583_is_timer_flag_set                         obj/Release/PCF8583.o
                                                  obj/Release/main.o
PCF8583_is_timer_interrupt                        obj/Release/PCF8583.o
                                                  obj/Release/main.o
PCF8583_mask_off                                  obj/Release/PCF8583.o
PCF8583_mask_on                                   obj/Release/PCF8583.o
PCF8583_read                                      obj/Release/PCF8583.o
                                                  obj/Release/lockers.o
PCF8583_read_buf                                  obj/Release/PCF8583.o
PCF8583_read_word                                 obj/Release/PCF8583.o
                                                  obj/Release/lockers.o
PCF8583_recognise_type_of_alarm                   obj/Release/PCF8583.o
                                                  obj/Release/main.o
PCF8583_recognise_type_of_timer_alarm             obj/Release/PCF8583.o
                                                  obj/Release/main.o
PCF8583_set_alarm_time                            obj/Release/PCF8583.o
                                                  obj/Release/main.o
PCF8583_set_time                                  obj/Release/PCF8583.o
                                                  obj/Release/main.o
PCF8583_set_timer_mode                            obj/Release/PCF8583.o
                                                  obj/Release/main.o
PCF8583_set_type_of_alarm                         obj/Release/PCF8583.o
                                                  obj/Release/main.o
PCF8583_start                                     obj/Release/PCF8583.o
                                                  obj/Release/main.o
PCF8583_stop                                      obj/Release/PCF8583.o
                                                  obj/Release/main.o
PCF8583_timer_alarm_off                           obj/Release/PCF8583.o
                                                  obj/Release/main.o
PCF8583_timer_alarm_on                            obj/Release/PCF8583.o
                                                  obj/Release/main.o
PCF8583_timer_flag_off                            obj/Release/PCF8583.o
                                                  obj/Release/main.o
PCF8583_timer_flag_on                             obj/Release/PCF8583.o
                                                  obj/Release/main.o
PCF8583_timer_interrupt_off                       obj/Release/PCF8583.o
                                                  obj/Release/main.o
PCF8583_timer_interrupt_on                        obj/Release/PCF8583.o
                                                  obj/Release/main.o
PCF8583_timer_mode                                obj/Release/PCF8583.o
                                                  obj/Release/main.o
PCF8583_write                                     obj/Release/PCF8583.o
                                                  obj/Release/lockers.o
PCF8583_write_buf                                 obj/Release/PCF8583.o
PCF8583_write_word                                obj/Release/PCF8583.o
                                                  obj/Release/lockers.o
RGB_Blue                                          obj/Release/timer_2.o
                                                  obj/Release/main.o
                                                  obj/Release/lockers.o
RGB_Green                                         obj/Release/timer_2.o
                                                  obj/Release/main.o
                                                  obj/Release/lockers.o
RGB_Red                                           obj/Release/timer_2.o
                                                  obj/Release/main.o
                                                  obj/Release/lockers.o
RGB_init                                          obj/Release/timer_2.o
                                                  obj/Release/main.o
USART_Recieve                                     obj/Release/lockers.o
USART_Recieve_without_waiting                     obj/Release/lockers.o
                                                  obj/Release/main.o
USART_Transmit                                    obj/Release/lockers.o
USART_init                                        obj/Release/lockers.o
_LCD_InNibble                                     obj/Release/HD44780.o
_LCD_OutNibble                                    obj/Release/HD44780.o
_LCD_Read                                         obj/Release/HD44780.o
_LCD_Write                                        obj/Release/HD44780.o
__addsf3                                          /usr/lib/gcc/avr/4.8.1/../../../avr/lib/avr5/libm.a(addsf3.o)
__addsf3x                                         /usr/lib/gcc/avr/4.8.1/../../../avr/lib/avr5/libm.a(addsf3x.o)
                                                  /usr/lib/gcc/avr/4.8.1/../../../avr/lib/avr5/libm.a(addsf3.o)
__bad_interrupt                                   /usr/lib/gcc/avr/4.8.1/../../../avr/lib/avr5/crtm32.o
__brkval                                          /usr/lib/gcc/avr/4.8.1/../../../avr/lib/avr5/libc.a(malloc.o)
__bss_end                                         /usr/lib/gcc/avr/4.8.1/avr5/libgcc.a(_clear_bss.o)
__bss_start                                       /usr/lib/gcc/avr/4.8.1/avr5/libgcc.a(_clear_bss.o)
__cmpsf2                                          /usr/lib/gcc/avr/4.8.1/../../../avr/lib/avr5/libm.a(cmpsf2.o)
__data_end                                        /usr/lib/gcc/avr/4.8.1/avr5/libgcc.a(_copy_data.o)
__data_load_start                                 /usr/lib/gcc/avr/4.8.1/avr5/libgcc.a(_copy_data.o)
__data_start                                      /usr/lib/gcc/avr/4.8.1/avr5/libgcc.a(_copy_data.o)
__divmodhi4                                       /usr/lib/gcc/avr/4.8.1/avr5/libgcc.a(_divmodhi4.o)
                                                  obj/Release/main.o
__divmodsi4                                       /usr/lib/gcc/avr/4.8.1/avr5/libgcc.a(_divmodsi4.o)
                                                  /usr/lib/gcc/avr/4.8.1/../../../avr/lib/avr5/libc.a(rand.o)
__divsf3                                          /usr/lib/gcc/avr/4.8.1/../../../avr/lib/avr5/libm.a(divsf3.o)
                                                  obj/Release/delay_lib.o
__divsf3_pse                                      /usr/lib/gcc/avr/4.8.1/../../../avr/lib/avr5/libm.a(divsf3x.o)
__divsf3x                                         /usr/lib/gcc/avr/4.8.1/../../../avr/lib/avr5/libm.a(divsf3x.o)
                                                  /usr/lib/gcc/avr/4.8.1/../../../avr/lib/avr5/libm.a(divsf3.o)
__do_clear_bss                                    /usr/lib/gcc/avr/4.8.1/avr5/libgcc.a(_clear_bss.o)
                                                  /usr/lib/gcc/avr/4.8.1/../../../avr/lib/avr5/libc.a(iob.o)
                                                  /usr/lib/gcc/avr/4.8.1/../../../avr/lib/avr5/libc.a(malloc.o)
                                                  obj/Release/timer_2.o
                                                  obj/Release/termometer.o
                                                  obj/Release/PCF8583.o
                                                  obj/Release/main.o
                                                  obj/Release/lockers.o
                                                  obj/Release/ir_decode.o
__do_copy_data                                    /usr/lib/gcc/avr/4.8.1/avr5/libgcc.a(_copy_data.o)
                                                  /usr/lib/gcc/avr/4.8.1/../../../avr/lib/avr5/libc.a(rand.o)
                                                  /usr/lib/gcc/avr/4.8.1/../../../avr/lib/avr5/libc.a(malloc.o)
                                                  obj/Release/main.o
                                                  obj/Release/lockers.o
                                                  obj/Release/HD44780.o
__eerd_block_m32                                  /usr/lib/gcc/avr/4.8.1/../../../avr/lib/avr5/libc.a(eerd_block_atmega32.o)
                                                  obj/Release/lockers.o
__eerd_blraw_m32                                  /usr/lib/gcc/avr/4.8.1/../../../avr/lib/avr5/libc.a(eerd_block_atmega32.o)
__eeupd_block_m32                                 /usr/lib/gcc/avr/4.8.1/../../../avr/lib/avr5/libc.a(eeupd_block_atmega32.o)
                                                  obj/Release/lockers.o
__eeupd_byte_m32                                  /usr/lib/gcc/avr/4.8.1/../../../avr/lib/avr5/libc.a(eeupd_byte_atmega32.o)
                                                  obj/Release/lockers.o
__eeupd_r18_m32                                   /usr/lib/gcc/avr/4.8.1/../../../avr/lib/avr5/libc.a(eeupd_byte_atmega32.o)
                                                  /usr/lib/gcc/avr/4.8.1/../../../avr/lib/avr5/libc.a(eeupd_block_atmega32.o)
__epilogue_restores__                             /usr/lib/gcc/avr/4.8.1/avr5/libgcc.a(_epilogue.o)
                                                  /usr/lib/gcc/avr/4.8.1/../../../avr/lib/avr5/libc.a(vfprintf_std.o)
                                                  /usr/lib/gcc/avr/4.8.1/../../../avr/lib/avr5/libc.a(printf.o)
__eqsf2                                           /usr/lib/gcc/avr/4.8.1/../../../avr/lib/avr5/libm.a(cmpsf2.o)
__fixsfsi                                         /usr/lib/gcc/avr/4.8.1/../../../avr/lib/avr5/libm.a(fixsfsi.o)
                                                  obj/Release/HD44780.o
__fixunssfsi                                      /usr/lib/gcc/avr/4.8.1/../../../avr/lib/avr5/libm.a(fixunssfsi.o)
                                                  /usr/lib/gcc/avr/4.8.1/../../../avr/lib/avr5/libm.a(fixsfsi.o)
                                                  obj/Release/HD44780.o
                                                  obj/Release/delay_lib.o
__floatsisf                                       /usr/lib/gcc/avr/4.8.1/../../../avr/lib/avr5/libm.a(floatsisf.o)
                                                  obj/Release/termometer.o
                                                  obj/Release/HD44780.o
__floatunsisf                                     /usr/lib/gcc/avr/4.8.1/../../../avr/lib/avr5/libm.a(floatsisf.o)
                                                  obj/Release/HD44780.o
__flp                                             /usr/lib/gcc/avr/4.8.1/../../../avr/lib/avr5/libc.a(malloc.o)
__fp_cmp                                          /usr/lib/gcc/avr/4.8.1/../../../avr/lib/avr5/libm.a(fp_cmp.o)
                                                  /usr/lib/gcc/avr/4.8.1/../../../avr/lib/avr5/libm.a(gesf2.o)
                                                  /usr/lib/gcc/avr/4.8.1/../../../avr/lib/avr5/libm.a(cmpsf2.o)
__fp_inf                                          /usr/lib/gcc/avr/4.8.1/../../../avr/lib/avr5/libm.a(fp_inf.o)
                                                  /usr/lib/gcc/avr/4.8.1/../../../avr/lib/avr5/libm.a(mulsf3x.o)
                                                  /usr/lib/gcc/avr/4.8.1/../../../avr/lib/avr5/libm.a(divsf3x.o)
                                                  /usr/lib/gcc/avr/4.8.1/../../../avr/lib/avr5/libm.a(addsf3x.o)
__fp_nan                                          /usr/lib/gcc/avr/4.8.1/../../../avr/lib/avr5/libm.a(fp_nan.o)
                                                  /usr/lib/gcc/avr/4.8.1/../../../avr/lib/avr5/libm.a(mulsf3x.o)
                                                  /usr/lib/gcc/avr/4.8.1/../../../avr/lib/avr5/libm.a(divsf3x.o)
                                                  /usr/lib/gcc/avr/4.8.1/../../../avr/lib/avr5/libm.a(addsf3x.o)
__fp_pscA                                         /usr/lib/gcc/avr/4.8.1/../../../avr/lib/avr5/libm.a(fp_pscA.o)
                                                  /usr/lib/gcc/avr/4.8.1/../../../avr/lib/avr5/libm.a(mulsf3x.o)
                                                  /usr/lib/gcc/avr/4.8.1/../../../avr/lib/avr5/libm.a(divsf3x.o)
                                                  /usr/lib/gcc/avr/4.8.1/../../../avr/lib/avr5/libm.a(addsf3x.o)
__fp_pscB                                         /usr/lib/gcc/avr/4.8.1/../../../avr/lib/avr5/libm.a(fp_pscB.o)
                                                  /usr/lib/gcc/avr/4.8.1/../../../avr/lib/avr5/libm.a(mulsf3x.o)
                                                  /usr/lib/gcc/avr/4.8.1/../../../avr/lib/avr5/libm.a(divsf3x.o)
                                                  /usr/lib/gcc/avr/4.8.1/../../../avr/lib/avr5/libm.a(addsf3x.o)
__fp_round                                        /usr/lib/gcc/avr/4.8.1/../../../avr/lib/avr5/libm.a(fp_round.o)
                                                  /usr/lib/gcc/avr/4.8.1/../../../avr/lib/avr5/libm.a(mulsf3.o)
                                                  /usr/lib/gcc/avr/4.8.1/../../../avr/lib/avr5/libm.a(divsf3.o)
                                                  /usr/lib/gcc/avr/4.8.1/../../../avr/lib/avr5/libm.a(addsf3.o)
__fp_split3                                       /usr/lib/gcc/avr/4.8.1/../../../avr/lib/avr5/libm.a(fp_split3.o)
                                                  /usr/lib/gcc/avr/4.8.1/../../../avr/lib/avr5/libm.a(mulsf3x.o)
                                                  /usr/lib/gcc/avr/4.8.1/../../../avr/lib/avr5/libm.a(divsf3x.o)
                                                  /usr/lib/gcc/avr/4.8.1/../../../avr/lib/avr5/libm.a(addsf3x.o)
__fp_splitA                                       /usr/lib/gcc/avr/4.8.1/../../../avr/lib/avr5/libm.a(fp_split3.o)
                                                  /usr/lib/gcc/avr/4.8.1/../../../avr/lib/avr5/libm.a(fixunssfsi.o)
__fp_szero                                        /usr/lib/gcc/avr/4.8.1/../../../avr/lib/avr5/libm.a(fp_zero.o)
                                                  /usr/lib/gcc/avr/4.8.1/../../../avr/lib/avr5/libm.a(mulsf3x.o)
                                                  /usr/lib/gcc/avr/4.8.1/../../../avr/lib/avr5/libm.a(fixsfsi.o)
                                                  /usr/lib/gcc/avr/4.8.1/../../../avr/lib/avr5/libm.a(divsf3x.o)
__fp_zero                                         /usr/lib/gcc/avr/4.8.1/../../../avr/lib/avr5/libm.a(fp_zero.o)
                                                  /usr/lib/gcc/avr/4.8.1/../../../avr/lib/avr5/libm.a(fixunssfsi.o)
                                                  /usr/lib/gcc/avr/4.8.1/../../../avr/lib/avr5/libm.a(addsf3x.o)
__gesf2                                           /usr/lib/gcc/avr/4.8.1/../../../avr/lib/avr5/libm.a(gesf2.o)
__gtsf2                                           /usr/lib/gcc/avr/4.8.1/../../../avr/lib/avr5/libm.a(gesf2.o)
                                                  obj/Release/delay_lib.o
__heap_end                                        /usr/lib/gcc/avr/4.8.1/../../../avr/lib/avr5/crtm32.o
                                                  /usr/lib/gcc/avr/4.8.1/../../../avr/lib/avr5/libc.a(malloc.o)
__heap_start                                      /usr/lib/gcc/avr/4.8.1/../../../avr/lib/avr5/libc.a(malloc.o)
__init                                            /usr/lib/gcc/avr/4.8.1/../../../avr/lib/avr5/crtm32.o
__iob                                             /usr/lib/gcc/avr/4.8.1/../../../avr/lib/avr5/libc.a(iob.o)
                                                  /usr/lib/gcc/avr/4.8.1/../../../avr/lib/avr5/libc.a(puts.o)
                                                  /usr/lib/gcc/avr/4.8.1/../../../avr/lib/avr5/libc.a(putchar.o)
                                                  /usr/lib/gcc/avr/4.8.1/../../../avr/lib/avr5/libc.a(printf.o)
                                                  obj/Release/lockers.o
__itoa_ncheck                                     /usr/lib/gcc/avr/4.8.1/../../../avr/lib/avr5/libc.a(itoa_ncheck.o)
                                                  obj/Release/HD44780.o
__lesf2                                           /usr/lib/gcc/avr/4.8.1/../../../avr/lib/avr5/libm.a(cmpsf2.o)
__ltsf2                                           /usr/lib/gcc/avr/4.8.1/../../../avr/lib/avr5/libm.a(cmpsf2.o)
                                                  obj/Release/delay_lib.o
__malloc_heap_end                                 /usr/lib/gcc/avr/4.8.1/../../../avr/lib/avr5/libc.a(malloc.o)
__malloc_heap_start                               /usr/lib/gcc/avr/4.8.1/../../../avr/lib/avr5/libc.a(malloc.o)
__malloc_margin                                   /usr/lib/gcc/avr/4.8.1/../../../avr/lib/avr5/libc.a(malloc.o)
__mulohisi3                                       /usr/lib/gcc/avr/4.8.1/avr5/libgcc.a(_mulshisi3.o)
                                                  /usr/lib/gcc/avr/4.8.1/../../../avr/lib/avr5/libc.a(rand.o)
__mulsf3                                          /usr/lib/gcc/avr/4.8.1/../../../avr/lib/avr5/libm.a(mulsf3.o)
                                                  obj/Release/termometer.o
                                                  obj/Release/HD44780.o
                                                  obj/Release/delay_lib.o
__mulsf3_pse                                      /usr/lib/gcc/avr/4.8.1/../../../avr/lib/avr5/libm.a(mulsf3x.o)
__mulsf3x                                         /usr/lib/gcc/avr/4.8.1/../../../avr/lib/avr5/libm.a(mulsf3x.o)
                                                  /usr/lib/gcc/avr/4.8.1/../../../avr/lib/avr5/libm.a(mulsf3.o)
__mulshisi3                                       /usr/lib/gcc/avr/4.8.1/avr5/libgcc.a(_mulshisi3.o)
__muluhisi3                                       /usr/lib/gcc/avr/4.8.1/avr5/libgcc.a(_muluhisi3.o)
                                                  /usr/lib/gcc/avr/4.8.1/avr5/libgcc.a(_mulshisi3.o)
                                                  /usr/lib/gcc/avr/4.8.1/../../../avr/lib/avr5/libc.a(rand.o)
__negsi2                                          /usr/lib/gcc/avr/4.8.1/avr5/libgcc.a(_negsi2.o)
                                                  /usr/lib/gcc/avr/4.8.1/avr5/libgcc.a(_divmodsi4.o)
__nesf2                                           /usr/lib/gcc/avr/4.8.1/../../../avr/lib/avr5/libm.a(cmpsf2.o)
__prologue_saves__                                /usr/lib/gcc/avr/4.8.1/avr5/libgcc.a(_prologue.o)
                                                  /usr/lib/gcc/avr/4.8.1/../../../avr/lib/avr5/libc.a(vfprintf_std.o)
                                                  /usr/lib/gcc/avr/4.8.1/../../../avr/lib/avr5/libc.a(printf.o)
__stack                                           /usr/lib/gcc/avr/4.8.1/../../../avr/lib/avr5/crtm32.o
__subsf3                                          /usr/lib/gcc/avr/4.8.1/../../../avr/lib/avr5/libm.a(addsf3.o)
                                                  obj/Release/HD44780.o
__udivmodhi4                                      /usr/lib/gcc/avr/4.8.1/avr5/libgcc.a(_udivmodhi4.o)
                                                  /usr/lib/gcc/avr/4.8.1/avr5/libgcc.a(_divmodhi4.o)
                                                  obj/Release/main.o
                                                  obj/Release/i2c.o
__udivmodqi4                                      /usr/lib/gcc/avr/4.8.1/avr5/libgcc.a(_udivmodqi4.o)
                                                  obj/Release/PCF8583.o
                                                  obj/Release/main.o
                                                  obj/Release/lockers.o
__udivmodsi4                                      /usr/lib/gcc/avr/4.8.1/avr5/libgcc.a(_udivmodsi4.o)
                                                  /usr/lib/gcc/avr/4.8.1/avr5/libgcc.a(_divmodsi4.o)
__ultoa_invert                                    /usr/lib/gcc/avr/4.8.1/../../../avr/lib/avr5/libc.a(ultoa_invert.o)
                                                  /usr/lib/gcc/avr/4.8.1/../../../avr/lib/avr5/libc.a(vfprintf_std.o)
__umulhisi3                                       /usr/lib/gcc/avr/4.8.1/avr5/libgcc.a(_umulhisi3.o)
                                                  /usr/lib/gcc/avr/4.8.1/avr5/libgcc.a(_muluhisi3.o)
                                                  /usr/lib/gcc/avr/4.8.1/avr5/libgcc.a(_usmulhisi3.o)
__usmulhisi3                                      /usr/lib/gcc/avr/4.8.1/avr5/libgcc.a(_usmulhisi3.o)
                                                  obj/Release/HD44780.o
__usmulhisi3_tail                                 /usr/lib/gcc/avr/4.8.1/avr5/libgcc.a(_usmulhisi3.o)
__utoa_common                                     /usr/lib/gcc/avr/4.8.1/../../../avr/lib/avr5/libc.a(utoa_ncheck.o)
                                                  /usr/lib/gcc/avr/4.8.1/../../../avr/lib/avr5/libc.a(itoa_ncheck.o)
__utoa_ncheck                                     /usr/lib/gcc/avr/4.8.1/../../../avr/lib/avr5/libc.a(utoa_ncheck.o)
__vector_1                                        /usr/lib/gcc/avr/4.8.1/../../../avr/lib/avr5/crtm32.o
__vector_10                                       /usr/lib/gcc/avr/4.8.1/../../../avr/lib/avr5/crtm32.o
__vector_11                                       /usr/lib/gcc/avr/4.8.1/../../../avr/lib/avr5/crtm32.o
__vector_12                                       /usr/lib/gcc/avr/4.8.1/../../../avr/lib/avr5/crtm32.o
__vector_13                                       /usr/lib/gcc/avr/4.8.1/../../../avr/lib/avr5/crtm32.o
__vector_14                                       /usr/lib/gcc/avr/4.8.1/../../../avr/lib/avr5/crtm32.o
__vector_15                                       /usr/lib/gcc/avr/4.8.1/../../../avr/lib/avr5/crtm32.o
__vector_16                                       /usr/lib/gcc/avr/4.8.1/../../../avr/lib/avr5/crtm32.o
__vector_17                                       /usr/lib/gcc/avr/4.8.1/../../../avr/lib/avr5/crtm32.o
__vector_18                                       /usr/lib/gcc/avr/4.8.1/../../../avr/lib/avr5/crtm32.o
__vector_19                                       /usr/lib/gcc/avr/4.8.1/../../../avr/lib/avr5/crtm32.o
__vector_2                                        /usr/lib/gcc/avr/4.8.1/../../../avr/lib/avr5/crtm32.o
__vector_20                                       /usr/lib/gcc/avr/4.8.1/../../../avr/lib/avr5/crtm32.o
__vector_3                                        /usr/lib/gcc/avr/4.8.1/../../../avr/lib/avr5/crtm32.o
__vector_4                                        obj/Release/timer_2.o
                                                  /usr/lib/gcc/avr/4.8.1/../../../avr/lib/avr5/crtm32.o
__vector_5                                        /usr/lib/gcc/avr/4.8.1/../../../avr/lib/avr5/crtm32.o
__vector_6                                        obj/Release/ir_decode.o
                                                  /usr/lib/gcc/avr/4.8.1/../../../avr/lib/avr5/crtm32.o
__vector_7                                        /usr/lib/gcc/avr/4.8.1/../../../avr/lib/avr5/crtm32.o
__vector_8                                        /usr/lib/gcc/avr/4.8.1/../../../avr/lib/avr5/crtm32.o
__vector_9                                        /usr/lib/gcc/avr/4.8.1/../../../avr/lib/avr5/crtm32.o
__vector_default                                  /usr/lib/gcc/avr/4.8.1/../../../avr/lib/avr5/crtm32.o
__vectors                                         /usr/lib/gcc/avr/4.8.1/../../../avr/lib/avr5/crtm32.o
_div                                              /usr/lib/gcc/avr/4.8.1/avr5/libgcc.a(_divmodhi4.o)
_exit                                             /usr/lib/gcc/avr/4.8.1/avr5/libgcc.a(_exit.o)
address                                           obj/Release/ir_decode.o
                                                  obj/Release/main.o
backlight                                         obj/Release/main.o
                                                  obj/Release/lockers.o
backlight_of_lcd                                  obj/Release/main.o
                                                  obj/Release/timer_2.o
                                                  obj/Release/lockers.o
bcd2bin                                           obj/Release/PCF8583.o
bin2bcd                                           obj/Release/PCF8583.o
buzzer                                            obj/Release/main.o
                                                  obj/Release/lockers.o
buzzer_time                                       obj/Release/main.o
                                                  obj/Release/lockers.o