Archive member included because of file (symbol)

/usr/lib/gcc/avr/4.8.1/avr5/libgcc.a(_udivmodqi4.o)
                              obj/Release/main.o (__udivmodqi4)
/usr/lib/gcc/avr/4.8.1/avr5/libgcc.a(_udivmodhi4.o)
                              obj/Release/i2c.o (__udivmodhi4)
/usr/lib/gcc/avr/4.8.1/avr5/libgcc.a(_divmodhi4.o)
                              obj/Release/d_led.o (__divmodhi4)
/usr/lib/gcc/avr/4.8.1/avr5/libgcc.a(_exit.o)
                              /usr/lib/gcc/avr/4.8.1/../../../avr/lib/avr5/crtm32.o (exit)
/usr/lib/gcc/avr/4.8.1/avr5/libgcc.a(_tablejump.o)
                              obj/Release/main.o (__tablejump2__)
/usr/lib/gcc/avr/4.8.1/avr5/libgcc.a(_copy_data.o)
                              obj/Release/d_led.o (__do_copy_data)
/usr/lib/gcc/avr/4.8.1/avr5/libgcc.a(_clear_bss.o)
                              obj/Release/d_led.o (__do_clear_bss)
/usr/lib/gcc/avr/4.8.1/../../../avr/lib/avr5/libm.a(addsf3.o)
                              obj/Release/HD44780.o (__subsf3)
/usr/lib/gcc/avr/4.8.1/../../../avr/lib/avr5/libm.a(addsf3x.o)
                              /usr/lib/gcc/avr/4.8.1/../../../avr/lib/avr5/libm.a(addsf3.o) (__addsf3x)
/usr/lib/gcc/avr/4.8.1/../../../avr/lib/avr5/libm.a(cmpsf2.o)
                              obj/Release/delay_lib.o (__ltsf2)
/usr/lib/gcc/avr/4.8.1/../../../avr/lib/avr5/libm.a(divsf3.o)
                              obj/Release/delay_lib.o (__divsf3)
/usr/lib/gcc/avr/4.8.1/../../../avr/lib/avr5/libm.a(divsf3x.o)
                              /usr/lib/gcc/avr/4.8.1/../../../avr/lib/avr5/libm.a(divsf3.o) (__divsf3x)
/usr/lib/gcc/avr/4.8.1/../../../avr/lib/avr5/libm.a(fixsfsi.o)
                              obj/Release/HD44780.o (__fixsfsi)
/usr/lib/gcc/avr/4.8.1/../../../avr/lib/avr5/libm.a(fixunssfsi.o)
                              obj/Release/delay_lib.o (__fixunssfsi)
/usr/lib/gcc/avr/4.8.1/../../../avr/lib/avr5/libm.a(floatsisf.o)
                              obj/Release/HD44780.o (__floatunsisf)
/usr/lib/gcc/avr/4.8.1/../../../avr/lib/avr5/libm.a(fp_cmp.o)
                              /usr/lib/gcc/avr/4.8.1/../../../avr/lib/avr5/libm.a(cmpsf2.o) (__fp_cmp)
/usr/lib/gcc/avr/4.8.1/../../../avr/lib/avr5/libm.a(fp_inf.o)
                              /usr/lib/gcc/avr/4.8.1/../../../avr/lib/avr5/libm.a(addsf3x.o) (__fp_inf)
/usr/lib/gcc/avr/4.8.1/../../../avr/lib/avr5/libm.a(fp_nan.o)
                              /usr/lib/gcc/avr/4.8.1/../../../avr/lib/avr5/libm.a(addsf3x.o) (__fp_nan)
/usr/lib/gcc/avr/4.8.1/../../../avr/lib/avr5/libm.a(fp_pscA.o)
                              /usr/lib/gcc/avr/4.8.1/../../../avr/lib/avr5/libm.a(addsf3x.o) (__fp_pscA)
/usr/lib/gcc/avr/4.8.1/../../../avr/lib/avr5/libm.a(fp_pscB.o)
                              /usr/lib/gcc/avr/4.8.1/../../../avr/lib/avr5/libm.a(addsf3x.o) (__fp_pscB)
/usr/lib/gcc/avr/4.8.1/../../../avr/lib/avr5/libm.a(fp_round.o)
                              /usr/lib/gcc/avr/4.8.1/../../../avr/lib/avr5/libm.a(addsf3.o) (__fp_round)
/usr/lib/gcc/avr/4.8.1/../../../avr/lib/avr5/libm.a(fp_split3.o)
                              /usr/lib/gcc/avr/4.8.1/../../../avr/lib/avr5/libm.a(addsf3x.o) (__fp_split3)
/usr/lib/gcc/avr/4.8.1/../../../avr/lib/avr5/libm.a(fp_zero.o)
                              /usr/lib/gcc/avr/4.8.1/../../../avr/lib/avr5/libm.a(addsf3x.o) (__fp_zero)
/usr/lib/gcc/avr/4.8.1/../../../avr/lib/avr5/libm.a(gesf2.o)
                              obj/Release/delay_lib.o (__gtsf2)
/usr/lib/gcc/avr/4.8.1/../../../avr/lib/avr5/libm.a(mulsf3.o)
                              obj/Release/delay_lib.o (__mulsf3)
/usr/lib/gcc/avr/4.8.1/../../../avr/lib/avr5/libm.a(mulsf3x.o)
                              /usr/lib/gcc/avr/4.8.1/../../../avr/lib/avr5/libm.a(mulsf3.o) (__mulsf3x)
/usr/lib/gcc/avr/4.8.1/../../../avr/lib/avr5/libc.a(malloc.o)
                              obj/Release/main.o (malloc)
/usr/lib/gcc/avr/4.8.1/../../../avr/lib/avr5/libc.a(rand.o)
                              obj/Release/main.o (rand)
/usr/lib/gcc/avr/4.8.1/../../../avr/lib/avr5/libc.a(itoa_ncheck.o)
                              obj/Release/HD44780.o (__itoa_ncheck)
/usr/lib/gcc/avr/4.8.1/../../../avr/lib/avr5/libc.a(utoa_ncheck.o)
                              /usr/lib/gcc/avr/4.8.1/../../../avr/lib/avr5/libc.a(itoa_ncheck.o) (__utoa_common)
/usr/lib/gcc/avr/4.8.1/../../../avr/lib/avr5/libc.a(strrev.o)
                              /usr/lib/gcc/avr/4.8.1/../../../avr/lib/avr5/libc.a(utoa_ncheck.o) (strrev)
/usr/lib/gcc/avr/4.8.1/avr5/libgcc.a(_divmodsi4.o)
                              /usr/lib/gcc/avr/4.8.1/../../../avr/lib/avr5/libc.a(rand.o) (__divmodsi4)
/usr/lib/gcc/avr/4.8.1/avr5/libgcc.a(_negsi2.o)
                              /usr/lib/gcc/avr/4.8.1/avr5/libgcc.a(_divmodsi4.o) (__negsi2)
/usr/lib/gcc/avr/4.8.1/avr5/libgcc.a(_muluhisi3.o)
                              /usr/lib/gcc/avr/4.8.1/../../../avr/lib/avr5/libc.a(rand.o) (__muluhisi3)
/usr/lib/gcc/avr/4.8.1/avr5/libgcc.a(_mulshisi3.o)
                              /usr/lib/gcc/avr/4.8.1/../../../avr/lib/avr5/libc.a(rand.o) (__mulohisi3)
/usr/lib/gcc/avr/4.8.1/avr5/libgcc.a(_udivmodsi4.o)
                              /usr/lib/gcc/avr/4.8.1/avr5/libgcc.a(_divmodsi4.o) (__udivmodsi4)
/usr/lib/gcc/avr/4.8.1/avr5/libgcc.a(_umulhisi3.o)
                              /usr/lib/gcc/avr/4.8.1/avr5/libgcc.a(_muluhisi3.o) (__umulhisi3)

Allocating common symbols
Common symbol       size              file

cy4                 0x1               obj/Release/d_led.o
pwm1                0x1               obj/Release/random_generator.o
toggle_bit          0x1               obj/Release/ir_decode.o
pwm2                0x1               obj/Release/random_generator.o
address             0x1               obj/Release/ir_decode.o
cnt                 0x1               obj/Release/main.o
command             0x1               obj/Release/ir_decode.o
states_table        0x2               obj/Release/lockers.o
rc5cnt              0x1               obj/Release/ir_decode.o
__brkval            0x2               /usr/lib/gcc/avr/4.8.1/../../../avr/lib/avr5/libc.a(malloc.o)
Ir_key_press_flag   0x1               obj/Release/ir_decode.o
save_info_table     0x2               obj/Release/lockers.o
lockers_address_of_frame
                    0x1               obj/Release/lockers.o
interr              0x1               obj/Release/main.o
cy1                 0x1               obj/Release/d_led.o
hsek                0x1               obj/Release/lockers.o
godz                0x1               obj/Release/lockers.o
min                 0x1               obj/Release/lockers.o
miesiac             0x1               obj/Release/lockers.o
frame               0x8               obj/Release/lockers.o
sek                 0x1               obj/Release/lockers.o
rok                 0x2               obj/Release/lockers.o
dzien_tygodnia      0x1               obj/Release/lockers.o
cy2                 0x1               obj/Release/d_led.o
ds18b20_pad         0x2               obj/Release/main.o
__flp               0x2               /usr/lib/gcc/avr/4.8.1/../../../avr/lib/avr5/libc.a(malloc.o)
cy3                 0x1               obj/Release/d_led.o
dzien               0x1               obj/Release/lockers.o

Memory Configuration

Name             Origin             Length             Attributes
text             0x0000000000000000 0x0000000000020000 xr
data             0x0000000000800060 0x000000000000ffa0 rw !x
eeprom           0x0000000000810000 0x0000000000010000 rw !x
fuse             0x0000000000820000 0x0000000000000400 rw !x
lock             0x0000000000830000 0x0000000000000400 rw !x
signature        0x0000000000840000 0x0000000000000400 rw !x
user_signatures  0x0000000000850000 0x0000000000000400 rw !x
*default*        0x0000000000000000 0xffffffffffffffff

Linker script and memory map

LOAD /usr/lib/gcc/avr/4.8.1/../../../avr/lib/avr5/crtm32.o
LOAD obj/Release/d_led.o
LOAD obj/Release/delay_lib.o
LOAD obj/Release/EEPROM.o
LOAD obj/Release/HD44780.o
LOAD obj/Release/i2c.o
LOAD obj/Release/ir_decode.o
LOAD obj/Release/lockers.o
LOAD obj/Release/main.o
LOAD obj/Release/PCF8583.o
LOAD obj/Release/random_generator.o
LOAD obj/Release/termometer.o
LOAD /usr/lib/gcc/avr/4.8.1/avr5/libgcc.a
LOAD /usr/lib/gcc/avr/4.8.1/../../../avr/lib/avr5/libm.a
START GROUP
LOAD /usr/lib/gcc/avr/4.8.1/avr5/libgcc.a
LOAD /usr/lib/gcc/avr/4.8.1/../../../avr/lib/avr5/libm.a
LOAD /usr/lib/gcc/avr/4.8.1/../../../avr/lib/avr5/libc.a
END GROUP

.hash
 *(.hash)

.dynsym
 *(.dynsym)

.dynstr
 *(.dynstr)

.gnu.version
 *(.gnu.version)

.gnu.version_d
 *(.gnu.version_d)

.gnu.version_r
 *(.gnu.version_r)

.rel.init
 *(.rel.init)

.rela.init
 *(.rela.init)

.rel.text
 *(.rel.text)
 *(.rel.text.*)
 *(.rel.gnu.linkonce.t*)

.rela.text
 *(.rela.text)
 *(.rela.text.*)
 *(.rela.gnu.linkonce.t*)

.rel.fini
 *(.rel.fini)

.rela.fini
 *(.rela.fini)

.rel.rodata
 *(.rel.rodata)
 *(.rel.rodata.*)
 *(.rel.gnu.linkonce.r*)

.rela.rodata
 *(.rela.rodata)
 *(.rela.rodata.*)
 *(.rela.gnu.linkonce.r*)

.rel.data
 *(.rel.data)
 *(.rel.data.*)
 *(.rel.gnu.linkonce.d*)

.rela.data
 *(.rela.data)
 *(.rela.data.*)
 *(.rela.gnu.linkonce.d*)

.rel.ctors
 *(.rel.ctors)

.rela.ctors
 *(.rela.ctors)

.rel.dtors
 *(.rel.dtors)

.rela.dtors
 *(.rela.dtors)

.rel.got
 *(.rel.got)

.rela.got
 *(.rela.got)

.rel.bss
 *(.rel.bss)

.rela.bss
 *(.rela.bss)

.rel.plt
 *(.rel.plt)

.rela.plt
 *(.rela.plt)

.text           0x0000000000000000     0x3914
 *(.vectors)
 .vectors       0x0000000000000000       0x54 /usr/lib/gcc/avr/4.8.1/../../../avr/lib/avr5/crtm32.o
                0x0000000000000000                __vectors
                0x0000000000000000                __vector_default
 *(.vectors)
 *(.progmem.gcc*)
 .progmem.gcc_sw_table
                0x0000000000000054       0x2a obj/Release/main.o
                0x000000000000007e                . = ALIGN (0x2)
                0x000000000000007e                __trampolines_start = .
 *(.trampolines)
 .trampolines   0x000000000000007e        0x0 linker stubs
 *(.trampolines*)
                0x000000000000007e                __trampolines_end = .
 *(.progmem*)
 .progmem.data  0x000000000000007e        0xc obj/Release/d_led.o
                0x000000000000007e                cyfry
                0x000000000000008a                . = ALIGN (0x2)
 *(.jumptables)
 *(.jumptables*)
 *(.lowtext)
 *(.lowtext*)
                0x000000000000008a                __ctors_start = .
 *(.ctors)
                0x000000000000008a                __ctors_end = .
                0x000000000000008a                __dtors_start = .
 *(.dtors)
                0x000000000000008a                __dtors_end = .
 SORT(*)(.ctors)
 SORT(*)(.dtors)
 *(.init0)
 .init0         0x000000000000008a        0x0 /usr/lib/gcc/avr/4.8.1/../../../avr/lib/avr5/crtm32.o
                0x000000000000008a                __init
 *(.init0)
 *(.init1)
 *(.init1)
 *(.init2)
 .init2         0x000000000000008a        0xc /usr/lib/gcc/avr/4.8.1/../../../avr/lib/avr5/crtm32.o
 *(.init2)
 *(.init3)
 *(.init3)
 *(.init4)
 .init4         0x0000000000000096       0x16 /usr/lib/gcc/avr/4.8.1/avr5/libgcc.a(_copy_data.o)
                0x0000000000000096                __do_copy_data
 .init4         0x00000000000000ac       0x10 /usr/lib/gcc/avr/4.8.1/avr5/libgcc.a(_clear_bss.o)
                0x00000000000000ac                __do_clear_bss
 *(.init4)
 *(.init5)
 *(.init5)
 *(.init6)
 *(.init6)
 *(.init7)
 *(.init7)
 *(.init8)
 *(.init8)
 *(.init9)
 .init9         0x00000000000000bc        0x8 /usr/lib/gcc/avr/4.8.1/../../../avr/lib/avr5/crtm32.o
 *(.init9)
 *(.text)
 .text          0x00000000000000c4        0x4 /usr/lib/gcc/avr/4.8.1/../../../avr/lib/avr5/crtm32.o
                0x00000000000000c4                __vector_1
                0x00000000000000c4                __vector_12
                0x00000000000000c4                __bad_interrupt
                0x00000000000000c4                __vector_3
                0x00000000000000c4                __vector_11
                0x00000000000000c4                __vector_13
                0x00000000000000c4                __vector_17
                0x00000000000000c4                __vector_19
                0x00000000000000c4                __vector_7
                0x00000000000000c4                __vector_5
                0x00000000000000c4                __vector_9
                0x00000000000000c4                __vector_2
                0x00000000000000c4                __vector_15
                0x00000000000000c4                __vector_8
                0x00000000000000c4                __vector_14
                0x00000000000000c4                __vector_16
                0x00000000000000c4                __vector_18
                0x00000000000000c4                __vector_20
 .text          0x00000000000000c8      0x2bc obj/Release/d_led.o
                0x00000000000000c8                d_led_init
                0x0000000000000110                __vector_10
                0x00000000000001f0                d_led_Int
 .text          0x0000000000000384      0x14e obj/Release/delay_lib.o
                0x0000000000000384                delay_ms_var
                0x000000000000039a                delay_us_var
                0x00000000000003ac                delay_ms_var_double
                0x0000000000000444                delay_us_var_double
 .text          0x00000000000004d2       0xd0 obj/Release/EEPROM.o
                0x00000000000004d2                EEPROM_read
                0x0000000000000512                EEPROM_write
                0x0000000000000554                EEPROM_write_word
                0x000000000000057c                EEPROM_read_word
 .text          0x00000000000005a2      0x464 obj/Release/HD44780.o
                0x00000000000005a2                _LCD_OutNibble
                0x00000000000005cc                _LCD_InNibble
                0x00000000000005e0                _LCD_Read
                0x000000000000061a                LCD_ReadStatus
                0x0000000000000620                _LCD_Write
                0x0000000000000650                LCD_WriteCommand
                0x0000000000000656                LCD_WriteData
                0x000000000000065c                LCD_ReadData
                0x0000000000000662                LCD_WriteText
                0x000000000000067a                LCD_GoTo
                0x0000000000000688                LCD_Clear
                0x000000000000069c                LCD_Home
                0x00000000000006b0                LCD_Initalize
                0x0000000000000724                LCD_Int
                0x000000000000075a                LCD_Double
                0x00000000000008a0                LCD_Hex
                0x00000000000008d6                LCD_MoveRight
                0x0000000000000928                LCD_MoveLeft
                0x000000000000097a                LCD_Erase
                0x00000000000009d0                LCD_Displaying
 .text          0x0000000000000a06       0x5e obj/Release/i2c.o
                0x0000000000000a06                i2cSetBitrate
                0x0000000000000a28                i2cStart
                0x0000000000000a34                i2cStop
                0x0000000000000a40                i2cWrite
                0x0000000000000a4e                i2cRead
 .text          0x0000000000000a64      0x1a2 obj/Release/ir_decode.o
                0x0000000000000a64                pilot_off
                0x0000000000000a6c                pilot_on
                0x0000000000000a74                ir_init
                0x0000000000000a92                __vector_6
                0x0000000000000bf6                stop_button
 .text          0x0000000000000c06      0x21c obj/Release/lockers.o
                0x0000000000000c06                lockers_init
                0x0000000000000c14                buzzer
                0x0000000000000c26                lockers_find_latest_data
                0x0000000000000c28                lockers_number_of_frames
                0x0000000000000c2c                lockers_convert_address_to_index_of_frame
                0x0000000000000c34                lockers_read_frame
                0x0000000000000c98                lockers_save_events
                0x0000000000000d54                locker_1_button
                0x0000000000000d62                locker_2_button
                0x0000000000000d70                lockers_state_of_single_button
                0x0000000000000d84                lockers_beginning_actions
                0x0000000000000d9a                lockers_check_events
 .text          0x0000000000000e22     0x19ca obj/Release/main.o
 .text          0x00000000000027ec      0x54c obj/Release/PCF8583.o
                0x00000000000027ec                bcd2bin
                0x00000000000027fe                bin2bcd
                0x0000000000002812                PCF8583_read
                0x0000000000002852                PCF8583_write
                0x0000000000002886                PCF8583_read_bcd
                0x000000000000288e                PCF8583_write_bcd
                0x00000000000028a2                PCF8583_stop
                0x00000000000028b2                PCF8583_start
                0x00000000000028c2                PCF8583_hold_off
                0x00000000000028d2                PCF8583_hold_on
                0x00000000000028e2                PCF8583_mask_off
                0x00000000000028f2                PCF8583_init
                0x000000000000292a                PCF8583_mask_on
                0x000000000000293a                PCF8583_alarm_flag_off
                0x000000000000294a                PCF8583_write_word
                0x0000000000002972                PCF8583_write_date
                0x00000000000029a4                PCF8583_write_month_dayOfWeek
                0x00000000000029d4                PCF8583_get_time
                0x0000000000002a2a                PCF8583_set_time
                0x0000000000002a78                PCF8583_get_date
                0x0000000000002b1e                PCF8583_set_date
                0x0000000000002b5e                PCF8583_get_alarm_time
                0x0000000000002bae                PCF8583_set_alarm_date
                0x0000000000002bc4                PCF8583_recognise_type_of_alarm
                0x0000000000002bd2                PCF8583_get_alarm_date
                0x0000000000002c0a                PCF8583_alarm_off
                0x0000000000002c1a                PCF8583_alarm_every_day
                0x0000000000002c3a                PCF8583_alarm_weekly
                0x0000000000002c5a                PCF8583_alarm_monthly
                0x0000000000002c6a                PCF8583_set_alarm_time
                0x0000000000002caa                PCF8583_set_weekly_alarm
                0x0000000000002cc8                PCF8583_set_monthly_alarm
                0x0000000000002cf0                PCF8583_get_wall_alarm
                0x0000000000002d10                PCF8583_get_wall_time
 .text          0x0000000000002d38       0x42 obj/Release/random_generator.o
                0x0000000000002d38                random_generator_init
                0x0000000000002d4a                __vector_4
 .text          0x0000000000002d7a      0x15e obj/Release/termometer.o
                0x0000000000002d7a                OneWireStrong
                0x0000000000002d88                OneWireReset
                0x0000000000002dd4                OneWireWriteByte
                0x0000000000002e12                ds18b20_ConvertT
                0x0000000000002e2a                OneWireReadByte
                0x0000000000002e5c                ds18b20_Read
                0x0000000000002e8c                ds18b20_temperature
 .text          0x0000000000002ed8        0x0 /usr/lib/gcc/avr/4.8.1/avr5/libgcc.a(_udivmodqi4.o)
 .text          0x0000000000002ed8        0x0 /usr/lib/gcc/avr/4.8.1/avr5/libgcc.a(_udivmodhi4.o)
 .text          0x0000000000002ed8        0x0 /usr/lib/gcc/avr/4.8.1/avr5/libgcc.a(_divmodhi4.o)
 .text          0x0000000000002ed8        0x0 /usr/lib/gcc/avr/4.8.1/avr5/libgcc.a(_exit.o)
 .text          0x0000000000002ed8        0x0 /usr/lib/gcc/avr/4.8.1/avr5/libgcc.a(_tablejump.o)
 .text          0x0000000000002ed8        0x0 /usr/lib/gcc/avr/4.8.1/avr5/libgcc.a(_copy_data.o)
 .text          0x0000000000002ed8        0x0 /usr/lib/gcc/avr/4.8.1/avr5/libgcc.a(_clear_bss.o)
 .text          0x0000000000002ed8        0x0 /usr/lib/gcc/avr/4.8.1/../../../avr/lib/avr5/libm.a(addsf3.o)
 .text          0x0000000000002ed8        0x0 /usr/lib/gcc/avr/4.8.1/../../../avr/lib/avr5/libm.a(addsf3x.o)
 .text          0x0000000000002ed8        0x0 /usr/lib/gcc/avr/4.8.1/../../../avr/lib/avr5/libm.a(cmpsf2.o)
 .text          0x0000000000002ed8        0x0 /usr/lib/gcc/avr/4.8.1/../../../avr/lib/avr5/libm.a(divsf3.o)
 .text          0x0000000000002ed8        0x0 /usr/lib/gcc/avr/4.8.1/../../../avr/lib/avr5/libm.a(divsf3x.o)
 .text          0x0000000000002ed8        0x0 /usr/lib/gcc/avr/4.8.1/../../../avr/lib/avr5/libm.a(fixsfsi.o)
 .text          0x0000000000002ed8        0x0 /usr/lib/gcc/avr/4.8.1/../../../avr/lib/avr5/libm.a(fixunssfsi.o)
 .text          0x0000000000002ed8        0x0 /usr/lib/gcc/avr/4.8.1/../../../avr/lib/avr5/libm.a(floatsisf.o)
 .text          0x0000000000002ed8        0x0 /usr/lib/gcc/avr/4.8.1/../../../avr/lib/avr5/libm.a(fp_cmp.o)
 .text          0x0000000000002ed8        0x0 /usr/lib/gcc/avr/4.8.1/../../../avr/lib/avr5/libm.a(fp_inf.o)
 .text          0x0000000000002ed8        0x0 /usr/lib/gcc/avr/4.8.1/../../../avr/lib/avr5/libm.a(fp_nan.o)
 .text          0x0000000000002ed8        0x0 /usr/lib/gcc/avr/4.8.1/../../../avr/lib/avr5/libm.a(fp_pscA.o)
 .text          0x0000000000002ed8        0x0 /usr/lib/gcc/avr/4.8.1/../../../avr/lib/avr5/libm.a(fp_pscB.o)
 .text          0x0000000000002ed8        0x0 /usr/lib/gcc/avr/4.8.1/../../../avr/lib/avr5/libm.a(fp_round.o)
 .text          0x0000000000002ed8        0x0 /usr/lib/gcc/avr/4.8.1/../../../avr/lib/avr5/libm.a(fp_split3.o)
 .text          0x0000000000002ed8        0x0 /usr/lib/gcc/avr/4.8.1/../../../avr/lib/avr5/libm.a(fp_zero.o)
 .text          0x0000000000002ed8        0x0 /usr/lib/gcc/avr/4.8.1/../../../avr/lib/avr5/libm.a(gesf2.o)
 .text          0x0000000000002ed8        0x0 /usr/lib/gcc/avr/4.8.1/../../../avr/lib/avr5/libm.a(mulsf3.o)
 .text          0x0000000000002ed8        0x0 /usr/lib/gcc/avr/4.8.1/../../../avr/lib/avr5/libm.a(mulsf3x.o)
 .text          0x0000000000002ed8        0x0 /usr/lib/gcc/avr/4.8.1/../../../avr/lib/avr5/libc.a(malloc.o)
 .text          0x0000000000002ed8        0x0 /usr/lib/gcc/avr/4.8.1/../../../avr/lib/avr5/libc.a(rand.o)
 .text          0x0000000000002ed8        0x0 /usr/lib/gcc/avr/4.8.1/../../../avr/lib/avr5/libc.a(itoa_ncheck.o)
 .text          0x0000000000002ed8        0x0 /usr/lib/gcc/avr/4.8.1/../../../avr/lib/avr5/libc.a(utoa_ncheck.o)
 .text          0x0000000000002ed8        0x0 /usr/lib/gcc/avr/4.8.1/../../../avr/lib/avr5/libc.a(strrev.o)
 .text          0x0000000000002ed8        0x0 /usr/lib/gcc/avr/4.8.1/avr5/libgcc.a(_divmodsi4.o)
 .text          0x0000000000002ed8        0x0 /usr/lib/gcc/avr/4.8.1/avr5/libgcc.a(_negsi2.o)
 .text          0x0000000000002ed8        0x0 /usr/lib/gcc/avr/4.8.1/avr5/libgcc.a(_muluhisi3.o)
 .text          0x0000000000002ed8        0x0 /usr/lib/gcc/avr/4.8.1/avr5/libgcc.a(_mulshisi3.o)
 .text          0x0000000000002ed8        0x0 /usr/lib/gcc/avr/4.8.1/avr5/libgcc.a(_udivmodsi4.o)
 .text          0x0000000000002ed8        0x0 /usr/lib/gcc/avr/4.8.1/avr5/libgcc.a(_umulhisi3.o)
                0x0000000000002ed8                . = ALIGN (0x2)
 *(.text.*)
 .text.startup  0x0000000000002ed8      0x154 obj/Release/main.o
                0x0000000000002ed8                main
 .text.libgcc.mul
                0x000000000000302c        0x0 /usr/lib/gcc/avr/4.8.1/avr5/libgcc.a(_udivmodqi4.o)
 .text.libgcc.div
                0x000000000000302c       0x18 /usr/lib/gcc/avr/4.8.1/avr5/libgcc.a(_udivmodqi4.o)
                0x000000000000302c                __udivmodqi4
 .text.libgcc   0x0000000000003044        0x0 /usr/lib/gcc/avr/4.8.1/avr5/libgcc.a(_udivmodqi4.o)
 .text.libgcc.prologue
                0x0000000000003044        0x0 /usr/lib/gcc/avr/4.8.1/avr5/libgcc.a(_udivmodqi4.o)
 .text.libgcc.builtins
                0x0000000000003044        0x0 /usr/lib/gcc/avr/4.8.1/avr5/libgcc.a(_udivmodqi4.o)
 .text.libgcc.fmul
                0x0000000000003044        0x0 /usr/lib/gcc/avr/4.8.1/avr5/libgcc.a(_udivmodqi4.o)
 .text.libgcc.fixed
                0x0000000000003044        0x0 /usr/lib/gcc/avr/4.8.1/avr5/libgcc.a(_udivmodqi4.o)
 .text.libgcc.mul
                0x0000000000003044        0x0 /usr/lib/gcc/avr/4.8.1/avr5/libgcc.a(_udivmodhi4.o)
 .text.libgcc.div
                0x0000000000003044       0x28 /usr/lib/gcc/avr/4.8.1/avr5/libgcc.a(_udivmodhi4.o)
                0x0000000000003044                __udivmodhi4
 .text.libgcc   0x000000000000306c        0x0 /usr/lib/gcc/avr/4.8.1/avr5/libgcc.a(_udivmodhi4.o)
 .text.libgcc.prologue
                0x000000000000306c        0x0 /usr/lib/gcc/avr/4.8.1/avr5/libgcc.a(_udivmodhi4.o)
 .text.libgcc.builtins
                0x000000000000306c        0x0 /usr/lib/gcc/avr/4.8.1/avr5/libgcc.a(_udivmodhi4.o)
 .text.libgcc.fmul
                0x000000000000306c        0x0 /usr/lib/gcc/avr/4.8.1/avr5/libgcc.a(_udivmodhi4.o)
 .text.libgcc.fixed
                0x000000000000306c        0x0 /usr/lib/gcc/avr/4.8.1/avr5/libgcc.a(_udivmodhi4.o)
 .text.libgcc.mul
                0x000000000000306c        0x0 /usr/lib/gcc/avr/4.8.1/avr5/libgcc.a(_divmodhi4.o)
 .text.libgcc.div
                0x000000000000306c       0x28 /usr/lib/gcc/avr/4.8.1/avr5/libgcc.a(_divmodhi4.o)
                0x000000000000306c                __divmodhi4
                0x000000000000306c                _div
 .text.libgcc   0x0000000000003094        0x0 /usr/lib/gcc/avr/4.8.1/avr5/libgcc.a(_divmodhi4.o)
 .text.libgcc.prologue
                0x0000000000003094        0x0 /usr/lib/gcc/avr/4.8.1/avr5/libgcc.a(_divmodhi4.o)
 .text.libgcc.builtins
                0x0000000000003094        0x0 /usr/lib/gcc/avr/4.8.1/avr5/libgcc.a(_divmodhi4.o)
 .text.libgcc.fmul
                0x0000000000003094        0x0 /usr/lib/gcc/avr/4.8.1/avr5/libgcc.a(_divmodhi4.o)
 .text.libgcc.fixed
                0x0000000000003094        0x0 /usr/lib/gcc/avr/4.8.1/avr5/libgcc.a(_divmodhi4.o)
 .text.libgcc.mul
                0x0000000000003094        0x0 /usr/lib/gcc/avr/4.8.1/avr5/libgcc.a(_exit.o)
 .text.libgcc.div
                0x0000000000003094        0x0 /usr/lib/gcc/avr/4.8.1/avr5/libgcc.a(_exit.o)
 .text.libgcc   0x0000000000003094        0x0 /usr/lib/gcc/avr/4.8.1/avr5/libgcc.a(_exit.o)
 .text.libgcc.prologue
                0x0000000000003094        0x0 /usr/lib/gcc/avr/4.8.1/avr5/libgcc.a(_exit.o)
 .text.libgcc.builtins
                0x0000000000003094        0x0 /usr/lib/gcc/avr/4.8.1/avr5/libgcc.a(_exit.o)
 .text.libgcc.fmul
                0x0000000000003094        0x0 /usr/lib/gcc/avr/4.8.1/avr5/libgcc.a(_exit.o)
 .text.libgcc.fixed
                0x0000000000003094        0x0 /usr/lib/gcc/avr/4.8.1/avr5/libgcc.a(_exit.o)
 .text.libgcc.mul
                0x0000000000003094        0x0 /usr/lib/gcc/avr/4.8.1/avr5/libgcc.a(_tablejump.o)
 .text.libgcc.div
                0x0000000000003094        0x0 /usr/lib/gcc/avr/4.8.1/avr5/libgcc.a(_tablejump.o)
 .text.libgcc   0x0000000000003094        0xc /usr/lib/gcc/avr/4.8.1/avr5/libgcc.a(_tablejump.o)
                0x0000000000003094                __tablejump2__
                0x0000000000003098                __tablejump__
 .text.libgcc.prologue
                0x00000000000030a0        0x0 /usr/lib/gcc/avr/4.8.1/avr5/libgcc.a(_tablejump.o)
 .text.libgcc.builtins
                0x00000000000030a0        0x0 /usr/lib/gcc/avr/4.8.1/avr5/libgcc.a(_tablejump.o)
 .text.libgcc.fmul
                0x00000000000030a0        0x0 /usr/lib/gcc/avr/4.8.1/avr5/libgcc.a(_tablejump.o)
 .text.libgcc.fixed
                0x00000000000030a0        0x0 /usr/lib/gcc/avr/4.8.1/avr5/libgcc.a(_tablejump.o)
 .text.libgcc.mul
                0x00000000000030a0        0x0 /usr/lib/gcc/avr/4.8.1/avr5/libgcc.a(_copy_data.o)
 .text.libgcc.div
                0x00000000000030a0        0x0 /usr/lib/gcc/avr/4.8.1/avr5/libgcc.a(_copy_data.o)
 .text.libgcc   0x00000000000030a0        0x0 /usr/lib/gcc/avr/4.8.1/avr5/libgcc.a(_copy_data.o)
 .text.libgcc.prologue
                0x00000000000030a0        0x0 /usr/lib/gcc/avr/4.8.1/avr5/libgcc.a(_copy_data.o)
 .text.libgcc.builtins
                0x00000000000030a0        0x0 /usr/lib/gcc/avr/4.8.1/avr5/libgcc.a(_copy_data.o)
 .text.libgcc.fmul
                0x00000000000030a0        0x0 /usr/lib/gcc/avr/4.8.1/avr5/libgcc.a(_copy_data.o)
 .text.libgcc.fixed
                0x00000000000030a0        0x0 /usr/lib/gcc/avr/4.8.1/avr5/libgcc.a(_copy_data.o)
 .text.libgcc.mul
                0x00000000000030a0        0x0 /usr/lib/gcc/avr/4.8.1/avr5/libgcc.a(_clear_bss.o)
 .text.libgcc.div
                0x00000000000030a0        0x0 /usr/lib/gcc/avr/4.8.1/avr5/libgcc.a(_clear_bss.o)
 .text.libgcc   0x00000000000030a0        0x0 /usr/lib/gcc/avr/4.8.1/avr5/libgcc.a(_clear_bss.o)
 .text.libgcc.prologue
                0x00000000000030a0        0x0 /usr/lib/gcc/avr/4.8.1/avr5/libgcc.a(_clear_bss.o)
 .text.libgcc.builtins
                0x00000000000030a0        0x0 /usr/lib/gcc/avr/4.8.1/avr5/libgcc.a(_clear_bss.o)
 .text.libgcc.fmul
                0x00000000000030a0        0x0 /usr/lib/gcc/avr/4.8.1/avr5/libgcc.a(_clear_bss.o)
 .text.libgcc.fixed
                0x00000000000030a0        0x0 /usr/lib/gcc/avr/4.8.1/avr5/libgcc.a(_clear_bss.o)
 .text.avr-libc.fplib
                0x00000000000030a0        0xa /usr/lib/gcc/avr/4.8.1/../../../avr/lib/avr5/libm.a(addsf3.o)
                0x00000000000030a0                __subsf3
                0x00000000000030a2                __addsf3
 .text.avr-libc.fplib
                0x00000000000030aa       0xc0 /usr/lib/gcc/avr/4.8.1/../../../avr/lib/avr5/libm.a(addsf3x.o)
                0x00000000000030c4                __addsf3x
 .text.avr-libc.fplib
                0x000000000000316a        0x8 /usr/lib/gcc/avr/4.8.1/../../../avr/lib/avr5/libm.a(cmpsf2.o)
                0x000000000000316a                __lesf2
                0x000000000000316a                __nesf2
                0x000000000000316a                __eqsf2
                0x000000000000316a                __cmpsf2
                0x000000000000316a                __ltsf2
 .text.avr-libc.fplib
                0x0000000000003172        0x4 /usr/lib/gcc/avr/4.8.1/../../../avr/lib/avr5/libm.a(divsf3.o)
                0x0000000000003172                __divsf3
 .text.avr-libc.fplib
                0x0000000000003176       0xcc /usr/lib/gcc/avr/4.8.1/../../../avr/lib/avr5/libm.a(divsf3x.o)
                0x000000000000318c                __divsf3x
                0x0000000000003190                __divsf3_pse
 .text.avr-libc.fplib
                0x0000000000003242        0xa /usr/lib/gcc/avr/4.8.1/../../../avr/lib/avr5/libm.a(fixsfsi.o)
                0x0000000000003242                __fixsfsi
 .text.avr-libc.fplib
                0x000000000000324c       0x58 /usr/lib/gcc/avr/4.8.1/../../../avr/lib/avr5/libm.a(fixunssfsi.o)
                0x000000000000324c                __fixunssfsi
 .text.avr-libc.fplib
                0x00000000000032a4       0x7a /usr/lib/gcc/avr/4.8.1/../../../avr/lib/avr5/libm.a(floatsisf.o)
                0x00000000000032a4                __floatunsisf
                0x00000000000032a8                __floatsisf
 .text.avr-libc.fplib
                0x000000000000331e       0x48 /usr/lib/gcc/avr/4.8.1/../../../avr/lib/avr5/libm.a(fp_cmp.o)
                0x000000000000331e                __fp_cmp
 .text.avr-libc.fplib
                0x0000000000003366        0xc /usr/lib/gcc/avr/4.8.1/../../../avr/lib/avr5/libm.a(fp_inf.o)
                0x0000000000003366                __fp_inf
 .text.avr-libc.fplib
                0x0000000000003372        0x6 /usr/lib/gcc/avr/4.8.1/../../../avr/lib/avr5/libm.a(fp_nan.o)
                0x0000000000003372                __fp_nan
 .text.avr-libc.fplib
                0x0000000000003378        0xe /usr/lib/gcc/avr/4.8.1/../../../avr/lib/avr5/libm.a(fp_pscA.o)
                0x0000000000003378                __fp_pscA
 .text.avr-libc.fplib
                0x0000000000003386        0xe /usr/lib/gcc/avr/4.8.1/../../../avr/lib/avr5/libm.a(fp_pscB.o)
                0x0000000000003386                __fp_pscB
 .text.avr-libc.fplib
                0x0000000000003394       0x22 /usr/lib/gcc/avr/4.8.1/../../../avr/lib/avr5/libm.a(fp_round.o)
                0x0000000000003394                __fp_round
 .text.avr-libc.fplib
                0x00000000000033b6       0x44 /usr/lib/gcc/avr/4.8.1/../../../avr/lib/avr5/libm.a(fp_split3.o)
                0x00000000000033b6                __fp_split3
                0x00000000000033c6                __fp_splitA
 .text.avr-libc.fplib
                0x00000000000033fa        0xe /usr/lib/gcc/avr/4.8.1/../../../avr/lib/avr5/libm.a(fp_zero.o)
                0x00000000000033fa                __fp_zero
                0x00000000000033fc                __fp_szero
 .text.avr-libc.fplib
                0x0000000000003408        0x8 /usr/lib/gcc/avr/4.8.1/../../../avr/lib/avr5/libm.a(gesf2.o)
                0x0000000000003408                __gtsf2
                0x0000000000003408                __gesf2
 .text.avr-libc.fplib
                0x0000000000003410        0x4 /usr/lib/gcc/avr/4.8.1/../../../avr/lib/avr5/libm.a(mulsf3.o)
                0x0000000000003410                __mulsf3
 .text.avr-libc.fplib
                0x0000000000003414       0xc2 /usr/lib/gcc/avr/4.8.1/../../../avr/lib/avr5/libm.a(mulsf3x.o)
                0x0000000000003428                __mulsf3x
                0x000000000000342c                __mulsf3_pse
 .text.avr-libc
                0x00000000000034d6      0x24e /usr/lib/gcc/avr/4.8.1/../../../avr/lib/avr5/libc.a(malloc.o)
                0x00000000000034d6                malloc
                0x0000000000003606                free
 .text.avr-libc
                0x0000000000003724       0xbc /usr/lib/gcc/avr/4.8.1/../../../avr/lib/avr5/libc.a(rand.o)
                0x00000000000037ba                rand_r
                0x00000000000037c0                rand
                0x00000000000037ca                srand
 .text.avr-libc
                0x00000000000037e0       0x16 /usr/lib/gcc/avr/4.8.1/../../../avr/lib/avr5/libc.a(itoa_ncheck.o)
                0x00000000000037e0                __itoa_ncheck
 .text.avr-libc
                0x00000000000037f6       0x34 /usr/lib/gcc/avr/4.8.1/../../../avr/lib/avr5/libc.a(utoa_ncheck.o)
                0x00000000000037f6                __utoa_ncheck
                0x00000000000037f8                __utoa_common
 .text.avr-libc
                0x000000000000382a       0x20 /usr/lib/gcc/avr/4.8.1/../../../avr/lib/avr5/libc.a(strrev.o)
                0x000000000000382a                strrev
 .text.libgcc.mul
                0x000000000000384a        0x0 /usr/lib/gcc/avr/4.8.1/avr5/libgcc.a(_divmodsi4.o)
 .text.libgcc.div
                0x000000000000384a       0x2e /usr/lib/gcc/avr/4.8.1/avr5/libgcc.a(_divmodsi4.o)
                0x000000000000384a                __divmodsi4
 .text.libgcc   0x0000000000003878        0x0 /usr/lib/gcc/avr/4.8.1/avr5/libgcc.a(_divmodsi4.o)
 .text.libgcc.prologue
                0x0000000000003878        0x0 /usr/lib/gcc/avr/4.8.1/avr5/libgcc.a(_divmodsi4.o)
 .text.libgcc.builtins
                0x0000000000003878        0x0 /usr/lib/gcc/avr/4.8.1/avr5/libgcc.a(_divmodsi4.o)
 .text.libgcc.fmul
                0x0000000000003878        0x0 /usr/lib/gcc/avr/4.8.1/avr5/libgcc.a(_divmodsi4.o)
 .text.libgcc.fixed
                0x0000000000003878        0x0 /usr/lib/gcc/avr/4.8.1/avr5/libgcc.a(_divmodsi4.o)
 .text.libgcc.mul
                0x0000000000003878        0x0 /usr/lib/gcc/avr/4.8.1/avr5/libgcc.a(_negsi2.o)
 .text.libgcc.div
                0x0000000000003878       0x10 /usr/lib/gcc/avr/4.8.1/avr5/libgcc.a(_negsi2.o)
                0x0000000000003878                __negsi2
 .text.libgcc   0x0000000000003888        0x0 /usr/lib/gcc/avr/4.8.1/avr5/libgcc.a(_negsi2.o)
 .text.libgcc.prologue
                0x0000000000003888        0x0 /usr/lib/gcc/avr/4.8.1/avr5/libgcc.a(_negsi2.o)
 .text.libgcc.builtins
                0x0000000000003888        0x0 /usr/lib/gcc/avr/4.8.1/avr5/libgcc.a(_negsi2.o)
 .text.libgcc.fmul
                0x0000000000003888        0x0 /usr/lib/gcc/avr/4.8.1/avr5/libgcc.a(_negsi2.o)
 .text.libgcc.fixed
                0x0000000000003888        0x0 /usr/lib/gcc/avr/4.8.1/avr5/libgcc.a(_negsi2.o)
 .text.libgcc.mul
                0x0000000000003888       0x16 /usr/lib/gcc/avr/4.8.1/avr5/libgcc.a(_muluhisi3.o)
                0x0000000000003888                __muluhisi3
 .text.libgcc.div
                0x000000000000389e        0x0 /usr/lib/gcc/avr/4.8.1/avr5/libgcc.a(_muluhisi3.o)
 .text.libgcc   0x000000000000389e        0x0 /usr/lib/gcc/avr/4.8.1/avr5/libgcc.a(_muluhisi3.o)
 .text.libgcc.prologue
                0x000000000000389e        0x0 /usr/lib/gcc/avr/4.8.1/avr5/libgcc.a(_muluhisi3.o)
 .text.libgcc.builtins
                0x000000000000389e        0x0 /usr/lib/gcc/avr/4.8.1/avr5/libgcc.a(_muluhisi3.o)
 .text.libgcc.fmul
                0x000000000000389e        0x0 /usr/lib/gcc/avr/4.8.1/avr5/libgcc.a(_muluhisi3.o)
 .text.libgcc.fixed
                0x000000000000389e        0x0 /usr/lib/gcc/avr/4.8.1/avr5/libgcc.a(_muluhisi3.o)
 .text.libgcc.mul
                0x000000000000389e       0x10 /usr/lib/gcc/avr/4.8.1/avr5/libgcc.a(_mulshisi3.o)
                0x000000000000389e                __mulshisi3
                0x00000000000038a4                __mulohisi3
 .text.libgcc.div
                0x00000000000038ae        0x0 /usr/lib/gcc/avr/4.8.1/avr5/libgcc.a(_mulshisi3.o)
 .text.libgcc   0x00000000000038ae        0x0 /usr/lib/gcc/avr/4.8.1/avr5/libgcc.a(_mulshisi3.o)
 .text.libgcc.prologue
                0x00000000000038ae        0x0 /usr/lib/gcc/avr/4.8.1/avr5/libgcc.a(_mulshisi3.o)
 .text.libgcc.builtins
                0x00000000000038ae        0x0 /usr/lib/gcc/avr/4.8.1/avr5/libgcc.a(_mulshisi3.o)
 .text.libgcc.fmul
                0x00000000000038ae        0x0 /usr/lib/gcc/avr/4.8.1/avr5/libgcc.a(_mulshisi3.o)
 .text.libgcc.fixed
                0x00000000000038ae        0x0 /usr/lib/gcc/avr/4.8.1/avr5/libgcc.a(_mulshisi3.o)
 .text.libgcc.mul
                0x00000000000038ae        0x0 /usr/lib/gcc/avr/4.8.1/avr5/libgcc.a(_udivmodsi4.o)
 .text.libgcc.div
                0x00000000000038ae       0x44 /usr/lib/gcc/avr/4.8.1/avr5/libgcc.a(_udivmodsi4.o)
                0x00000000000038ae                __udivmodsi4
 .text.libgcc   0x00000000000038f2        0x0 /usr/lib/gcc/avr/4.8.1/avr5/libgcc.a(_udivmodsi4.o)
 .text.libgcc.prologue
                0x00000000000038f2        0x0 /usr/lib/gcc/avr/4.8.1/avr5/libgcc.a(_udivmodsi4.o)
 .text.libgcc.builtins
                0x00000000000038f2        0x0 /usr/lib/gcc/avr/4.8.1/avr5/libgcc.a(_udivmodsi4.o)
 .text.libgcc.fmul
                0x00000000000038f2        0x0 /usr/lib/gcc/avr/4.8.1/avr5/libgcc.a(_udivmodsi4.o)
 .text.libgcc.fixed
                0x00000000000038f2        0x0 /usr/lib/gcc/avr/4.8.1/avr5/libgcc.a(_udivmodsi4.o)
 .text.libgcc.mul
                0x00000000000038f2       0x1e /usr/lib/gcc/avr/4.8.1/avr5/libgcc.a(_umulhisi3.o)
                0x00000000000038f2                __umulhisi3
 .text.libgcc.div
                0x0000000000003910        0x0 /usr/lib/gcc/avr/4.8.1/avr5/libgcc.a(_umulhisi3.o)
 .text.libgcc   0x0000000000003910        0x0 /usr/lib/gcc/avr/4.8.1/avr5/libgcc.a(_umulhisi3.o)
 .text.libgcc.prologue
                0x0000000000003910        0x0 /usr/lib/gcc/avr/4.8.1/avr5/libgcc.a(_umulhisi3.o)
 .text.libgcc.builtins
                0x0000000000003910        0x0 /usr/lib/gcc/avr/4.8.1/avr5/libgcc.a(_umulhisi3.o)
 .text.libgcc.fmul
                0x0000000000003910        0x0 /usr/lib/gcc/avr/4.8.1/avr5/libgcc.a(_umulhisi3.o)
 .text.libgcc.fixed
                0x0000000000003910        0x0 /usr/lib/gcc/avr/4.8.1/avr5/libgcc.a(_umulhisi3.o)
                0x0000000000003910                . = ALIGN (0x2)
 *(.fini9)
 .fini9         0x0000000000003910        0x0 /usr/lib/gcc/avr/4.8.1/avr5/libgcc.a(_exit.o)
                0x0000000000003910                exit
                0x0000000000003910                _exit
 *(.fini9)
 *(.fini8)
 *(.fini8)
 *(.fini7)
 *(.fini7)
 *(.fini6)
 *(.fini6)
 *(.fini5)
 *(.fini5)
 *(.fini4)
 *(.fini4)
 *(.fini3)
 *(.fini3)
 *(.fini2)
 *(.fini2)
 *(.fini1)
 *(.fini1)
 *(.fini0)
 .fini0         0x0000000000003910        0x4 /usr/lib/gcc/avr/4.8.1/avr5/libgcc.a(_exit.o)
 *(.fini0)
                0x0000000000003914                _etext = .

.data           0x0000000000800060      0x12e load address 0x0000000000003914
                0x0000000000800060                PROVIDE (__data_start, .)
 *(.data)
 .data          0x0000000000800060        0x0 /usr/lib/gcc/avr/4.8.1/../../../avr/lib/avr5/crtm32.o
 .data          0x0000000000800060        0x1 obj/Release/d_led.o
 .data          0x0000000000800061        0x0 obj/Release/delay_lib.o
 .data          0x0000000000800061        0x0 obj/Release/EEPROM.o
 .data          0x0000000000800061        0x0 obj/Release/HD44780.o
 .data          0x0000000000800061        0x0 obj/Release/i2c.o
 .data          0x0000000000800061        0x0 obj/Release/ir_decode.o
 .data          0x0000000000800061        0x0 obj/Release/lockers.o
 .data          0x0000000000800061        0x0 obj/Release/main.o
 .data          0x0000000000800061        0x0 obj/Release/PCF8583.o
 .data          0x0000000000800061        0x0 obj/Release/random_generator.o
 .data          0x0000000000800061        0x0 obj/Release/termometer.o
 .data          0x0000000000800061        0x0 /usr/lib/gcc/avr/4.8.1/avr5/libgcc.a(_udivmodqi4.o)
 .data          0x0000000000800061        0x0 /usr/lib/gcc/avr/4.8.1/avr5/libgcc.a(_udivmodhi4.o)
 .data          0x0000000000800061        0x0 /usr/lib/gcc/avr/4.8.1/avr5/libgcc.a(_divmodhi4.o)
 .data          0x0000000000800061        0x0 /usr/lib/gcc/avr/4.8.1/avr5/libgcc.a(_exit.o)
 .data          0x0000000000800061        0x0 /usr/lib/gcc/avr/4.8.1/avr5/libgcc.a(_tablejump.o)
 .data          0x0000000000800061        0x0 /usr/lib/gcc/avr/4.8.1/avr5/libgcc.a(_copy_data.o)
 .data          0x0000000000800061        0x0 /usr/lib/gcc/avr/4.8.1/avr5/libgcc.a(_clear_bss.o)
 .data          0x0000000000800061        0x0 /usr/lib/gcc/avr/4.8.1/../../../avr/lib/avr5/libm.a(addsf3.o)
 .data          0x0000000000800061        0x0 /usr/lib/gcc/avr/4.8.1/../../../avr/lib/avr5/libm.a(addsf3x.o)
 .data          0x0000000000800061        0x0 /usr/lib/gcc/avr/4.8.1/../../../avr/lib/avr5/libm.a(cmpsf2.o)
 .data          0x0000000000800061        0x0 /usr/lib/gcc/avr/4.8.1/../../../avr/lib/avr5/libm.a(divsf3.o)
 .data          0x0000000000800061        0x0 /usr/lib/gcc/avr/4.8.1/../../../avr/lib/avr5/libm.a(divsf3x.o)
 .data          0x0000000000800061        0x0 /usr/lib/gcc/avr/4.8.1/../../../avr/lib/avr5/libm.a(fixsfsi.o)
 .data          0x0000000000800061        0x0 /usr/lib/gcc/avr/4.8.1/../../../avr/lib/avr5/libm.a(fixunssfsi.o)
 .data          0x0000000000800061        0x0 /usr/lib/gcc/avr/4.8.1/../../../avr/lib/avr5/libm.a(floatsisf.o)
 .data          0x0000000000800061        0x0 /usr/lib/gcc/avr/4.8.1/../../../avr/lib/avr5/libm.a(fp_cmp.o)
 .data          0x0000000000800061        0x0 /usr/lib/gcc/avr/4.8.1/../../../avr/lib/avr5/libm.a(fp_inf.o)
 .data          0x0000000000800061        0x0 /usr/lib/gcc/avr/4.8.1/../../../avr/lib/avr5/libm.a(fp_nan.o)
 .data          0x0000000000800061        0x0 /usr/lib/gcc/avr/4.8.1/../../../avr/lib/avr5/libm.a(fp_pscA.o)
 .data          0x0000000000800061        0x0 /usr/lib/gcc/avr/4.8.1/../../../avr/lib/avr5/libm.a(fp_pscB.o)
 .data          0x0000000000800061        0x0 /usr/lib/gcc/avr/4.8.1/../../../avr/lib/avr5/libm.a(fp_round.o)
 .data          0x0000000000800061        0x0 /usr/lib/gcc/avr/4.8.1/../../../avr/lib/avr5/libm.a(fp_split3.o)
 .data          0x0000000000800061        0x0 /usr/lib/gcc/avr/4.8.1/../../../avr/lib/avr5/libm.a(fp_zero.o)
 .data          0x0000000000800061        0x0 /usr/lib/gcc/avr/4.8.1/../../../avr/lib/avr5/libm.a(gesf2.o)
 .data          0x0000000000800061        0x0 /usr/lib/gcc/avr/4.8.1/../../../avr/lib/avr5/libm.a(mulsf3.o)
 .data          0x0000000000800061        0x0 /usr/lib/gcc/avr/4.8.1/../../../avr/lib/avr5/libm.a(mulsf3x.o)
 .data          0x0000000000800061        0x6 /usr/lib/gcc/avr/4.8.1/../../../avr/lib/avr5/libc.a(malloc.o)
                0x0000000000800061                __malloc_heap_end
                0x0000000000800063                __malloc_heap_start
                0x0000000000800065                __malloc_margin
 .data          0x0000000000800067        0x4 /usr/lib/gcc/avr/4.8.1/../../../avr/lib/avr5/libc.a(rand.o)
 .data          0x000000000080006b        0x0 /usr/lib/gcc/avr/4.8.1/../../../avr/lib/avr5/libc.a(itoa_ncheck.o)
 .data          0x000000000080006b        0x0 /usr/lib/gcc/avr/4.8.1/../../../avr/lib/avr5/libc.a(utoa_ncheck.o)
 .data          0x000000000080006b        0x0 /usr/lib/gcc/avr/4.8.1/../../../avr/lib/avr5/libc.a(strrev.o)
 .data          0x000000000080006b        0x0 /usr/lib/gcc/avr/4.8.1/avr5/libgcc.a(_divmodsi4.o)
 .data          0x000000000080006b        0x0 /usr/lib/gcc/avr/4.8.1/avr5/libgcc.a(_negsi2.o)
 .data          0x000000000080006b        0x0 /usr/lib/gcc/avr/4.8.1/avr5/libgcc.a(_muluhisi3.o)
 .data          0x000000000080006b        0x0 /usr/lib/gcc/avr/4.8.1/avr5/libgcc.a(_mulshisi3.o)
 .data          0x000000000080006b        0x0 /usr/lib/gcc/avr/4.8.1/avr5/libgcc.a(_udivmodsi4.o)
 .data          0x000000000080006b        0x0 /usr/lib/gcc/avr/4.8.1/avr5/libgcc.a(_umulhisi3.o)
 *(.data*)
 *(.rodata)
 .rodata        0x000000000080006b       0x50 obj/Release/main.o
 *(.rodata*)
 .rodata.str1.1
                0x0000000000000000        0x0 obj/Release/HD44780.o
                                          0x2 (size before relaxing)
 .rodata.str1.1
                0x00000000008000bb       0xd2 obj/Release/main.o
                                         0xd8 (size before relaxing)
 *(.gnu.linkonce.d*)
                0x000000000080018e                . = ALIGN (0x2)
 *fill*         0x000000000080018d        0x1 
                0x000000000080018e                _edata = .
                0x000000000080018e                PROVIDE (__data_end, .)

.bss            0x000000000080018e       0x2f
                0x000000000080018e                PROVIDE (__bss_start, .)
 *(.bss)
 .bss           0x000000000080018e        0x0 /usr/lib/gcc/avr/4.8.1/../../../avr/lib/avr5/crtm32.o
 .bss           0x000000000080018e        0x0 obj/Release/d_led.o
 .bss           0x000000000080018e        0x0 obj/Release/delay_lib.o
 .bss           0x000000000080018e        0x0 obj/Release/EEPROM.o
 .bss           0x000000000080018e        0x0 obj/Release/HD44780.o
 .bss           0x000000000080018e        0x0 obj/Release/i2c.o
 .bss           0x000000000080018e        0x6 obj/Release/ir_decode.o
 .bss           0x0000000000800194        0x0 obj/Release/lockers.o
 .bss           0x0000000000800194        0x0 obj/Release/main.o
 .bss           0x0000000000800194        0x0 obj/Release/PCF8583.o
 .bss           0x0000000000800194        0x0 obj/Release/random_generator.o
 .bss           0x0000000000800194        0x0 obj/Release/termometer.o
 .bss           0x0000000000800194        0x0 /usr/lib/gcc/avr/4.8.1/avr5/libgcc.a(_udivmodqi4.o)
 .bss           0x0000000000800194        0x0 /usr/lib/gcc/avr/4.8.1/avr5/libgcc.a(_udivmodhi4.o)
 .bss           0x0000000000800194        0x0 /usr/lib/gcc/avr/4.8.1/avr5/libgcc.a(_divmodhi4.o)
 .bss           0x0000000000800194        0x0 /usr/lib/gcc/avr/4.8.1/avr5/libgcc.a(_exit.o)
 .bss           0x0000000000800194        0x0 /usr/lib/gcc/avr/4.8.1/avr5/libgcc.a(_tablejump.o)
 .bss           0x0000000000800194        0x0 /usr/lib/gcc/avr/4.8.1/avr5/libgcc.a(_copy_data.o)
 .bss           0x0000000000800194        0x0 /usr/lib/gcc/avr/4.8.1/avr5/libgcc.a(_clear_bss.o)
 .bss           0x0000000000800194        0x0 /usr/lib/gcc/avr/4.8.1/../../../avr/lib/avr5/libm.a(addsf3.o)
 .bss           0x0000000000800194        0x0 /usr/lib/gcc/avr/4.8.1/../../../avr/lib/avr5/libm.a(addsf3x.o)
 .bss           0x0000000000800194        0x0 /usr/lib/gcc/avr/4.8.1/../../../avr/lib/avr5/libm.a(cmpsf2.o)
 .bss           0x0000000000800194        0x0 /usr/lib/gcc/avr/4.8.1/../../../avr/lib/avr5/libm.a(divsf3.o)
 .bss           0x0000000000800194        0x0 /usr/lib/gcc/avr/4.8.1/../../../avr/lib/avr5/libm.a(divsf3x.o)
 .bss           0x0000000000800194        0x0 /usr/lib/gcc/avr/4.8.1/../../../avr/lib/avr5/libm.a(fixsfsi.o)
 .bss           0x0000000000800194        0x0 /usr/lib/gcc/avr/4.8.1/../../../avr/lib/avr5/libm.a(fixunssfsi.o)
 .bss           0x0000000000800194        0x0 /usr/lib/gcc/avr/4.8.1/../../../avr/lib/avr5/libm.a(floatsisf.o)
 .bss           0x0000000000800194        0x0 /usr/lib/gcc/avr/4.8.1/../../../avr/lib/avr5/libm.a(fp_cmp.o)
 .bss           0x0000000000800194        0x0 /usr/lib/gcc/avr/4.8.1/../../../avr/lib/avr5/libm.a(fp_inf.o)
 .bss           0x0000000000800194        0x0 /usr/lib/gcc/avr/4.8.1/../../../avr/lib/avr5/libm.a(fp_nan.o)
 .bss           0x0000000000800194        0x0 /usr/lib/gcc/avr/4.8.1/../../../avr/lib/avr5/libm.a(fp_pscA.o)
 .bss           0x0000000000800194        0x0 /usr/lib/gcc/avr/4.8.1/../../../avr/lib/avr5/libm.a(fp_pscB.o)
 .bss           0x0000000000800194        0x0 /usr/lib/gcc/avr/4.8.1/../../../avr/lib/avr5/libm.a(fp_round.o)
 .bss           0x0000000000800194        0x0 /usr/lib/gcc/avr/4.8.1/../../../avr/lib/avr5/libm.a(fp_split3.o)
 .bss           0x0000000000800194        0x0 /usr/lib/gcc/avr/4.8.1/../../../avr/lib/avr5/libm.a(fp_zero.o)
 .bss           0x0000000000800194        0x0 /usr/lib/gcc/avr/4.8.1/../../../avr/lib/avr5/libm.a(gesf2.o)
 .bss           0x0000000000800194        0x0 /usr/lib/gcc/avr/4.8.1/../../../avr/lib/avr5/libm.a(mulsf3.o)
 .bss           0x0000000000800194        0x0 /usr/lib/gcc/avr/4.8.1/../../../avr/lib/avr5/libm.a(mulsf3x.o)
 .bss           0x0000000000800194        0x0 /usr/lib/gcc/avr/4.8.1/../../../avr/lib/avr5/libc.a(malloc.o)
 .bss           0x0000000000800194        0x0 /usr/lib/gcc/avr/4.8.1/../../../avr/lib/avr5/libc.a(rand.o)
 .bss           0x0000000000800194        0x0 /usr/lib/gcc/avr/4.8.1/../../../avr/lib/avr5/libc.a(itoa_ncheck.o)
 .bss           0x0000000000800194        0x0 /usr/lib/gcc/avr/4.8.1/../../../avr/lib/avr5/libc.a(utoa_ncheck.o)
 .bss           0x0000000000800194        0x0 /usr/lib/gcc/avr/4.8.1/../../../avr/lib/avr5/libc.a(strrev.o)
 .bss           0x0000000000800194        0x0 /usr/lib/gcc/avr/4.8.1/avr5/libgcc.a(_divmodsi4.o)
 .bss           0x0000000000800194        0x0 /usr/lib/gcc/avr/4.8.1/avr5/libgcc.a(_negsi2.o)
 .bss           0x0000000000800194        0x0 /usr/lib/gcc/avr/4.8.1/avr5/libgcc.a(_muluhisi3.o)
 .bss           0x0000000000800194        0x0 /usr/lib/gcc/avr/4.8.1/avr5/libgcc.a(_mulshisi3.o)
 .bss           0x0000000000800194        0x0 /usr/lib/gcc/avr/4.8.1/avr5/libgcc.a(_udivmodsi4.o)
 .bss           0x0000000000800194        0x0 /usr/lib/gcc/avr/4.8.1/avr5/libgcc.a(_umulhisi3.o)
 *(.bss*)
 *(COMMON)
 COMMON         0x0000000000800194        0x4 obj/Release/d_led.o
                0x0000000000800194                cy4
                0x0000000000800195                cy1
                0x0000000000800196                cy2
                0x0000000000800197                cy3
 COMMON         0x0000000000800198        0x5 obj/Release/ir_decode.o
                0x0000000000800198                toggle_bit
                0x0000000000800199                address
                0x000000000080019a                command
                0x000000000080019b                rc5cnt
                0x000000000080019c                Ir_key_press_flag
 COMMON         0x000000000080019d       0x16 obj/Release/lockers.o
                0x000000000080019d                states_table
                0x000000000080019f                save_info_table
                0x00000000008001a1                lockers_address_of_frame
                0x00000000008001a2                hsek
                0x00000000008001a3                godz
                0x00000000008001a4                min
                0x00000000008001a5                miesiac
                0x00000000008001a6                frame
                0x00000000008001ae                sek
                0x00000000008001af                rok
                0x00000000008001b1                dzien_tygodnia
                0x00000000008001b2                dzien
 COMMON         0x00000000008001b3        0x4 obj/Release/main.o
                0x00000000008001b3                cnt
                0x00000000008001b4                interr
                0x00000000008001b5                ds18b20_pad
 COMMON         0x00000000008001b7        0x2 obj/Release/random_generator.o
                0x00000000008001b7                pwm1
                0x00000000008001b8                pwm2
 COMMON         0x00000000008001b9        0x4 /usr/lib/gcc/avr/4.8.1/../../../avr/lib/avr5/libc.a(malloc.o)
                0x00000000008001b9                __brkval
                0x00000000008001bb                __flp
                0x00000000008001bd                PROVIDE (__bss_end, .)
                0x0000000000003914                __data_load_start = LOADADDR (.data)
                0x0000000000003a42                __data_load_end = (__data_load_start + SIZEOF (.data))

.noinit         0x00000000008001bd        0x0
                0x00000000008001bd                PROVIDE (__noinit_start, .)
 *(.noinit*)
                0x00000000008001bd                PROVIDE (__noinit_end, .)
                0x00000000008001bd                _end = .
                0x00000000008001bd                PROVIDE (__heap_start, .)

.eeprom         0x0000000000810000        0x0
 *(.eeprom*)
                0x0000000000810000                __eeprom_end = .

.fuse
 *(.fuse)
 *(.lfuse)
 *(.hfuse)
 *(.efuse)

.lock
 *(.lock*)

.signature
 *(.signature*)

.user_signatures
 *(.user_signatures*)

.stab
 *(.stab)

.stabstr
 *(.stabstr)

.stab.excl
 *(.stab.excl)

.stab.exclstr
 *(.stab.exclstr)

.stab.index
 *(.stab.index)

.stab.indexstr
 *(.stab.indexstr)

.comment        0x0000000000000000       0x11
 *(.comment)
 .comment       0x0000000000000000       0x11 obj/Release/d_led.o
                                         0x12 (size before relaxing)
 .comment       0x0000000000000000       0x12 obj/Release/delay_lib.o
 .comment       0x0000000000000000       0x12 obj/Release/EEPROM.o
 .comment       0x0000000000000000       0x12 obj/Release/HD44780.o
 .comment       0x0000000000000000       0x12 obj/Release/i2c.o
 .comment       0x0000000000000000       0x12 obj/Release/ir_decode.o
 .comment       0x0000000000000000       0x12 obj/Release/lockers.o
 .comment       0x0000000000000000       0x12 obj/Release/main.o
 .comment       0x0000000000000000       0x12 obj/Release/PCF8583.o
 .comment       0x0000000000000000       0x12 obj/Release/random_generator.o
 .comment       0x0000000000000000       0x12 obj/Release/termometer.o
 .comment       0x0000000000000000       0x12 /usr/lib/gcc/avr/4.8.1/../../../avr/lib/avr5/libc.a(malloc.o)
 .comment       0x0000000000000000       0x12 /usr/lib/gcc/avr/4.8.1/../../../avr/lib/avr5/libc.a(rand.o)

.note.gnu.build-id
 *(.note.gnu.build-id)

.debug
 *(.debug)

.line
 *(.line)

.debug_srcinfo
 *(.debug_srcinfo)

.debug_sfnames
 *(.debug_sfnames)

.debug_aranges
 *(.debug_aranges)

.debug_pubnames
 *(.debug_pubnames)

.debug_info
 *(.debug_info .gnu.linkonce.wi.*)

.debug_abbrev
 *(.debug_abbrev)

.debug_line
 *(.debug_line .debug_line.* .debug_line_end)

.debug_frame
 *(.debug_frame)

.debug_str
 *(.debug_str)

.debug_loc
 *(.debug_loc)

.debug_macinfo
 *(.debug_macinfo)

.debug_weaknames
 *(.debug_weaknames)

.debug_funcnames
 *(.debug_funcnames)

.debug_typenames
 *(.debug_typenames)

.debug_varnames
 *(.debug_varnames)

.debug_pubtypes
 *(.debug_pubtypes)

.debug_ranges
 *(.debug_ranges)

.debug_macro
 *(.debug_macro)
OUTPUT(bin/Release/Projekt.elf elf32-avr)
LOAD linker stubs

Cross Reference Table

Symbol                                            File
EEPROM_read                                       obj/Release/EEPROM.o
                                                  obj/Release/lockers.o
EEPROM_read_word                                  obj/Release/EEPROM.o
                                                  obj/Release/lockers.o
EEPROM_write                                      obj/Release/EEPROM.o
                                                  obj/Release/lockers.o
EEPROM_write_word                                 obj/Release/EEPROM.o
                                                  obj/Release/lockers.o
Ir_key_press_flag                                 obj/Release/ir_decode.o
                                                  obj/Release/main.o
LCD_Clear                                         obj/Release/HD44780.o
                                                  obj/Release/main.o
LCD_Displaying                                    obj/Release/HD44780.o
                                                  obj/Release/main.o
LCD_Double                                        obj/Release/HD44780.o
                                                  obj/Release/main.o
LCD_Erase                                         obj/Release/HD44780.o
                                                  obj/Release/main.o
LCD_GoTo                                          obj/Release/HD44780.o
                                                  obj/Release/main.o
LCD_Hex                                           obj/Release/HD44780.o
LCD_Home                                          obj/Release/HD44780.o
                                                  obj/Release/main.o
LCD_Initalize                                     obj/Release/HD44780.o
                                                  obj/Release/main.o
LCD_Int                                           obj/Release/HD44780.o
                                                  obj/Release/main.o
LCD_MoveLeft                                      obj/Release/HD44780.o
                                                  obj/Release/main.o
LCD_MoveRight                                     obj/Release/HD44780.o
                                                  obj/Release/main.o
LCD_ReadData                                      obj/Release/HD44780.o
                                                  obj/Release/main.o
LCD_ReadStatus                                    obj/Release/HD44780.o
LCD_WriteCommand                                  obj/Release/HD44780.o
LCD_WriteData                                     obj/Release/HD44780.o
                                                  obj/Release/main.o
LCD_WriteText                                     obj/Release/HD44780.o
                                                  obj/Release/main.o
OneWireReadByte                                   obj/Release/termometer.o
OneWireReset                                      obj/Release/termometer.o
OneWireStrong                                     obj/Release/termometer.o
OneWireWriteByte                                  obj/Release/termometer.o
PCF8583_alarm_every_day                           obj/Release/PCF8583.o
PCF8583_alarm_flag_off                            obj/Release/PCF8583.o
                                                  obj/Release/main.o
PCF8583_alarm_monthly                             obj/Release/PCF8583.o
PCF8583_alarm_off                                 obj/Release/PCF8583.o
PCF8583_alarm_weekly                              obj/Release/PCF8583.o
PCF8583_get_alarm_date                            obj/Release/PCF8583.o
PCF8583_get_alarm_time                            obj/Release/PCF8583.o
PCF8583_get_date                                  obj/Release/PCF8583.o
PCF8583_get_time                                  obj/Release/PCF8583.o
PCF8583_get_wall_alarm                            obj/Release/PCF8583.o
                                                  obj/Release/main.o
PCF8583_get_wall_time                             obj/Release/PCF8583.o
                                                  obj/Release/main.o
                                                  obj/Release/lockers.o
PCF8583_hold_off                                  obj/Release/PCF8583.o
PCF8583_hold_on                                   obj/Release/PCF8583.o
PCF8583_init                                      obj/Release/PCF8583.o
                                                  obj/Release/main.o
PCF8583_mask_off                                  obj/Release/PCF8583.o
PCF8583_mask_on                                   obj/Release/PCF8583.o
PCF8583_read                                      obj/Release/PCF8583.o
PCF8583_read_bcd                                  obj/Release/PCF8583.o
PCF8583_recognise_type_of_alarm                   obj/Release/PCF8583.o
                                                  obj/Release/main.o
PCF8583_set_alarm_date                            obj/Release/PCF8583.o
PCF8583_set_alarm_time                            obj/Release/PCF8583.o
PCF8583_set_date                                  obj/Release/PCF8583.o
                                                  obj/Release/main.o
PCF8583_set_monthly_alarm                         obj/Release/PCF8583.o
PCF8583_set_time                                  obj/Release/PCF8583.o
                                                  obj/Release/main.o
PCF8583_set_weekly_alarm                          obj/Release/PCF8583.o
PCF8583_start                                     obj/Release/PCF8583.o
PCF8583_stop                                      obj/Release/PCF8583.o
PCF8583_write                                     obj/Release/PCF8583.o
PCF8583_write_bcd                                 obj/Release/PCF8583.o
PCF8583_write_date                                obj/Release/PCF8583.o
PCF8583_write_month_dayOfWeek                     obj/Release/PCF8583.o
PCF8583_write_word                                obj/Release/PCF8583.o
_LCD_InNibble                                     obj/Release/HD44780.o
_LCD_OutNibble                                    obj/Release/HD44780.o
_LCD_Read                                         obj/Release/HD44780.o
_LCD_Write                                        obj/Release/HD44780.o
__addsf3                                          /usr/lib/gcc/avr/4.8.1/../../../avr/lib/avr5/libm.a(addsf3.o)
__addsf3x                                         /usr/lib/gcc/avr/4.8.1/../../../avr/lib/avr5/libm.a(addsf3x.o)
                                                  /usr/lib/gcc/avr/4.8.1/../../../avr/lib/avr5/libm.a(addsf3.o)
__bad_interrupt                                   /usr/lib/gcc/avr/4.8.1/../../../avr/lib/avr5/crtm32.o
__brkval                                          /usr/lib/gcc/avr/4.8.1/../../../avr/lib/avr5/libc.a(malloc.o)
__bss_end                                         /usr/lib/gcc/avr/4.8.1/avr5/libgcc.a(_clear_bss.o)
__bss_start                                       /usr/lib/gcc/avr/4.8.1/avr5/libgcc.a(_clear_bss.o)
__cmpsf2                                          /usr/lib/gcc/avr/4.8.1/../../../avr/lib/avr5/libm.a(cmpsf2.o)
__data_end                                        /usr/lib/gcc/avr/4.8.1/avr5/libgcc.a(_copy_data.o)
__data_load_start                                 /usr/lib/gcc/avr/4.8.1/avr5/libgcc.a(_copy_data.o)
__data_start                                      /usr/lib/gcc/avr/4.8.1/avr5/libgcc.a(_copy_data.o)
__divmodhi4                                       /usr/lib/gcc/avr/4.8.1/avr5/libgcc.a(_divmodhi4.o)
                                                  obj/Release/main.o
                                                  obj/Release/d_led.o
__divmodsi4                                       /usr/lib/gcc/avr/4.8.1/avr5/libgcc.a(_divmodsi4.o)
                                                  /usr/lib/gcc/avr/4.8.1/../../../avr/lib/avr5/libc.a(rand.o)
__divsf3                                          /usr/lib/gcc/avr/4.8.1/../../../avr/lib/avr5/libm.a(divsf3.o)
                                                  obj/Release/delay_lib.o
__divsf3_pse                                      /usr/lib/gcc/avr/4.8.1/../../../avr/lib/avr5/libm.a(divsf3x.o)
__divsf3x                                         /usr/lib/gcc/avr/4.8.1/../../../avr/lib/avr5/libm.a(divsf3x.o)
                                                  /usr/lib/gcc/avr/4.8.1/../../../avr/lib/avr5/libm.a(divsf3.o)
__do_clear_bss                                    /usr/lib/gcc/avr/4.8.1/avr5/libgcc.a(_clear_bss.o)
                                                  /usr/lib/gcc/avr/4.8.1/../../../avr/lib/avr5/libc.a(malloc.o)
                                                  obj/Release/termometer.o
                                                  obj/Release/random_generator.o
                                                  obj/Release/PCF8583.o
                                                  obj/Release/main.o
                                                  obj/Release/lockers.o
                                                  obj/Release/ir_decode.o
                                                  obj/Release/d_led.o
__do_copy_data                                    /usr/lib/gcc/avr/4.8.1/avr5/libgcc.a(_copy_data.o)
                                                  /usr/lib/gcc/avr/4.8.1/../../../avr/lib/avr5/libc.a(rand.o)
                                                  /usr/lib/gcc/avr/4.8.1/../../../avr/lib/avr5/libc.a(malloc.o)
                                                  obj/Release/main.o
                                                  obj/Release/HD44780.o
                                                  obj/Release/d_led.o
__eqsf2                                           /usr/lib/gcc/avr/4.8.1/../../../avr/lib/avr5/libm.a(cmpsf2.o)
__fixsfsi                                         /usr/lib/gcc/avr/4.8.1/../../../avr/lib/avr5/libm.a(fixsfsi.o)
                                                  obj/Release/HD44780.o
__fixunssfsi                                      /usr/lib/gcc/avr/4.8.1/../../../avr/lib/avr5/libm.a(fixunssfsi.o)
                                                  /usr/lib/gcc/avr/4.8.1/../../../avr/lib/avr5/libm.a(fixsfsi.o)
                                                  obj/Release/HD44780.o
                                                  obj/Release/delay_lib.o
__floatsisf                                       /usr/lib/gcc/avr/4.8.1/../../../avr/lib/avr5/libm.a(floatsisf.o)
                                                  obj/Release/termometer.o
                                                  obj/Release/main.o
__floatunsisf                                     /usr/lib/gcc/avr/4.8.1/../../../avr/lib/avr5/libm.a(floatsisf.o)
                                                  obj/Release/HD44780.o
__flp                                             /usr/lib/gcc/avr/4.8.1/../../../avr/lib/avr5/libc.a(malloc.o)
__fp_cmp                                          /usr/lib/gcc/avr/4.8.1/../../../avr/lib/avr5/libm.a(fp_cmp.o)
                                                  /usr/lib/gcc/avr/4.8.1/../../../avr/lib/avr5/libm.a(gesf2.o)
                                                  /usr/lib/gcc/avr/4.8.1/../../../avr/lib/avr5/libm.a(cmpsf2.o)
__fp_inf                                          /usr/lib/gcc/avr/4.8.1/../../../avr/lib/avr5/libm.a(fp_inf.o)
                                                  /usr/lib/gcc/avr/4.8.1/../../../avr/lib/avr5/libm.a(mulsf3x.o)
                                                  /usr/lib/gcc/avr/4.8.1/../../../avr/lib/avr5/libm.a(divsf3x.o)
                                                  /usr/lib/gcc/avr/4.8.1/../../../avr/lib/avr5/libm.a(addsf3x.o)
__fp_nan                                          /usr/lib/gcc/avr/4.8.1/../../../avr/lib/avr5/libm.a(fp_nan.o)
                                                  /usr/lib/gcc/avr/4.8.1/../../../avr/lib/avr5/libm.a(mulsf3x.o)
                                                  /usr/lib/gcc/avr/4.8.1/../../../avr/lib/avr5/libm.a(divsf3x.o)
                                                  /usr/lib/gcc/avr/4.8.1/../../../avr/lib/avr5/libm.a(addsf3x.o)
__fp_pscA                                         /usr/lib/gcc/avr/4.8.1/../../../avr/lib/avr5/libm.a(fp_pscA.o)
                                                  /usr/lib/gcc/avr/4.8.1/../../../avr/lib/avr5/libm.a(mulsf3x.o)
                                                  /usr/lib/gcc/avr/4.8.1/../../../avr/lib/avr5/libm.a(divsf3x.o)
                                                  /usr/lib/gcc/avr/4.8.1/../../../avr/lib/avr5/libm.a(addsf3x.o)
__fp_pscB                                         /usr/lib/gcc/avr/4.8.1/../../../avr/lib/avr5/libm.a(fp_pscB.o)
                                                  /usr/lib/gcc/avr/4.8.1/../../../avr/lib/avr5/libm.a(mulsf3x.o)
                                                  /usr/lib/gcc/avr/4.8.1/../../../avr/lib/avr5/libm.a(divsf3x.o)
                                                  /usr/lib/gcc/avr/4.8.1/../../../avr/lib/avr5/libm.a(addsf3x.o)
__fp_round                                        /usr/lib/gcc/avr/4.8.1/../../../avr/lib/avr5/libm.a(fp_round.o)
                                                  /usr/lib/gcc/avr/4.8.1/../../../avr/lib/avr5/libm.a(mulsf3.o)
                                                  /usr/lib/gcc/avr/4.8.1/../../../avr/lib/avr5/libm.a(divsf3.o)
                                                  /usr/lib/gcc/avr/4.8.1/../../../avr/lib/avr5/libm.a(addsf3.o)
__fp_split3                                       /usr/lib/gcc/avr/4.8.1/../../../avr/lib/avr5/libm.a(fp_split3.o)
                                                  /usr/lib/gcc/avr/4.8.1/../../../avr/lib/avr5/libm.a(mulsf3x.o)
                                                  /usr/lib/gcc/avr/4.8.1/../../../avr/lib/avr5/libm.a(divsf3x.o)
                                                  /usr/lib/gcc/avr/4.8.1/../../../avr/lib/avr5/libm.a(addsf3x.o)
__fp_splitA                                       /usr/lib/gcc/avr/4.8.1/../../../avr/lib/avr5/libm.a(fp_split3.o)
                                                  /usr/lib/gcc/avr/4.8.1/../../../avr/lib/avr5/libm.a(fixunssfsi.o)
__fp_szero                                        /usr/lib/gcc/avr/4.8.1/../../../avr/lib/avr5/libm.a(fp_zero.o)
                                                  /usr/lib/gcc/avr/4.8.1/../../../avr/lib/avr5/libm.a(mulsf3x.o)
                                                  /usr/lib/gcc/avr/4.8.1/../../../avr/lib/avr5/libm.a(fixsfsi.o)
                                                  /usr/lib/gcc/avr/4.8.1/../../../avr/lib/avr5/libm.a(divsf3x.o)
__fp_zero                                         /usr/lib/gcc/avr/4.8.1/../../../avr/lib/avr5/libm.a(fp_zero.o)
                                                  /usr/lib/gcc/avr/4.8.1/../../../avr/lib/avr5/libm.a(fixunssfsi.o)
                                                  /usr/lib/gcc/avr/4.8.1/../../../avr/lib/avr5/libm.a(addsf3x.o)
__gesf2                                           /usr/lib/gcc/avr/4.8.1/../../../avr/lib/avr5/libm.a(gesf2.o)
__gtsf2                                           /usr/lib/gcc/avr/4.8.1/../../../avr/lib/avr5/libm.a(gesf2.o)
                                                  obj/Release/delay_lib.o
__heap_end                                        /usr/lib/gcc/avr/4.8.1/../../../avr/lib/avr5/crtm32.o
                                                  /usr/lib/gcc/avr/4.8.1/../../../avr/lib/avr5/libc.a(malloc.o)
__heap_start                                      /usr/lib/gcc/avr/4.8.1/../../../avr/lib/avr5/libc.a(malloc.o)
__init                                            /usr/lib/gcc/avr/4.8.1/../../../avr/lib/avr5/crtm32.o
__itoa_ncheck                                     /usr/lib/gcc/avr/4.8.1/../../../avr/lib/avr5/libc.a(itoa_ncheck.o)
                                                  obj/Release/HD44780.o
__lesf2                                           /usr/lib/gcc/avr/4.8.1/../../../avr/lib/avr5/libm.a(cmpsf2.o)
__ltsf2                                           /usr/lib/gcc/avr/4.8.1/../../../avr/lib/avr5/libm.a(cmpsf2.o)
                                                  obj/Release/delay_lib.o
__malloc_heap_end                                 /usr/lib/gcc/avr/4.8.1/../../../avr/lib/avr5/libc.a(malloc.o)
__malloc_heap_start                               /usr/lib/gcc/avr/4.8.1/../../../avr/lib/avr5/libc.a(malloc.o)
__malloc_margin                                   /usr/lib/gcc/avr/4.8.1/../../../avr/lib/avr5/libc.a(malloc.o)
__mulohisi3                                       /usr/lib/gcc/avr/4.8.1/avr5/libgcc.a(_mulshisi3.o)
                                                  /usr/lib/gcc/avr/4.8.1/../../../avr/lib/avr5/libc.a(rand.o)
__mulsf3                                          /usr/lib/gcc/avr/4.8.1/../../../avr/lib/avr5/libm.a(mulsf3.o)
                                                  obj/Release/termometer.o
                                                  obj/Release/HD44780.o
                                                  obj/Release/delay_lib.o
__mulsf3_pse                                      /usr/lib/gcc/avr/4.8.1/../../../avr/lib/avr5/libm.a(mulsf3x.o)
__mulsf3x                                         /usr/lib/gcc/avr/4.8.1/../../../avr/lib/avr5/libm.a(mulsf3x.o)
                                                  /usr/lib/gcc/avr/4.8.1/../../../avr/lib/avr5/libm.a(mulsf3.o)
__mulshisi3                                       /usr/lib/gcc/avr/4.8.1/avr5/libgcc.a(_mulshisi3.o)
__muluhisi3                                       /usr/lib/gcc/avr/4.8.1/avr5/libgcc.a(_muluhisi3.o)
                                                  /usr/lib/gcc/avr/4.8.1/avr5/libgcc.a(_mulshisi3.o)
                                                  /usr/lib/gcc/avr/4.8.1/../../../avr/lib/avr5/libc.a(rand.o)
__negsi2                                          /usr/lib/gcc/avr/4.8.1/avr5/libgcc.a(_negsi2.o)
                                                  /usr/lib/gcc/avr/4.8.1/avr5/libgcc.a(_divmodsi4.o)
__nesf2                                           /usr/lib/gcc/avr/4.8.1/../../../avr/lib/avr5/libm.a(cmpsf2.o)
__stack                                           /usr/lib/gcc/avr/4.8.1/../../../avr/lib/avr5/crtm32.o
__subsf3                                          /usr/lib/gcc/avr/4.8.1/../../../avr/lib/avr5/libm.a(addsf3.o)
                                                  obj/Release/HD44780.o
__tablejump2__                                    /usr/lib/gcc/avr/4.8.1/avr5/libgcc.a(_tablejump.o)
                                                  obj/Release/main.o
__tablejump__                                     /usr/lib/gcc/avr/4.8.1/avr5/libgcc.a(_tablejump.o)
__udivmodhi4                                      /usr/lib/gcc/avr/4.8.1/avr5/libgcc.a(_udivmodhi4.o)
                                                  /usr/lib/gcc/avr/4.8.1/avr5/libgcc.a(_divmodhi4.o)
                                                  obj/Release/i2c.o
__udivmodqi4                                      /usr/lib/gcc/avr/4.8.1/avr5/libgcc.a(_udivmodqi4.o)
                                                  obj/Release/PCF8583.o
                                                  obj/Release/main.o
__udivmodsi4                                      /usr/lib/gcc/avr/4.8.1/avr5/libgcc.a(_udivmodsi4.o)
                                                  /usr/lib/gcc/avr/4.8.1/avr5/libgcc.a(_divmodsi4.o)
__umulhisi3                                       /usr/lib/gcc/avr/4.8.1/avr5/libgcc.a(_umulhisi3.o)
                                                  /usr/lib/gcc/avr/4.8.1/avr5/libgcc.a(_muluhisi3.o)
__utoa_common                                     /usr/lib/gcc/avr/4.8.1/../../../avr/lib/avr5/libc.a(utoa_ncheck.o)
                                                  /usr/lib/gcc/avr/4.8.1/../../../avr/lib/avr5/libc.a(itoa_ncheck.o)
__utoa_ncheck                                     /usr/lib/gcc/avr/4.8.1/../../../avr/lib/avr5/libc.a(utoa_ncheck.o)
__vector_1                                        /usr/lib/gcc/avr/4.8.1/../../../avr/lib/avr5/crtm32.o
__vector_10                                       obj/Release/d_led.o
                                                  /usr/lib/gcc/avr/4.8.1/../../../avr/lib/avr5/crtm32.o
__vector_11                                       /usr/lib/gcc/avr/4.8.1/../../../avr/lib/avr5/crtm32.o
__vector_12                                       /usr/lib/gcc/avr/4.8.1/../../../avr/lib/avr5/crtm32.o
__vector_13                                       /usr/lib/gcc/avr/4.8.1/../../../avr/lib/avr5/crtm32.o
__vector_14                                       /usr/lib/gcc/avr/4.8.1/../../../avr/lib/avr5/crtm32.o
__vector_15                                       /usr/lib/gcc/avr/4.8.1/../../../avr/lib/avr5/crtm32.o
__vector_16                                       /usr/lib/gcc/avr/4.8.1/../../../avr/lib/avr5/crtm32.o
__vector_17                                       /usr/lib/gcc/avr/4.8.1/../../../avr/lib/avr5/crtm32.o
__vector_18                                       /usr/lib/gcc/avr/4.8.1/../../../avr/lib/avr5/crtm32.o
__vector_19                                       /usr/lib/gcc/avr/4.8.1/../../../avr/lib/avr5/crtm32.o
__vector_2                                        /usr/lib/gcc/avr/4.8.1/../../../avr/lib/avr5/crtm32.o
__vector_20                                       /usr/lib/gcc/avr/4.8.1/../../../avr/lib/avr5/crtm32.o
__vector_3                                        /usr/lib/gcc/avr/4.8.1/../../../avr/lib/avr5/crtm32.o
__vector_4                                        obj/Release/random_generator.o
                                                  /usr/lib/gcc/avr/4.8.1/../../../avr/lib/avr5/crtm32.o
__vector_5                                        /usr/lib/gcc/avr/4.8.1/../../../avr/lib/avr5/crtm32.o
__vector_6                                        obj/Release/ir_decode.o
                                                  /usr/lib/gcc/avr/4.8.1/../../../avr/lib/avr5/crtm32.o
__vector_7                                        /usr/lib/gcc/avr/4.8.1/../../../avr/lib/avr5/crtm32.o
__vector_8                                        /usr/lib/gcc/avr/4.8.1/../../../avr/lib/avr5/crtm32.o
__vector_9                                        /usr/lib/gcc/avr/4.8.1/../../../avr/lib/avr5/crtm32.o
__vector_default                                  /usr/lib/gcc/avr/4.8.1/../../../avr/lib/avr5/crtm32.o
__vectors                                         /usr/lib/gcc/avr/4.8.1/../../../avr/lib/avr5/crtm32.o
_div                                              /usr/lib/gcc/avr/4.8.1/avr5/libgcc.a(_divmodhi4.o)
_exit                                             /usr/lib/gcc/avr/4.8.1/avr5/libgcc.a(_exit.o)
address                                           obj/Release/ir_decode.o
                                                  obj/Release/main.o
bcd2bin                                           obj/Release/PCF8583.o
bin2bcd                                           obj/Release/PCF8583.o
buzzer                                            obj/Release/lockers.o
cnt                                               obj/Release/random_generator.o
                                                  obj/Release/main.o
command                                           obj/Release/ir_decode.o
                                                  obj/Release/main.o
cy1                                               obj/Release/d_led.o
                                                  obj/Release/main.o
cy2                                               obj/Release/d_led.o
                                                  obj/Release/main.o
cy3                                               obj/Release/d_led.o
                                                  obj/Release/main.o
cy4                                               obj/Release/d_led.o
                                                  obj/Release/main.o
cyfry                                             obj/Release/d_led.o
d_led_Int                                         obj/Release/d_led.o
d_led_init                                        obj/Release/d_led.o
                                                  obj/Release/main.o
delay_ms_var                                      obj/Release/delay_lib.o
                                                  obj/Release/main.o
                                                  obj/Release/lockers.o
                                                  obj/Release/HD44780.o
delay_ms_var_double                               obj/Release/delay_lib.o
                                                  obj/Release/main.o
delay_us_var                                      obj/Release/delay_lib.o
delay_us_var_double                               obj/Release/delay_lib.o
ds18b20_ConvertT                                  obj/Release/termometer.o
ds18b20_Read                                      obj/Release/termometer.o
ds18b20_pad                                       obj/Release/termometer.o
                                                  obj/Release/main.o
ds18b20_temperature                               obj/Release/termometer.o
                                                  obj/Release/main.o
dzien                                             obj/Release/random_generator.o
                                                  obj/Release/PCF8583.o
                                                  obj/Release/main.o
                                                  obj/Release/lockers.o
dzien_tygodnia                                    obj/Release/random_generator.o
                                                  obj/Release/PCF8583.o
                                                  obj/Release/main.o
                                                  obj/Release/lockers.o
exit                                              /usr/lib/gcc/avr/4.8.1/avr5/libgcc.a(_exit.o)
                                                  /usr/lib/gcc/avr/4.8.1/../../../avr/lib/avr5/crtm32.o
frame                                             obj/Release/main.o
                                                  obj/Release/lockers.o
free                                              /usr/lib/gcc/avr/4.8.1/../../../avr/lib/avr5/libc.a(malloc.o)
                                                  obj/Release/main.o
godz                                              obj/Release/random_generator.o
                                                  obj/Release/PCF8583.o
                                                  obj/Release/main.o
                                                  obj/Release/lockers.o
hsek                                              obj/Release/random_generator.o
                                                  obj/Release/PCF8583.o
                                                  obj/Release/main.o
                                                  obj/Release/lockers.o
i2cRead                                           obj/Release/i2c.o
                                                  obj/Release/PCF8583.o
                                                  obj/Release/EEPROM.o
i2cSetBitrate                                     obj/Release/i2c.o
                                                  obj/Release/main.o
i2cStart                                          obj/Release/i2c.o
                                                  obj/Release/PCF8583.o
                                                  obj/Release/EEPROM.o
i2cStop                                           obj/Release/i2c.o
                                                  obj/Release/PCF8583.o
                                                  obj/Release/EEPROM.o
i2cWrite                                          obj/Release/i2c.o
                                                  obj/Release/PCF8583.o
                                                  obj/Release/EEPROM.o
interr                                            obj/Release/random_generator.o
                                                  obj/Release/main.o
ir_init                                           obj/Release/ir_decode.o
                                                  obj/Release/main.o
locker_1_button                                   obj/Release/lockers.o
locker_2_button                                   obj/Release/lockers.o
lockers_address_of_frame                          obj/Release/main.o
                                                  obj/Release/lockers.o
lockers_beginning_actions                         obj/Release/lockers.o
                                                  obj/Release/main.o
lockers_check_events                              obj/Release/lockers.o
                                                  obj/Release/main.o
lockers_convert_address_to_index_of_frame         obj/Release/lockers.o
                                                  obj/Release/main.o
lockers_find_latest_data                          obj/Release/lockers.o
                                                  obj/Release/main.o
lockers_init                                      obj/Release/lockers.o
                                                  obj/Release/main.o
lockers_number_of_frames                          obj/Release/lockers.o
                                                  obj/Release/main.o
lockers_read_frame                                obj/Release/lockers.o
                                                  obj/Release/main.o
lockers_save_events                               obj/Release/lockers.o
lockers_state_of_single_button                    obj/Release/lockers.o
main                                              obj/Release/main.o
                                                  /usr/lib/gcc/avr/4.8.1/../../../avr/lib/avr5/crtm32.o
malloc                                            /usr/lib/gcc/avr/4.8.1/../../../avr/lib/avr5/libc.a(malloc.o)
                                                  obj/Release/main.o
miesiac                                           obj/Release/random_generator.o
                                                  obj/Release/PCF8583.o
                                                  obj/Release/main.o
                                                  obj/Release/lockers.o
min                                               obj/Release/random_generator.o
                                                  obj/Release/PCF8583.o
                                                  obj/Release/main.o
                                                  obj/Release/lockers.o
pilot_off                                         obj/Release/ir_decode.o
                                                  obj/Release/main.o
pilot_on                                          obj/Release/ir_decode.o
                                                  obj/Release/main.o
pwm1                                              obj/Release/random_generator.o
pwm2                                              obj/Release/random_generator.o
rand                                              /usr/lib/gcc/avr/4.8.1/../../../avr/lib/avr5/libc.a(rand.o)
                                                  obj/Release/main.o
rand_r                                            /usr/lib/gcc/avr/4.8.1/../../../avr/lib/avr5/libc.a(rand.o)
random_generator_init                             obj/Release/random_generator.o
                                                  obj/Release/main.o
rc5cnt                                            obj/Release/ir_decode.o
rok                                               obj/Release/random_generator.o
                                                  obj/Release/PCF8583.o
                                                  obj/Release/main.o
                                                  obj/Release/lockers.o
save_info_table                                   obj/Release/main.o
                                                  obj/Release/lockers.o
sek                                               obj/Release/random_generator.o
                                                  obj/Release/PCF8583.o
                                                  obj/Release/main.o
                                                  obj/Release/lockers.o
srand                                             /usr/lib/gcc/avr/4.8.1/../../../avr/lib/avr5/libc.a(rand.o)
states_table                                      obj/Release/main.o
                                                  obj/Release/lockers.o
stop_button                                       obj/Release/ir_decode.o
                                                  obj/Release/main.o
strrev                                            /usr/lib/gcc/avr/4.8.1/../../../avr/lib/avr5/libc.a(strrev.o)
                                                  /usr/lib/gcc/avr/4.8.1/../../../avr/lib/avr5/libc.a(utoa_ncheck.o)
toggle_bit                                        obj/Release/ir_decode.o
                                                  obj/Release/main.o
